{
  "check_count": 25,
  "checks": [
    {
      "check_id": "zip_member_names_are_unique",
      "detail": "duplicates=[]",
      "passed": true
    },
    {
      "check_id": "zip_paths_are_safe",
      "detail": "unsafe=[]",
      "passed": true
    },
    {
      "check_id": "zip_contains_no_symlinks",
      "detail": "symlinks=[]",
      "passed": true
    },
    {
      "check_id": "zip_has_one_anonsync_root",
      "detail": "roots=['AnonSync']",
      "passed": true
    },
    {
      "check_id": "required_files_present",
      "detail": "all required source, test, audit, and release files are present",
      "passed": true
    },
    {
      "check_id": "full_source_tree_present",
      "detail": "production implementation files=51 (minimum 20)",
      "passed": true
    },
    {
      "check_id": "full_header_tree_present",
      "detail": "production header files=41 (minimum 10)",
      "passed": true
    },
    {
      "check_id": "full_test_tree_present",
      "detail": "test implementation files=40 (minimum 10)",
      "passed": true
    },
    {
      "check_id": "generated_and_binary_artifacts_absent",
      "detail": "no VCS metadata, build trees, object files, binaries, or Python cache files",
      "passed": true
    },
    {
      "check_id": "release_gate_is_json_object",
      "detail": "RELEASE_GATE.json parses as one object",
      "passed": true
    },
    {
      "check_id": "release_gate_revision_is_canonical",
      "detail": "revision='rev0822'",
      "passed": true
    },
    {
      "check_id": "release_gate_revision_matches_expected",
      "detail": "expected=rev0822 actual=rev0822",
      "passed": true
    },
    {
      "check_id": "required_release_gate_passed",
      "detail": "the package may not publish a failed or absent required gate",
      "passed": true
    },
    {
      "check_id": "every_required_gate_entry_is_true",
      "detail": "all named required release conditions must be true",
      "passed": true
    },
    {
      "check_id": "revision_handoff_evidence_present",
      "detail": "revision notes, lineage, active projection, audit, and validation summary are present",
      "passed": true
    },
    {
      "check_id": "active_projection_format_supported",
      "detail": "format='anonsync-active-implementation-projection-v2'; absent format is the legacy v1 representation",
      "passed": true
    },
    {
      "check_id": "active_projection_digest_matches",
      "detail": "declared=7ca3fbc02792cf4a153ae46b99e9b823549198f9214831f02cb908c0790f6dfe actual=7ca3fbc02792cf4a153ae46b99e9b823549198f9214831f02cb908c0790f6dfe",
      "passed": true
    },
    {
      "check_id": "active_projection_file_count_matches",
      "detail": "declared=172 actual=172",
      "passed": true
    },
    {
      "check_id": "active_projection_byte_count_matches",
      "detail": "declared=15907430 actual=15907430",
      "passed": true
    },
    {
      "check_id": "active_projection_file_inventory_matches",
      "detail": "every active path, byte count, and file digest matches the recomputed projection",
      "passed": true
    },
    {
      "check_id": "active_projection_v2_binds_fuzz_sources",
      "detail": "fuzz source files=5",
      "passed": true
    },
    {
      "check_id": "manifest_parses",
      "detail": "manifest entries=1904",
      "passed": true
    },
    {
      "check_id": "manifest_has_exact_file_set",
      "detail": "missing=[] extra=[]",
      "passed": true
    },
    {
      "check_id": "manifest_hashes_verify",
      "detail": "every manifested file matches its SHA-256",
      "passed": true
    },
    {
      "check_id": "zip_crc_integrity_passes",
      "detail": "bad_member=None",
      "passed": true
    }
  ],
  "file_count": 1905,
  "forbidden_entries": [],
  "format": "anonsync-release-package-verification-v1",
  "kind": "zip",
  "manifest_entry_count": 1904,
  "passed": true,
  "passed_check_count": 25,
  "path": "/mnt/data/AnonSync-rev0822-2026.07.17.18.17-livebackup-identityseal-residentcapture-telemetryfence.zip",
  "revision": "rev0822",
  "source_cpp_count": 51,
  "source_header_count": 41,
  "test_cpp_count": 40
}
