{
  "audit": "sync_atomic_file_publication",
  "checks": [
    {
      "check_id": "required_files_exist",
      "detail": "focused header, implementation, regression test, audit, callers, and verifier are present",
      "passed": true
    },
    {
      "check_id": "header_owns_the_two_publication_entry_points",
      "detail": "one focused header declares heartbeat/file and CLI-report publication",
      "passed": true
    },
    {
      "check_id": "implementation_is_outside_the_core_monolith",
      "detail": "the source-ownership guard prevents accidental reabsorption into anonsync_core_lib",
      "passed": true
    },
    {
      "check_id": "dependency_direction_is_core_to_focused_owner",
      "detail": "focused owner has no reverse core dependency and core consumes it privately",
      "passed": true
    },
    {
      "check_id": "both_production_callers_use_the_focused_header",
      "detail": "heartbeat and operator CLI call the same separately owned implementation",
      "passed": true
    },
    {
      "check_id": "temp_names_are_unique_per_call_and_not_payload_derived",
      "detail": "temp basename binds destination, process, and monotone call nonce rather than shared payload bytes",
      "passed": true
    },
    {
      "check_id": "parent_directory_identity_is_bound_before_use",
      "detail": "terminal symlink rejection and lstat/fstat identity comparison do not trust open flags alone",
      "passed": true
    },
    {
      "check_id": "temp_creation_is_exclusive_directory_relative_and_private",
      "detail": "each writer reserves its own 0600 entry with openat(O_EXCL) and retries only collisions",
      "passed": true
    },
    {
      "check_id": "final_entry_type_is_interpreted_without_following_links",
      "detail": "existing symlinks and non-regular final entries are rejected relative to the pinned directory",
      "passed": true
    },
    {
      "check_id": "payload_is_fully_written_and_file_synced_before_publish",
      "detail": "short writes and EINTR are handled and the temp inode is synced before rename",
      "passed": true
    },
    {
      "check_id": "temp_path_ownership_is_inode_bound",
      "detail": "device/inode equality is re-proven before publication",
      "passed": true
    },
    {
      "check_id": "replacement_is_atomic_and_directory_relative",
      "detail": "source and destination names are resolved under the same pinned directory descriptor",
      "passed": true
    },
    {
      "check_id": "directory_entry_is_synced_after_linearization",
      "detail": "rename is the linearization point and post-rename fsync failure is reported as indeterminate durability",
      "passed": true
    },
    {
      "check_id": "cleanup_never_deletes_a_guessed_or_foreign_temp",
      "detail": "failure cleanup is pre-publication only and requires exact inode ownership",
      "passed": true
    },
    {
      "check_id": "focused_runtime_test_covers_race_and_path_adversaries",
      "detail": "threads, forked processes, complete-payload linearization, legacy-owner preservation, path types, mode, and residue are covered",
      "passed": true
    },
    {
      "check_id": "focused_library_and_test_are_guarded_from_core_linkage",
      "detail": "configure-time no-core dependency guard covers both targets",
      "passed": true
    },
    {
      "check_id": "focused_owner_is_in_sanitizer_lanes",
      "detail": "implementation and regression executable receive ASan/UBSan instrumentation and link flags",
      "passed": true
    },
    {
      "check_id": "runtime_and_source_audits_are_release_tests",
      "detail": "CTest registers both executable proof and structural audit",
      "passed": true
    },
    {
      "check_id": "release_verifier_requires_the_new_proof_surface",
      "detail": "package verification cannot silently omit the owner, test, or audit",
      "passed": true
    },
    {
      "check_id": "audit_is_not_self_satisfied_by_missing_logic",
      "detail": "the audit itself contains substantive architecture and adversarial checks",
      "passed": true
    }
  ],
  "passed": 20,
  "total": 20
}
