[  5%] Building C object CMakeFiles/anonsync_sqlite3.dir/third_party/sqlite-3.53.3/sqlite3.c.o
[ 11%] Building CXX object CMakeFiles/anonsync_sqlite_process_incarnation.dir/src/sync_sqlite_process_incarnation.cpp.o
[ 16%] Linking CXX static library libanonsync_sqlite_process_incarnation.a
[ 16%] Built target anonsync_sqlite_process_incarnation
[ 22%] Building CXX object CMakeFiles/anonsync_sha256_digest.dir/src/sha256_digest.cpp.o
[ 27%] Linking CXX static library libanonsync_sha256_digest.a
[ 27%] Built target anonsync_sha256_digest
[ 33%] Building CXX object CMakeFiles/anonsync_sqlite_schema_identity.dir/src/sync_sqlite_schema_identity.cpp.o
[ 33%] Linking CXX static library libanonsync_sqlite_schema_identity.a
[ 33%] Built target anonsync_sqlite_schema_identity
[ 33%] Building CXX object CMakeFiles/anonsync_sync_checkpoint_owner_fence_policy.dir/src/sync_checkpoint_owner_fence_policy.cpp.o
[ 38%] Linking CXX static library libanonsync_sync_checkpoint_owner_fence_policy.a
[ 38%] Built target anonsync_sync_checkpoint_owner_fence_policy
[ 38%] Linking C static library libanonsync_sqlite3.a
[ 38%] Built target anonsync_sqlite3
[ 38%] Building CXX object CMakeFiles/anonsync_sqlite_exact_value.dir/src/persistence/sqlite_exact_value.cpp.o
[ 44%] Linking CXX static library libanonsync_sqlite_exact_value.a
[ 44%] Built target anonsync_sqlite_exact_value
[ 50%] Building CXX object CMakeFiles/anonsync_sqlite_runtime.dir/src/sync_sqlite_runtime.cpp.o
[ 50%] Linking CXX static library libanonsync_sqlite_runtime.a
[ 50%] Built target anonsync_sqlite_runtime
[ 55%] Building CXX object CMakeFiles/anonsync_sqlite_support.dir/src/sync_sqlite_support.cpp.o
[ 55%] Building CXX object CMakeFiles/anonsync_sqlite_support.dir/src/sync_sqlite_handle_slot.cpp.o
[ 61%] Building CXX object CMakeFiles/anonsync_sqlite_support.dir/src/sync_sqlite_mutex_capability.cpp.o
[ 66%] Building CXX object CMakeFiles/anonsync_sqlite_support.dir/src/sync_sqlite_transaction.cpp.o
[ 72%] Building CXX object CMakeFiles/anonsync_sqlite_support.dir/src/sync_sqlite_connection_authority.cpp.o
[ 72%] Linking CXX static library libanonsync_sqlite_support.a
[ 72%] Built target anonsync_sqlite_support
[ 77%] Building CXX object CMakeFiles/anonsync_sync_checkpoint_owner_schema.dir/src/sync_checkpoint_owner_schema.cpp.o
[ 77%] Linking CXX static library libanonsync_sync_checkpoint_owner_schema.a
[ 77%] Built target anonsync_sync_checkpoint_owner_schema
[ 83%] Building CXX object CMakeFiles/anonsync_sync_checkpoint_owner_fence.dir/src/sync_checkpoint_owner_fence.cpp.o
[ 88%] Linking CXX static library libanonsync_sync_checkpoint_owner_fence.a
[ 88%] Built target anonsync_sync_checkpoint_owner_fence
[ 94%] Building CXX object CMakeFiles/anonsync_sync_checkpoint_owner_fence_sqlite_test.dir/tests/sync_checkpoint_owner_fence_sqlite_test.cpp.o
[100%] Linking CXX executable anonsync_sync_checkpoint_owner_fence_sqlite_test
[100%] Built target anonsync_sync_checkpoint_owner_fence_sqlite_test
