This is pdfTeX, Version 3.141592653-2.6-1.40.24 (TeX Live 2022/Debian) (preloaded format=pdflatex 2025.11.4)  5 MAR 2026 06:06
entering extended mode
 restricted \write18 enabled.
 %&-line parsing enabled.
**SERIES_INDEX.tex
(./SERIES_INDEX.tex
LaTeX2e <2022-11-01> patch level 1
L3 programming layer <2023-01-16> (/usr/share/texlive/texmf-dist/tex/latex/base
/article.cls
Document Class: article 2022/07/02 v1.4n Standard LaTeX document class
(/usr/share/texlive/texmf-dist/tex/latex/base/size11.clo
File: size11.clo 2022/07/02 v1.4n Standard LaTeX file (size option)
)
\c@part=\count185
\c@section=\count186
\c@subsection=\count187
\c@subsubsection=\count188
\c@paragraph=\count189
\c@subparagraph=\count190
\c@figure=\count191
\c@table=\count192
\abovecaptionskip=\skip48
\belowcaptionskip=\skip49
\bibindent=\dimen140
) (/usr/share/texlive/texmf-dist/tex/latex/geometry/geometry.sty
Package: geometry 2020/01/02 v5.9 Page Geometry
(/usr/share/texlive/texmf-dist/tex/latex/graphics/keyval.sty
Package: keyval 2022/05/29 v1.15 key=value parser (DPC)
\KV@toks@=\toks16
) (/usr/share/texlive/texmf-dist/tex/generic/iftex/ifvtex.sty
Package: ifvtex 2019/10/25 v1.7 ifvtex legacy package. Use iftex instead.
(/usr/share/texlive/texmf-dist/tex/generic/iftex/iftex.sty
Package: iftex 2022/02/03 v1.0f TeX engine tests
))
\Gm@cnth=\count193
\Gm@cntv=\count194
\c@Gm@tempcnt=\count195
\Gm@bindingoffset=\dimen141
\Gm@wd@mp=\dimen142
\Gm@odd@mp=\dimen143
\Gm@even@mp=\dimen144
\Gm@layoutwidth=\dimen145
\Gm@layoutheight=\dimen146
\Gm@layouthoffset=\dimen147
\Gm@layoutvoffset=\dimen148
\Gm@dimlist=\toks17
) (/usr/share/texlive/texmf-dist/tex/latex/enumitem/enumitem.sty
Package: enumitem 2019/06/20 v3.9 Customized lists
\labelindent=\skip50
\enit@outerparindent=\dimen149
\enit@toks=\toks18
\enit@inbox=\box51
\enit@count@id=\count196
\enitdp@description=\count197
) (/usr/share/texlive/texmf-dist/tex/latex/hyperref/hyperref.sty
Package: hyperref 2022-11-13 v7.00u Hypertext links for LaTeX
(/usr/share/texlive/texmf-dist/tex/generic/ltxcmds/ltxcmds.sty
Package: ltxcmds 2020-05-10 v1.25 LaTeX kernel commands for general use (HO)
) (/usr/share/texlive/texmf-dist/tex/generic/pdftexcmds/pdftexcmds.sty
Package: pdftexcmds 2020-06-27 v0.33 Utility functions of pdfTeX for LuaTeX (HO
)
(/usr/share/texlive/texmf-dist/tex/generic/infwarerr/infwarerr.sty
Package: infwarerr 2019/12/03 v1.5 Providing info/warning/error messages (HO)
)
Package pdftexcmds Info: \pdf@primitive is available.
Package pdftexcmds Info: \pdf@ifprimitive is available.
Package pdftexcmds Info: \pdfdraftmode found.
) (/usr/share/texlive/texmf-dist/tex/latex/kvsetkeys/kvsetkeys.sty
Package: kvsetkeys 2022-10-05 v1.19 Key value parser (HO)
) (/usr/share/texlive/texmf-dist/tex/generic/kvdefinekeys/kvdefinekeys.sty
Package: kvdefinekeys 2019-12-19 v1.6 Define keys (HO)
) (/usr/share/texlive/texmf-dist/tex/generic/pdfescape/pdfescape.sty
Package: pdfescape 2019/12/09 v1.15 Implements pdfTeX's escape features (HO)
) (/usr/share/texlive/texmf-dist/tex/latex/hycolor/hycolor.sty
Package: hycolor 2020-01-27 v1.10 Color options for hyperref/bookmark (HO)
) (/usr/share/texlive/texmf-dist/tex/latex/letltxmacro/letltxmacro.sty
Package: letltxmacro 2019/12/03 v1.6 Let assignment for LaTeX macros (HO)
) (/usr/share/texlive/texmf-dist/tex/latex/auxhook/auxhook.sty
Package: auxhook 2019-12-17 v1.6 Hooks for auxiliary files (HO)
) (/usr/share/texlive/texmf-dist/tex/latex/hyperref/nameref.sty
Package: nameref 2022-05-17 v2.50 Cross-referencing by name of section
(/usr/share/texlive/texmf-dist/tex/latex/refcount/refcount.sty
Package: refcount 2019/12/15 v3.6 Data extraction from label references (HO)
) (/usr/share/texlive/texmf-dist/tex/generic/gettitlestring/gettitlestring.sty
Package: gettitlestring 2019/12/15 v1.6 Cleanup title references (HO)
(/usr/share/texlive/texmf-dist/tex/latex/kvoptions/kvoptions.sty
Package: kvoptions 2022-06-15 v3.15 Key value format for package options (HO)
))
\c@section@level=\count198
)
\@linkdim=\dimen150
\Hy@linkcounter=\count199
\Hy@pagecounter=\count266
(/usr/share/texlive/texmf-dist/tex/latex/hyperref/pd1enc.def
File: pd1enc.def 2022-11-13 v7.00u Hyperref: PDFDocEncoding definition (HO)
Now handling font encoding PD1 ...
... no UTF-8 mapping file for font encoding PD1
) (/usr/share/texlive/texmf-dist/tex/generic/intcalc/intcalc.sty
Package: intcalc 2019/12/15 v1.3 Expandable calculations with integers (HO)
) (/usr/share/texlive/texmf-dist/tex/generic/etexcmds/etexcmds.sty
Package: etexcmds 2019/12/15 v1.7 Avoid name clashes with e-TeX commands (HO)
)
\Hy@SavedSpaceFactor=\count267
(/usr/share/texlive/texmf-dist/tex/latex/hyperref/puenc.def
File: puenc.def 2022-11-13 v7.00u Hyperref: PDF Unicode definition (HO)
Now handling font encoding PU ...
... no UTF-8 mapping file for font encoding PU
)
Package hyperref Info: Hyper figures OFF on input line 4162.
Package hyperref Info: Link nesting OFF on input line 4167.
Package hyperref Info: Hyper index ON on input line 4170.
Package hyperref Info: Plain pages OFF on input line 4177.
Package hyperref Info: Backreferencing OFF on input line 4182.
Package hyperref Info: Implicit mode ON; LaTeX internals redefined.
Package hyperref Info: Bookmarks ON on input line 4410.
\c@Hy@tempcnt=\count268
(/usr/share/texlive/texmf-dist/tex/latex/url/url.sty
\Urlmuskip=\muskip16
Package: url 2013/09/16  ver 3.4  Verb mode for urls, etc.
)
LaTeX Info: Redefining \url on input line 4748.
\XeTeXLinkMargin=\dimen151
(/usr/share/texlive/texmf-dist/tex/generic/bitset/bitset.sty
Package: bitset 2019/12/09 v1.3 Handle bit-vector datatype (HO)
(/usr/share/texlive/texmf-dist/tex/generic/bigintcalc/bigintcalc.sty
Package: bigintcalc 2019/12/15 v1.5 Expandable calculations on big integers (HO
)
))
\Fld@menulength=\count269
\Field@Width=\dimen152
\Fld@charsize=\dimen153
Package hyperref Info: Hyper figures OFF on input line 6027.
Package hyperref Info: Link nesting OFF on input line 6032.
Package hyperref Info: Hyper index ON on input line 6035.
Package hyperref Info: backreferencing OFF on input line 6042.
Package hyperref Info: Link coloring OFF on input line 6047.
Package hyperref Info: Link coloring with OCG OFF on input line 6052.
Package hyperref Info: PDF/A mode OFF on input line 6057.
(/usr/share/texlive/texmf-dist/tex/latex/base/atbegshi-ltx.sty
Package: atbegshi-ltx 2021/01/10 v1.0c Emulation of the original atbegshi
package with kernel methods
)
\Hy@abspage=\count270
\c@Item=\count271
\c@Hfootnote=\count272
)
Package hyperref Info: Driver (autodetected): hpdftex.
(/usr/share/texlive/texmf-dist/tex/latex/hyperref/hpdftex.def
File: hpdftex.def 2022-11-13 v7.00u Hyperref driver for pdfTeX
(/usr/share/texlive/texmf-dist/tex/latex/base/atveryend-ltx.sty
Package: atveryend-ltx 2020/08/19 v1.0a Emulation of the original atveryend pac
kage
with kernel methods
)
\Fld@listcount=\count273
\c@bookmark@seq@number=\count274
(/usr/share/texlive/texmf-dist/tex/latex/rerunfilecheck/rerunfilecheck.sty
Package: rerunfilecheck 2022-07-10 v1.10 Rerun checks for auxiliary files (HO)
(/usr/share/texlive/texmf-dist/tex/generic/uniquecounter/uniquecounter.sty
Package: uniquecounter 2019/12/15 v1.4 Provide unlimited unique counter (HO)
)
Package uniquecounter Info: New unique counter `rerunfilecheck' on input line 2
85.
)
\Hy@SectionHShift=\skip51
) (/usr/share/texlive/texmf-dist/tex/latex/xurl/xurl.sty
Package: xurl 2022/01/09 v 0.10 modify URL breaks
) (/usr/share/texlive/texmf-dist/tex/latex/microtype/microtype.sty
Package: microtype 2022/06/23 v3.0f Micro-typographical refinements (RS)
(/usr/share/texlive/texmf-dist/tex/latex/etoolbox/etoolbox.sty
Package: etoolbox 2020/10/05 v2.5k e-TeX tools for LaTeX (JAW)
\etb@tempcnta=\count275
)
\MT@toks=\toks19
\MT@tempbox=\box52
\MT@count=\count276
LaTeX Info: Redefining \noprotrusionifhmode on input line 1045.
LaTeX Info: Redefining \leftprotrusion on input line 1046.
LaTeX Info: Redefining \rightprotrusion on input line 1056.
LaTeX Info: Redefining \textls on input line 1234.
\MT@outer@kern=\dimen154
LaTeX Info: Redefining \textmicrotypecontext on input line 1858.
\MT@listname@count=\count277
(/usr/share/texlive/texmf-dist/tex/latex/microtype/microtype-pdftex.def
File: microtype-pdftex.def 2022/06/23 v3.0f Definitions specific to pdftex (RS)

LaTeX Info: Redefining \lsstyle on input line 900.
LaTeX Info: Redefining \lslig on input line 900.
\MT@outer@space=\skip52
)
Package microtype Info: Loading configuration file microtype.cfg.
(/usr/share/texlive/texmf-dist/tex/latex/microtype/microtype.cfg
File: microtype.cfg 2022/06/23 v3.0f microtype main configuration file (RS)
)) (/usr/share/texlive/texmf-dist/tex/latex/amsmath/amsmath.sty
Package: amsmath 2022/04/08 v2.17n AMS math features
\@mathmargin=\skip53
For additional information on amsmath, use the `?' option.
(/usr/share/texlive/texmf-dist/tex/latex/amsmath/amstext.sty
Package: amstext 2021/08/26 v2.01 AMS text
(/usr/share/texlive/texmf-dist/tex/latex/amsmath/amsgen.sty
File: amsgen.sty 1999/11/30 v2.0 generic functions
\@emptytoks=\toks20
\ex@=\dimen155
)) (/usr/share/texlive/texmf-dist/tex/latex/amsmath/amsbsy.sty
Package: amsbsy 1999/11/29 v1.2d Bold Symbols
\pmbraise@=\dimen156
) (/usr/share/texlive/texmf-dist/tex/latex/amsmath/amsopn.sty
Package: amsopn 2022/04/08 v2.04 operator names
)
\inf@bad=\count278
LaTeX Info: Redefining \frac on input line 234.
\uproot@=\count279
\leftroot@=\count280
LaTeX Info: Redefining \overline on input line 399.
LaTeX Info: Redefining \colon on input line 410.
\classnum@=\count281
\DOTSCASE@=\count282
LaTeX Info: Redefining \ldots on input line 496.
LaTeX Info: Redefining \dots on input line 499.
LaTeX Info: Redefining \cdots on input line 620.
\Mathstrutbox@=\box53
\strutbox@=\box54
LaTeX Info: Redefining \big on input line 722.
LaTeX Info: Redefining \Big on input line 723.
LaTeX Info: Redefining \bigg on input line 724.
LaTeX Info: Redefining \Bigg on input line 725.
\big@size=\dimen157
LaTeX Font Info:    Redeclaring font encoding OML on input line 743.
LaTeX Font Info:    Redeclaring font encoding OMS on input line 744.
\macc@depth=\count283
LaTeX Info: Redefining \bmod on input line 905.
LaTeX Info: Redefining \pmod on input line 910.
LaTeX Info: Redefining \smash on input line 940.
LaTeX Info: Redefining \relbar on input line 970.
LaTeX Info: Redefining \Relbar on input line 971.
\c@MaxMatrixCols=\count284
\dotsspace@=\muskip17
\c@parentequation=\count285
\dspbrk@lvl=\count286
\tag@help=\toks21
\row@=\count287
\column@=\count288
\maxfields@=\count289
\andhelp@=\toks22
\eqnshift@=\dimen158
\alignsep@=\dimen159
\tagshift@=\dimen160
\tagwidth@=\dimen161
\totwidth@=\dimen162
\lineht@=\dimen163
\@envbody=\toks23
\multlinegap=\skip54
\multlinetaggap=\skip55
\mathdisplay@stack=\toks24
LaTeX Info: Redefining \[ on input line 2953.
LaTeX Info: Redefining \] on input line 2954.
) (/usr/share/texlive/texmf-dist/tex/latex/l3backend/l3backend-pdftex.def
File: l3backend-pdftex.def 2023-01-16 L3 backend support: PDF output (pdfTeX)
\l__color_backend_stack_int=\count290
\l__pdf_internal_box=\box55
) (./SERIES_INDEX.aux)
\openout1 = `SERIES_INDEX.aux'.

LaTeX Font Info:    Checking defaults for OML/cmm/m/it on input line 14.
LaTeX Font Info:    ... okay on input line 14.
LaTeX Font Info:    Checking defaults for OMS/cmsy/m/n on input line 14.
LaTeX Font Info:    ... okay on input line 14.
LaTeX Font Info:    Checking defaults for OT1/cmr/m/n on input line 14.
LaTeX Font Info:    ... okay on input line 14.
LaTeX Font Info:    Checking defaults for T1/cmr/m/n on input line 14.
LaTeX Font Info:    ... okay on input line 14.
LaTeX Font Info:    Checking defaults for TS1/cmr/m/n on input line 14.
LaTeX Font Info:    ... okay on input line 14.
LaTeX Font Info:    Checking defaults for OMX/cmex/m/n on input line 14.
LaTeX Font Info:    ... okay on input line 14.
LaTeX Font Info:    Checking defaults for U/cmr/m/n on input line 14.
LaTeX Font Info:    ... okay on input line 14.
LaTeX Font Info:    Checking defaults for PD1/pdf/m/n on input line 14.
LaTeX Font Info:    ... okay on input line 14.
LaTeX Font Info:    Checking defaults for PU/pdf/m/n on input line 14.
LaTeX Font Info:    ... okay on input line 14.
*geometry* driver: auto-detecting
*geometry* detected driver: pdftex
*geometry* verbose mode - [ preamble ] result:
* driver: pdftex
* paper: <default>
* layout: <same size as paper>
* layoutoffset:(h,v)=(0.0pt,0.0pt)
* modes: 
* h-part:(L,W,R)=(72.26999pt, 469.75502pt, 72.26999pt)
* v-part:(T,H,B)=(72.26999pt, 650.43001pt, 72.26999pt)
* \paperwidth=614.295pt
* \paperheight=794.96999pt
* \textwidth=469.75502pt
* \textheight=650.43001pt
* \oddsidemargin=0.0pt
* \evensidemargin=0.0pt
* \topmargin=-37.0pt
* \headheight=12.0pt
* \headsep=25.0pt
* \topskip=11.0pt
* \footskip=30.0pt
* \marginparwidth=59.0pt
* \marginparsep=10.0pt
* \columnsep=10.0pt
* \skip\footins=10.0pt plus 4.0pt minus 2.0pt
* \hoffset=0.0pt
* \voffset=0.0pt
* \mag=1000
* \@twocolumnfalse
* \@twosidefalse
* \@mparswitchfalse
* \@reversemarginfalse
* (1in=72.27pt=25.4mm, 1cm=28.453pt)

Package hyperref Info: Link coloring OFF on input line 14.
(./SERIES_INDEX.out) (./SERIES_INDEX.out)
\@outlinefile=\write3
\openout3 = `SERIES_INDEX.out'.

LaTeX Info: Redefining \microtypecontext on input line 14.
Package microtype Info: Applying patch `item' on input line 14.
Package microtype Info: Applying patch `toc' on input line 14.
Package microtype Info: Applying patch `eqnum' on input line 14.
Package microtype Info: Applying patch `footnote' on input line 14.
Package microtype Info: Generating PDF output.
Package microtype Info: Character protrusion enabled (level 2).
Package microtype Info: Using default protrusion set `alltext'.
Package microtype Info: Automatic font expansion enabled (level 2),
(microtype)             stretch: 20, shrink: 20, step: 1, non-selected.
Package microtype Info: Using default expansion set `alltext-nott'.
LaTeX Info: Redefining \showhyphens on input line 14.
Package microtype Info: No adjustment of tracking.
Package microtype Info: No adjustment of interword spacing.
Package microtype Info: No adjustment of character kerning.
(/usr/share/texlive/texmf-dist/tex/latex/microtype/mt-cmr.cfg
File: mt-cmr.cfg 2013/05/19 v2.2 microtype config. file: Computer Modern Roman 
(RS)
)
Package microtype Info: Loading generic protrusion settings for font family
(microtype)             `cmtt' (encoding: OT1).
(microtype)             For optimal results, create family-specific settings.
(microtype)             See the microtype manual for details.

Overfull \hbox (47.62878pt too wide) in paragraph at lines 20--21
[]\OT1/cmr/bx/n/10.95 (-20) Synthesis 17: \OT1/cmr/m/n/10.95 (-20) ex-panded th
e re-ceipt ex-cerpt to show \OT1/cmtt/m/n/10.95 fallback[]contact[]surface \OT1
/cmr/m/n/10.95 (-20) with \OT1/cmtt/m/n/10.95 contact[]surface[]id
 []


Overfull \hbox (2.35913pt too wide) in paragraph at lines 21--22
[]\OT1/cmr/bx/n/10.95 (-20) Synthesis 30: \OT1/cmr/m/n/10.95 (-20) added a cris
p rule-of-thumb sep-a-rat-ing long-lived de-ploy-ment state (\OT1/cmtt/m/n/10.9
5 state[]decl[]id\OT1/cmr/m/n/10.95 (-20) )
 []

LaTeX Font Info:    Trying to load font information for OMS+cmtt on input line 
27.
LaTeX Font Info:    No file OMScmtt.fd. on input line 27.

LaTeX Font Warning: Font shape `OMS/cmtt/m/n' undefined
(Font)              using `OMS/cmsy/m/n' instead
(Font)              for symbol `textbackslash' on input line 27.


Overfull \hbox (11.28824pt too wide) in paragraph at lines 37--38
[]\OT1/cmr/bx/n/10.95 (-20) Synthesis 17: \OT1/cmr/m/n/10.95 (-20) added canon-
i-cal-iza-tion notes plus a 3-case drift tax-on-omy ta-ble and a \OT1/cmtt/m/n/
10.95 user[]fast[]diff
 []

[1

{/var/lib/texmf/fonts/map/pdftex/updmap/pdftex.map}]
Overfull \hbox (4.59163pt too wide) in paragraph at lines 43--44
[]\OT1/cmr/bx/n/10.95 (-20) Synthesis 30: \OT1/cmr/m/n/10.95 (-20) added Rain-b
ow's application-level rout-ing time bud-get (\OT1/cmtt/m/n/10.95 RAINBOW[]ROUT
ING[]TIMEOUT\OT1/cmr/m/n/10.95 (-20) )
 []


Overfull \hbox (11.57657pt too wide) in paragraph at lines 51--52
\OT1/cmr/m/n/10.95 (-20) added Rain-bow control-plane knobs (\OT1/cmtt/m/n/10.9
5 RAINBOW[]AUTOCONF[]REFRESH\OT1/cmr/m/n/10.95 (-20) , \OT1/cmtt/m/n/10.95 RAIN
BOW[]HTTP[]ROUTERS[]TIMEOUT\OT1/cmr/m/n/10.95 (-20) )
 []

[2]
Overfull \hbox (120.8557pt too wide) in paragraph at lines 68--69
[]\OT1/cmr/bx/n/10.95 (-20) Synthesis 30: \OT1/cmr/m/n/10.95 (-20) made pro-to-
col fil-ter-ing a first-class deployed-surface knob by pin-ning \OT1/cmtt/m/n/1
0.95 IPFS[]HTTP[]ROUTERS[]FILTER[]PROTOCOLS
 []


Overfull \hbox (5.43288pt too wide) in paragraph at lines 84--85
\OT1/cmr/m/n/10.95 (-20) control-plane drift own-er-ship to Syn-the-sis 30; kep
t shipped bun-dle la-bel \OT1/cmtt/m/n/10.95 worked-example-draft-59\OT1/cmr/m/
n/10.95 (-20) ;
 []


Package hyperref Warning: Token not allowed in a PDF string (Unicode):
(hyperref)                removing `\\' on input line 88.


Overfull \hbox (64.68777pt too wide) in paragraph at lines 90--91
[]\OT1/cmr/bx/n/10.95 (-20) Worked-example line items (Syn-the-sis 17): \OT1/cm
r/m/n/10.95 (-20) ac-tu-ally re-paired the miss-ing row: \OT1/cmtt/m/n/10.95 fa
llback[]contact[]surface
 []

[3]

Package hyperref Warning: Token not allowed in a PDF string (Unicode):
(hyperref)                removing `\\' on input line 95.

[4]
Overfull \hbox (0.13487pt too wide) in paragraph at lines 111--111
[]\OT1/cmr/bx/n/14.4 (-20) What's new in v146 (deployed-surface ci-ta-tion clo-
sure + worked-
 []

[5]
Overfull \hbox (49.33182pt too wide) in paragraph at lines 142--143
\OT1/cmr/m/n/10.95 (-20) stamp now matches the shipped worked-example ar-ti-fac
ts (\OT1/cmtt/m/n/10.95 note[]version=0.59\OT1/cmr/m/n/10.95 (-20) , \OT1/cmtt/
m/n/10.95 worked-example-draft-59\OT1/cmr/m/n/10.95 (-20) )
 []


Overfull \hbox (96.3072pt too wide) in paragraph at lines 149--150
[]\OT1/cmr/bx/n/10.95 (-20) Citation clo-sure: \OT1/cmr/m/n/10.95 (-20) re-pair
ed dan-gling \OT1/cmtt/m/n/10.95 series:selection \OT1/cmr/m/n/10.95 (-20) ci-t
a-tions by stan-dard-iz-ing on \OT1/cmtt/m/n/10.95 series:selectiondiscipline
 []

[6] [7]
Overfull \hbox (1.6194pt too wide) in paragraph at lines 195--195
[]\OT1/cmr/bx/n/14.4 (-20) What's new in v133 (menu-level log-audit note + de-d
uplication) 
 []

[8] [9]

Package hyperref Warning: Token not allowed in a PDF string (Unicode):
(hyperref)                removing `math shift' on input line 246.


Package hyperref Warning: Token not allowed in a PDF string (Unicode):
(hyperref)                removing `\eta' on input line 246.


Package hyperref Warning: Token not allowed in a PDF string (Unicode):
(hyperref)                removing `\delta' on input line 246.


Package hyperref Warning: Token not allowed in a PDF string (Unicode):
(hyperref)                removing `math shift' on input line 246.

[10]
LaTeX Font Info:    Trying to load font information for OMS+cmr on input line 2
50.
(/usr/share/texlive/texmf-dist/tex/latex/base/omscmr.fd
File: omscmr.fd 2022/07/10 v2.5l Standard LaTeX font definitions
)
LaTeX Font Info:    Font shape `OMS/cmr/m/n' in size <10.95> not available
(Font)              Font shape `OMS/cmsy/m/n' tried instead on input line 250.

Overfull \hbox (36.61324pt too wide) in paragraph at lines 266--267
[]\OT1/cmr/bx/n/10.95 (-20) Related-work map ex-panded (Syn-the-sis 7): \OT1/cm
r/m/n/10.95 (-20) added an ex-plicit ``DHT-backed relay-selection/directory''
 []

[11]
Overfull \hbox (18.30501pt too wide) in paragraph at lines 291--292
[]\OT1/cmtt/m/n/10.95 [[2026.01.22 - Mathematics: Scheduling and Compiler Techn
iques for Metadata-Hiding
 []


Overfull \hbox (6.80763pt too wide) in paragraph at lines 292--293
[]\OT1/cmtt/m/n/10.95 [[2026.01.23 - Mathematics: Spectral Anonymity and Optima
l Distinguishing Bounds
 []


Overfull \hbox (24.0537pt too wide) in paragraph at lines 293--294
[]\OT1/cmtt/m/n/10.95 [[2026.01.25 - Mathematics: Prefix Capacities and Separat
ion Cuts for Shared-Kernel
 []


Overfull \hbox (1.05894pt too wide) in paragraph at lines 294--295
[]\OT1/cmtt/m/n/10.95 [[2026.01.26 - Mathematics: Stop-Time Padding Addendum, M
ax-Mixture Separations
 []


Overfull \hbox (9.68198pt too wide) in paragraph at lines 295--296
[]\OT1/cmtt/m/n/10.95 [[2026.01.29 - Mathematics: Optimal Poset-Feasible Paddin
g: Knapsack, Transport,
 []

[12]
Overfull \hbox (40.2825pt too wide) in paragraph at lines 314--315
[]\OT1/cmr/bx/n/10.95 (-20) PSC-Q split sup-ple-ment $\OMS/cmsy/m/n/10.95 !$ \O
T1/cmtt/m/n/10.95 congestion[]series/paper2A[]psc[]q[]microstudies[]addendum/pa
per.tex\OT1/cmr/m/n/10.95 (-20) . 
 []


Overfull \hbox (34.6952pt too wide) in paragraph at lines 315--316
[]\OT1/cmr/bx/n/10.95 (-20) Boss Fight dial-sheet sweeps $\OMS/cmsy/m/n/10.95 !
$ \OT1/cmtt/m/n/10.95 bossfight[]series/paperB[]addendum[]evidence[]tables/pape
r.tex\OT1/cmr/m/n/10.95 (-20) . 
 []


Overfull \hbox (125.20921pt too wide) in paragraph at lines 316--317
[]\OT1/cmr/bx/n/10.95 (-20) Evaluation 1 long fig-ures/templates $\OMS/cmsy/m/n
/10.95 !$ \OT1/cmtt/m/n/10.95 evaluation[]series/paper1A[]notarized[]certificat
es[]addendum/paper.tex\OT1/cmr/m/n/10.95 (-20) . 
 []

[13] [14] [15]
Overfull \hbox (18.24751pt too wide) in paragraph at lines 403--404
[]\OT1/cmtt/m/n/10.95 anondht[]state[]series/paper1A[]state[]dependent[]anonymi
ty[]calibration[]addendum/paper.tex 
 []

[16] [17] (./SERIES_INDEX.aux)

LaTeX Font Warning: Some font shapes were not available, defaults substituted.

Package rerunfilecheck Info: File `SERIES_INDEX.out' has not changed.
(rerunfilecheck)             Checksum: 440994BE4CA9982B9ABA0E99F3A561CA;17260.
 ) 
Here is how much of TeX's memory you used:
 11261 strings out of 476091
 178554 string characters out of 5794081
 1863330 words of memory out of 5000000
 31264 multiletter control sequences out of 15000+600000
 525748 words of font info for 158 fonts, out of 8000000 for 9000
 1141 hyphenation exceptions out of 8191
 75i,5n,76p,1594b,610s stack positions out of 10000i,1000n,20000p,200000b,200000s
{/usr/share/texmf/fonts/enc/dvips/cm-super/cm-super-ts1.enc}</usr/share/texli
ve/texmf-dist/fonts/type1/public/amsfonts/cm/cmbx10.pfb></usr/share/texlive/tex
mf-dist/fonts/type1/public/amsfonts/cm/cmbx12.pfb></usr/share/texlive/texmf-dis
t/fonts/type1/public/amsfonts/cm/cmmi10.pfb></usr/share/texlive/texmf-dist/font
s/type1/public/amsfonts/cm/cmmi12.pfb></usr/share/texlive/texmf-dist/fonts/type
1/public/amsfonts/cm/cmr10.pfb></usr/share/texlive/texmf-dist/fonts/type1/publi
c/amsfonts/cm/cmr12.pfb></usr/share/texlive/texmf-dist/fonts/type1/public/amsfo
nts/cm/cmr17.pfb></usr/share/texlive/texmf-dist/fonts/type1/public/amsfonts/cm/
cmr8.pfb></usr/share/texlive/texmf-dist/fonts/type1/public/amsfonts/cm/cmsy10.p
fb></usr/share/texlive/texmf-dist/fonts/type1/public/amsfonts/cm/cmti10.pfb></u
sr/share/texlive/texmf-dist/fonts/type1/public/amsfonts/cm/cmtt10.pfb></usr/sha
re/texmf/fonts/type1/public/cm-super/sfrm1095.pfb>
Output written on SERIES_INDEX.pdf (17 pages, 227938 bytes).
PDF statistics:
 349 PDF objects out of 1000 (max. 8388607)
 302 compressed objects within 4 object streams
 79 named destinations out of 1000 (max. 500000)
 25425 words of extra memory for PDF output out of 29859 (max. 10000000)

