$ TRACE_PREFLIGHT_STRICT=1 bash artifacts/capture-kit/REV0095_RUN_TINYLLAMA_PUBLIC_TRACE.sh

{
  "status": "pass",
  "errors": [],
  "warnings": []
}
{
  "status": "blocked_here",
  "trace_ready": false,
  "timing_ready": false,
  "blockers": [
    "transformers_not_importable",
    "no_complete_local_hf_snapshot_and_download_not_allowed"
  ],
  "warnings": [
    "cuda_not_available_named_hardware_timing_blocked_here"
  ]
}
{
  "status": "blocked_here",
  "trace_ready": false,
  "timing_ready": false,
  "blockers": [
    "transformers_not_importable",
    "no_complete_local_hf_snapshot_and_download_not_allowed"
  ],
  "warnings": [
    "cuda_not_available_named_hardware_timing_blocked_here"
  ]
}

[exit_code] 1
