$ python tools/source_lock_audit.py

{
  "status": "pass",
  "errors": [],
  "warnings": [
    "source_fact_missing_url_or_observed_lines",
    "source_fact_missing_url_or_observed_lines",
    "source_fact_missing_url_or_observed_lines",
    "source_fact_missing_url_or_observed_lines",
    "source_fact_missing_url_or_observed_lines",
    "source_fact_missing_url_or_observed_lines",
    "source_fact_missing_url_or_observed_lines",
    "source_fact_missing_url_or_observed_lines",
    "source_fact_missing_url_or_observed_lines",
    "source_fact_missing_url_or_observed_lines",
    "source_fact_missing_url_or_observed_lines",
    "source_fact_missing_url_or_observed_lines"
  ]
}

[exit_code] 0
