$ bash artifacts/capture-kit/REV0094_RUN_TINYLLAMA_PUBLIC_TRACE.sh

{
  "status": "pass_with_blockers",
  "blockers": [
    "transformers_dependency_absent",
    "no_cached_hf_model_snapshot_with_config_weights_tokenizer_detected",
    "cuda_gpu_not_available_for_named_hardware_timing_in_this_capsule",
    "actual_public_pretrained_prefill_plus_cached_decode_exact_length_greedy_generation_trace_missing",
    "named_hardware_sparse_vs_dense_timing_missing"
  ]
}
{
  "status": "pass_with_blockers",
  "errors": [],
  "forged_rejected": true
}
{
  "status": "pass_with_blockers",
  "errors": [],
  "forged_generated_rejected": true
}
{
  "status": "pass_with_blockers",
  "errors": [],
  "forged_beam_count_rejected": true
}
{
  "status": "pass_with_blockers",
  "blockers": [
    "transformers_dependency_absent",
    "no_cached_hf_model_snapshot_with_config_weights_tokenizer_detected",
    "cuda_gpu_not_available_for_named_hardware_timing_in_this_capsule"
  ],
  "errors": []
}
Missing optional dependencies. Install torch and transformers, or run in an environment with a cached model. Original import error: No module named 'transformers'

[exit_code] 1
