{
  "status": "pass",
  "errors": [],
  "warnings": [
    "source_fact_missing_url_or_observed_lines",
    "source_fact_missing_url_or_observed_lines",
    "source_fact_missing_url_or_observed_lines",
    "source_fact_missing_url_or_observed_lines",
    "source_fact_missing_url_or_observed_lines",
    "source_fact_missing_url_or_observed_lines",
    "source_fact_missing_url_or_observed_lines",
    "source_fact_missing_url_or_observed_lines",
    "source_fact_missing_url_or_observed_lines",
    "source_fact_missing_url_or_observed_lines",
    "source_fact_missing_url_or_observed_lines",
    "source_fact_missing_url_or_observed_lines"
  ]
}
{
  "status": "blocked_here",
  "trace_ready": false,
  "timing_ready": false,
  "blockers": [
    "transformers_not_importable",
    "no_complete_local_hf_snapshot_and_download_not_allowed"
  ],
  "warnings": [
    "cuda_not_available_named_hardware_timing_blocked_here"
  ]
}
{
  "status": "blocked_here",
  "blockers": [
    "transformers_not_importable_runtime_surface_unchecked"
  ],
  "warnings": []
}
{
  "status": "blocked_here",
  "complete_snapshot_available": false,
  "blockers": [
    "complete_tinyllama_snapshot_not_available"
  ],
  "warnings": []
}
{
  "status": "blocked_here",
  "trace_ready": false,
  "timing_ready": false,
  "blockers": [
    "transformers_not_importable",
    "no_complete_local_hf_snapshot_and_download_not_allowed"
  ],
  "warnings": [
    "cuda_not_available_named_hardware_timing_blocked_here"
  ]
}
