[  5%] Building CXX object CMakeFiles/anonsync_core_lib.dir/src/json_codec_crypto.cpp.o
[ 11%] Building CXX object CMakeFiles/anonsync_core_lib.dir/src/contracts_policy_profiles.cpp.o
[ 17%] Building CXX object CMakeFiles/anonsync_core_lib.dir/src/normalizer_envelopes.cpp.o
[ 23%] Building CXX object CMakeFiles/anonsync_core_lib.dir/src/replay_ledger.cpp.o
[ 29%] Building CXX object CMakeFiles/anonsync_core_lib.dir/src/sqlite_replay_ledger.cpp.o
[ 35%] Building CXX object CMakeFiles/anonsync_core_lib.dir/src/jwt_policy_decision.cpp.o
[ 41%] Building CXX object CMakeFiles/anonsync_core_lib.dir/src/reporting_selftests.cpp.o
/mnt/data/anonsync_rev0638_work/cpp/anonsync_core/src/reporting_selftests.cpp:119:13: warning: 'std::string anonsync::{anonymous}::b64url_encode_selftest(const unsigned char*, size_t)' defined but not used [-Wunused-function]
  119 | std::string b64url_encode_selftest(const unsigned char* data, size_t len) {
      |             ^~~~~~~~~~~~~~~~~~~~~~
[ 47%] Building CXX object CMakeFiles/anonsync_core_lib.dir/src/runner.cpp.o
gmake[2]: *** [CMakeFiles/anonsync_core_lib.dir/build.make:163: CMakeFiles/anonsync_core_lib.dir/src/reporting_selftests.cpp.o] Terminated
gmake[1]: *** [CMakeFiles/Makefile2:127: CMakeFiles/anonsync_core_lib.dir/all] Terminated
gmake: *** [Makefile:101: all] Terminated
[  5%] Building CXX object CMakeFiles/anonsync_core_lib.dir/src/reporting_selftests.cpp.o
[ 11%] Building CXX object CMakeFiles/anonsync_core_lib.dir/src/runner.cpp.o
/mnt/data/anonsync_rev0638_work/cpp/anonsync_core/src/reporting_selftests.cpp:119:13: warning: 'std::string anonsync::{anonymous}::b64url_encode_selftest(const unsigned char*, size_t)' defined but not used [-Wunused-function]
  119 | std::string b64url_encode_selftest(const unsigned char* data, size_t len) {
      |             ^~~~~~~~~~~~~~~~~~~~~~
[ 17%] Linking CXX static library libanonsync_core_lib.a
[ 52%] Built target anonsync_core_lib
[ 64%] Building CXX object CMakeFiles/anonsync_fuzz_json_codec.dir/fuzz/fuzz_json_codec.cpp.o
[ 64%] Building CXX object CMakeFiles/anonsync_core.dir/src/anonsync_core.cpp.o
[ 70%] Linking CXX executable anonsync_fuzz_json_codec
[ 70%] Built target anonsync_fuzz_json_codec
[ 76%] Building CXX object CMakeFiles/anonsync_fuzz_jwt_codec.dir/fuzz/fuzz_jwt_codec.cpp.o
[ 82%] Linking CXX executable anonsync_core
[ 88%] Linking CXX executable anonsync_fuzz_jwt_codec
[ 88%] Built target anonsync_core
[ 94%] Building CXX object CMakeFiles/anonsync_fuzz_route_event_ledger.dir/fuzz/fuzz_route_event_ledger.cpp.o
[ 94%] Built target anonsync_fuzz_jwt_codec
[100%] Linking CXX executable anonsync_fuzz_route_event_ledger
[100%] Built target anonsync_fuzz_route_event_ledger
