{
  "clientdata_owners": [
    "src/sync_sqlite_connection_authority.cpp",
    "src/sync_sqlite_mutex_capability.cpp"
  ],
  "format": "anonsync-sqlite-authority-source-audit-v3",
  "lifecycle_schema_verification_calls": [
    {
      "lease": "schema_authority_lease",
      "lease_declaration_line": 1152,
      "line": 1159,
      "name": "verify_peer_transport_write_schema_snapshot_or_throw",
      "retained": true,
      "rollback_safe_lifetime": true,
      "transaction_declaration_line": 1153
    },
    {
      "lease": "schema_authority_lease",
      "lease_declaration_line": 1233,
      "line": 1240,
      "name": "verify_peer_transport_write_schema_snapshot_or_throw",
      "retained": true,
      "rollback_safe_lifetime": true,
      "transaction_declaration_line": 1234
    },
    {
      "lease": "schema_authority_lease",
      "lease_declaration_line": 1323,
      "line": 1327,
      "name": "verify_peer_transport_read_schema_snapshot_or_throw",
      "retained": true,
      "rollback_safe_lifetime": true,
      "transaction_declaration_line": 1324
    },
    {
      "lease": "schema_authority_lease",
      "lease_declaration_line": 1435,
      "line": 1442,
      "name": "verify_peer_transport_write_schema_snapshot_or_throw",
      "retained": true,
      "rollback_safe_lifetime": true,
      "transaction_declaration_line": 1436
    },
    {
      "lease": "schema_authority_lease",
      "lease_declaration_line": 1673,
      "line": 1678,
      "name": "verify_peer_transport_read_schema_snapshot_or_throw",
      "retained": true,
      "rollback_safe_lifetime": true,
      "transaction_declaration_line": 1674
    },
    {
      "lease": "preflight_schema_authority_lease",
      "lease_declaration_line": 1830,
      "line": 1836,
      "name": "verify_peer_transport_read_schema_snapshot_or_throw",
      "retained": true,
      "rollback_safe_lifetime": true,
      "transaction_declaration_line": 1831
    },
    {
      "lease": "claim_schema_authority_lease",
      "lease_declaration_line": 1933,
      "line": 1941,
      "name": "verify_peer_transport_write_schema_snapshot_or_throw",
      "retained": true,
      "rollback_safe_lifetime": true,
      "transaction_declaration_line": 1934
    },
    {
      "lease": "completion_schema_authority_lease",
      "lease_declaration_line": 2364,
      "line": 2373,
      "name": "verify_peer_transport_write_schema_snapshot_or_throw",
      "retained": true,
      "rollback_safe_lifetime": true,
      "transaction_declaration_line": 2365
    },
    {
      "lease": "status_schema_authority_lease",
      "lease_declaration_line": 2618,
      "line": 2624,
      "name": "verify_peer_transport_read_schema_snapshot_or_throw",
      "retained": true,
      "rollback_safe_lifetime": true,
      "transaction_declaration_line": 2619
    },
    {
      "lease": "schema_authority_lease",
      "lease_declaration_line": 2857,
      "line": 2889,
      "name": "verify_peer_transport_read_schema_snapshot_or_throw",
      "retained": true,
      "rollback_safe_lifetime": true,
      "transaction_declaration_line": 2858
    },
    {
      "lease": "schema_authority_lease",
      "lease_declaration_line": 2857,
      "line": 2894,
      "name": "verify_peer_transport_write_schema_snapshot_or_throw",
      "retained": true,
      "rollback_safe_lifetime": true,
      "transaction_declaration_line": 2858
    },
    {
      "lease": "handoff_schema_authority_lease",
      "lease_declaration_line": 3748,
      "line": 3757,
      "name": "verify_peer_transport_write_schema_snapshot_or_throw",
      "retained": true,
      "rollback_safe_lifetime": true,
      "transaction_declaration_line": 3749
    }
  ],
  "ok": true,
  "owner": "src/sync_sqlite_connection_authority.cpp",
  "production_get_clientdata_calls": [
    {
      "line": 269,
      "path": "src/sync_sqlite_connection_authority.cpp",
      "text": "void* raw = sqlite3_get_clientdata(db, kConnectionAuthorityClientDataName);"
    },
    {
      "line": 76,
      "path": "src/sync_sqlite_mutex_capability.cpp",
      "text": "sqlite3_get_clientdata(db, kRetainedMutexCapabilityClientDataName);"
    }
  ],
  "production_set_authorizer_calls": [
    {
      "line": 713,
      "path": "src/sync_sqlite_connection_authority.cpp",
      "text": "sqlite3_set_authorizer(db, connection_authorizer_bridge, state);"
    },
    {
      "line": 730,
      "path": "src/sync_sqlite_connection_authority.cpp",
      "text": "sqlite3_set_authorizer(db, connection_authorizer_bridge, state);"
    }
  ],
  "production_set_clientdata_calls": [
    {
      "line": 701,
      "path": "src/sync_sqlite_connection_authority.cpp",
      "text": "const int client_data_rc = sqlite3_set_clientdata("
    },
    {
      "line": 717,
      "path": "src/sync_sqlite_connection_authority.cpp",
      "text": "(void)sqlite3_set_clientdata("
    },
    {
      "line": 146,
      "path": "src/sync_sqlite_mutex_capability.cpp",
      "text": "const int rc = sqlite3_set_clientdata("
    }
  ],
  "test_set_authorizer_calls": [
    {
      "line": 240,
      "path": "tests/peer_ingress_schema_attestation_test.cpp",
      "text": "if (sqlite3_set_authorizer(db.get(), deny_payload_index_authorizer, nullptr) !="
    },
    {
      "line": 252,
      "path": "tests/peer_ingress_schema_attestation_test.cpp",
      "text": "sqlite3_set_authorizer(db.get(), nullptr, nullptr);"
    },
    {
      "line": 340,
      "path": "tests/peer_ingress_schema_attestation_test.cpp",
      "text": "if (sqlite3_set_authorizer(db.get(), bootstrap_deny_authorizer, &deny) !="
    },
    {
      "line": 352,
      "path": "tests/peer_ingress_schema_attestation_test.cpp",
      "text": "sqlite3_set_authorizer(db.get(), nullptr, nullptr);"
    },
    {
      "line": 658,
      "path": "tests/peer_ingress_schema_attestation_test.cpp",
      "text": "require(sqlite3_set_authorizer(db.get(), allow_all_authorizer, nullptr) =="
    },
    {
      "line": 703,
      "path": "tests/peer_ingress_schema_attestation_test.cpp",
      "text": "require(sqlite3_set_authorizer(db.get(), nullptr, nullptr) == SQLITE_OK,"
    },
    {
      "line": 257,
      "path": "tests/sqlite_connection_authority_test.cpp",
      "text": "require(sqlite3_set_authorizer(db.get(), alien_allow_authorizer, nullptr) =="
    },
    {
      "line": 290,
      "path": "tests/sqlite_connection_authority_test.cpp",
      "text": "require(sqlite3_set_authorizer(db.get(), nullptr, nullptr) == SQLITE_OK,"
    },
    {
      "line": 353,
      "path": "tests/sqlite_connection_authority_test.cpp",
      "text": "sqlite3_set_authorizer(db.get(), alien_allow_authorizer, nullptr),"
    },
    {
      "line": 432,
      "path": "tests/sqlite_connection_authority_test.cpp",
      "text": "sqlite3_set_authorizer(db.get(), alien_allow_authorizer, nullptr),"
    },
    {
      "line": 631,
      "path": "tests/sqlite_connection_authority_test.cpp",
      "text": "require(sqlite3_set_authorizer("
    },
    {
      "line": 658,
      "path": "tests/sqlite_connection_authority_test.cpp",
      "text": "require(sqlite3_set_authorizer("
    },
    {
      "line": 228,
      "path": "tests/sqlite_owner_generation_borrow_test.cpp",
      "text": "require(sqlite3_set_authorizer(owner.db.get(),"
    },
    {
      "line": 294,
      "path": "tests/sqlite_owner_generation_borrow_test.cpp",
      "text": "require(sqlite3_set_authorizer(owner.db.get(), nullptr, nullptr) =="
    },
    {
      "line": 357,
      "path": "tests/sqlite_owner_generation_borrow_test.cpp",
      "text": "require(sqlite3_set_authorizer(owner.db.get(),"
    },
    {
      "line": 400,
      "path": "tests/sqlite_owner_generation_borrow_test.cpp",
      "text": "require(sqlite3_set_authorizer(owner.db.get(), nullptr, nullptr) == SQLITE_OK,"
    }
  ],
  "violations": []
}
