/tmp/anonsync-r0827-work/defect-reproducer/new_bit_cast_rejected.cpp: In function 'int main()':
/tmp/anonsync-r0827-work/defect-reproducer/new_bit_cast_rejected.cpp:9:56: error: no matching function for call to 'bit_cast<anonsync::SyncProcessIncarnation>(const uint64_t&)'
    9 |         std::bit_cast<anonsync::SyncProcessIncarnation>(raw);
      |         ~~~~~~~~~~~~~~~~~~~~~~~~~~~~~~~~~~~~~~~~~~~~~~~^~~~~
In file included from /usr/include/c++/14/bits/stl_algobase.h:76,
                 from /usr/include/c++/14/string_view:52,
                 from /tmp/anonsync-r0827-work/source/src/sync_process_incarnation.hpp:4,
                 from /tmp/anonsync-r0827-work/defect-reproducer/new_bit_cast_rejected.cpp:1:
/usr/include/c++/14/bit:88:5: note: candidate: 'template<class _To, class _From> constexpr _To std::bit_cast(const _From&) requires  sizeof (_To) == sizeof (_From) && (is_trivially_copyable_v<_To>) && (is_trivially_copyable_v<_From>)'
   88 |     bit_cast(const _From& __from) noexcept
      |     ^~~~~~~~
/usr/include/c++/14/bit:88:5: note:   template argument deduction/substitution failed:
/usr/include/c++/14/bit:88:5: note: constraints not satisfied
/usr/include/c++/14/bit: In substitution of 'template<class _To, class _From> constexpr _To std::bit_cast(const _From&) requires  sizeof (_To) == sizeof (_From) && (is_trivially_copyable_v<_To>) && (is_trivially_copyable_v<_From>) [with _To = anonsync::SyncProcessIncarnation; _From = long unsigned int]':
/tmp/anonsync-r0827-work/defect-reproducer/new_bit_cast_rejected.cpp:9:56:   required from here
    9 |         std::bit_cast<anonsync::SyncProcessIncarnation>(raw);
      |         ~~~~~~~~~~~~~~~~~~~~~~~~~~~~~~~~~~~~~~~~~~~~~~~^~~~~
/usr/include/c++/14/bit:88:5:   required by the constraints of 'template<class _To, class _From> constexpr _To std::bit_cast(const _From&) requires  sizeof (_To) == sizeof (_From) && (is_trivially_copyable_v<_To>) && (is_trivially_copyable_v<_From>)'
/usr/include/c++/14/bit:91:10: note: the expression 'is_trivially_copyable_v<_To> [with _To = anonsync::SyncProcessIncarnation]' evaluated to 'false'
   91 |       && is_trivially_copyable_v<_To> && is_trivially_copyable_v<_From>
      |          ^~~~~~~~~~~~~~~~~~~~~~~~~~~~
