[ 52%] Built target anonsync_core_lib
[ 58%] Linking CXX executable anonsync_core
[ 64%] Built target anonsync_core
[ 70%] Building CXX object CMakeFiles/anonsync_fuzz_json_codec.dir/fuzz/fuzz_json_codec.cpp.o
[ 76%] Linking CXX executable anonsync_fuzz_json_codec
[ 76%] Built target anonsync_fuzz_json_codec
[ 82%] Building CXX object CMakeFiles/anonsync_fuzz_jwt_codec.dir/fuzz/fuzz_jwt_codec.cpp.o
[ 88%] Linking CXX executable anonsync_fuzz_jwt_codec
[ 88%] Built target anonsync_fuzz_jwt_codec
[ 94%] Building CXX object CMakeFiles/anonsync_fuzz_route_event_ledger.dir/fuzz/fuzz_route_event_ledger.cpp.o
[100%] Linking CXX executable anonsync_fuzz_route_event_ledger
[100%] Built target anonsync_fuzz_route_event_ledger
[  5%] Building CXX object CMakeFiles/anonsync_core_lib.dir/src/runner.cpp.o
[ 11%] Linking CXX static library libanonsync_core_lib.a
[ 52%] Built target anonsync_core_lib
[ 58%] Linking CXX executable anonsync_core
[ 64%] Built target anonsync_core
[ 70%] Linking CXX executable anonsync_fuzz_json_codec
[ 76%] Built target anonsync_fuzz_json_codec
[ 82%] Linking CXX executable anonsync_fuzz_jwt_codec
[ 88%] Built target anonsync_fuzz_jwt_codec
[ 94%] Linking CXX executable anonsync_fuzz_route_event_ledger
[100%] Built target anonsync_fuzz_route_event_ledger
