{
  "check_count": 64,
  "checks": [
    {
      "check_id": "capability_module_is_linked",
      "detail": "the retained-mutex capability implementation must remain in anonsync_sqlite_support",
      "passed": true
    },
    {
      "check_id": "obsolete_affinity_module_is_absent",
      "detail": "the superseded thread-only module name must not remain in sensitive source",
      "passed": true
    },
    {
      "check_id": "incarnation_has_explicit_type",
      "detail": "process-local thread lifetime identity must use one named nonserializable type",
      "passed": true
    },
    {
      "check_id": "incarnation_allocator_is_atomic",
      "detail": "thread incarnations must be allocated across threads without collision",
      "passed": true
    },
    {
      "check_id": "incarnation_has_process_aware_thread_local_state",
      "detail": "fork-copied thread-local bytes must be paired with their minting process",
      "passed": true
    },
    {
      "check_id": "incarnation_allocator_is_monotonic",
      "detail": "the allocator must consume one process-local generation per thread",
      "passed": true
    },
    {
      "check_id": "incarnation_exhaustion_is_detected",
      "detail": "wraparound must not reauthorize a stale thread generation",
      "passed": true
    },
    {
      "check_id": "incarnation_exhaustion_uses_unhookable_fail_stop",
      "detail": "counter exhaustion cannot be routed through a replaceable terminate handler",
      "passed": true
    },
    {
      "check_id": "fork_reseeds_thread_incarnation",
      "detail": "a child process must never retain the parent's exact thread generation",
      "passed": true
    },
    {
      "check_id": "incarnation_avoids_std_thread_id",
      "detail": "retained authority must not depend on reusable or representation-specific std::thread::id",
      "passed": true
    },
    {
      "check_id": "incarnation_avoids_std_this_thread_get_id",
      "detail": "retained authority must not depend on reusable or representation-specific std::this_thread::get_id",
      "passed": true
    },
    {
      "check_id": "incarnation_avoids_hash_std_thread_id",
      "detail": "retained authority must not depend on reusable or representation-specific hash<std::thread::id>",
      "passed": true
    },
    {
      "check_id": "incarnation_avoids_pthread_self",
      "detail": "retained authority must not depend on reusable or representation-specific pthread_self",
      "passed": true
    },
    {
      "check_id": "clientdata_version_floor_is_explicit",
      "detail": "the lifetime sentinel requires SQLite connection client data",
      "passed": true
    },
    {
      "check_id": "lifetime_sentinel_has_versioned_namespace",
      "detail": "the SQLite-owned sentinel must use a stable, narrow namespace",
      "passed": true
    },
    {
      "check_id": "lifetime_sentinel_is_self_authenticating",
      "detail": "corrupt or alien client data must fail closed",
      "passed": true
    },
    {
      "check_id": "lifetime_sentinel_counts_retained_entries",
      "detail": "connection destruction must know whether any mutex entry remains retained",
      "passed": true
    },
    {
      "check_id": "lifetime_destructor_is_present",
      "detail": "SQLite must own one sentinel destructor",
      "passed": true
    },
    {
      "check_id": "connection_close_with_live_entry_fails_stopped",
      "detail": "close or replacement may not invalidate a still-retained sqlite3_db_mutex pointer",
      "passed": true
    },
    {
      "check_id": "lifetime_sentinel_is_poisoned_before_delete",
      "detail": "normal close must invalidate diagnostic markers before deallocation",
      "passed": true
    },
    {
      "check_id": "retain_rejects_null_database",
      "detail": "client-data lookup must never receive an empty connection handle",
      "passed": true
    },
    {
      "check_id": "retain_installs_sqlite_owned_sentinel",
      "detail": "SQLite connection lifetime must own and destroy the sentinel",
      "passed": true
    },
    {
      "check_id": "retained_entry_count_rejects_overflow",
      "detail": "counter wraparound must not make a live close appear safe",
      "passed": true
    },
    {
      "check_id": "retain_increments_before_return",
      "detail": "a capability may escape only after its lifetime pin exists",
      "passed": true
    },
    {
      "check_id": "release_validates_sentinel_and_count",
      "detail": "underflow, corruption, or an absent lifetime pin must fail stopped",
      "passed": true
    },
    {
      "check_id": "release_consumes_local_pointer_after_decrement",
      "detail": "the exact owner must not retain a usable pointer after releasing its entry",
      "passed": true
    },
    {
      "check_id": "lease_carries_thread_and_lifetime_proofs",
      "detail": "a retained connection lease must carry both exact thread and connection-lifetime state",
      "passed": true
    },
    {
      "check_id": "transaction_proof_carries_thread_and_lifetime_proofs",
      "detail": "both fenced and utility transactions must retain the same dynamic ownership evidence",
      "passed": true
    },
    {
      "check_id": "retention_is_exception_safe",
      "detail": "temporary retention must unwind before the scoped database mutex leaves",
      "passed": true
    },
    {
      "check_id": "all_retaining_acquisition_branches_reserve_lifetime",
      "detail": "connection lease plus fenced and unfenced transaction paths must pin connection lifetime",
      "passed": true
    },
    {
      "check_id": "both_transaction_branches_capture_thread_incarnation",
      "detail": "fenced and unfenced typed transaction generations must bind the entering thread",
      "passed": true
    },
    {
      "check_id": "scoped_mutex_guard_destructor_checks_thread_first",
      "detail": "even private scoped mutex ownership must not rely on convention",
      "passed": true
    },
    {
      "check_id": "scoped_mutex_transfer_checks_thread_first",
      "detail": "an entered mutex may transfer only on its originating thread",
      "passed": true
    },
    {
      "check_id": "lease_owner_helper_checks_shape_thread_lifetime",
      "detail": "shared lease validation must reject foreign callers before dereferencing SQLite-owned state",
      "passed": true
    },
    {
      "check_id": "lease_destructor_orders_thread_lifetime_release",
      "detail": "foreign destruction must stop before dereferencing SQLite-owned state or leaving the mutex",
      "passed": true
    },
    {
      "check_id": "lease_move_constructor_checks_thread_before_lifetime",
      "detail": "foreign transfer must not inspect potentially invalid SQLite-owned memory",
      "passed": true
    },
    {
      "check_id": "lease_move_assignment_fences_both_entries",
      "detail": "destination release and source acquisition must each prove exact ownership",
      "passed": true
    },
    {
      "check_id": "lease_move_assignment_unpins_before_leave",
      "detail": "the connection-lifetime count must be decremented while the mutex pointer is still valid",
      "passed": true
    },
    {
      "check_id": "lease_observation_checks_thread_before_lifetime",
      "detail": "foreign active() must fail closed without touching SQLite-owned sentinel memory",
      "passed": true
    },
    {
      "check_id": "transaction_release_orders_thread_lifetime_release",
      "detail": "transaction revocation must prove owner, unpin lifetime, then leave the exact entry",
      "passed": true
    },
    {
      "check_id": "transaction_validator_checks_thread_before_lifetime",
      "detail": "proof validation must reject a foreign caller before dereferencing SQLite-owned sentinel memory",
      "passed": true
    },
    {
      "check_id": "transaction_observation_checks_thread_before_sqlite_state",
      "detail": "foreign copied authority must return before sentinel dereference or SQLite mutex acquisition",
      "passed": true
    },
    {
      "check_id": "copied_authority_rejects_foreign_thread_early",
      "detail": "foreign observation must not block behind its owner's recursive mutex",
      "passed": true
    },
    {
      "check_id": "foreign_observation_does_not_revoke_owner",
      "detail": "a non-owner observation is unusable but must preserve the exact owner generation",
      "passed": true
    },
    {
      "check_id": "transaction_destructor_fails_before_foreign_rollback",
      "detail": "a foreign destructor must not touch SQLite or attempt unsafe cleanup",
      "passed": true
    },
    {
      "check_id": "transaction_commit_rejects_foreign_thread_before_authority",
      "detail": "foreign COMMIT must throw before any SQLite authority probe",
      "passed": true
    },
    {
      "check_id": "transaction_rollback_rejects_foreign_thread_before_authority",
      "detail": "foreign ROLLBACK must throw before any SQLite authority probe",
      "passed": true
    },
    {
      "check_id": "authority_ctest_has_finite_timeout",
      "detail": "a future self-deadlock regression must remain a bounded validation failure",
      "passed": true
    },
    {
      "check_id": "foreign_observation_and_finalization_tests_exist",
      "detail": "foreign active/authority/commit/rollback paths need executable coverage",
      "passed": true
    },
    {
      "check_id": "owner_move_semantics_are_tested",
      "detail": "normal move, self-move, and move assignment must preserve exact retained entries",
      "passed": true
    },
    {
      "check_id": "foreign_lease_destruction_death_test_exists",
      "detail": "noexcept destruction must prove the intended fail-stop",
      "passed": true
    },
    {
      "check_id": "foreign_transaction_destruction_death_test_exists",
      "detail": "foreign destructor rollback/release must never run",
      "passed": true
    },
    {
      "check_id": "foreign_lease_move_death_test_exists",
      "detail": "moving a live retained mutex entry to another thread must fail stopped",
      "passed": true
    },
    {
      "check_id": "same_thread_close_death_test_exists",
      "detail": "recursive same-thread close must not free a retained connection mutex",
      "passed": true
    },
    {
      "check_id": "unfenced_transaction_close_death_test_exists",
      "detail": "the close fence must not depend on authorizer installation",
      "passed": true
    },
    {
      "check_id": "fenced_transaction_close_death_test_exists",
      "detail": "the close fence must protect authorizer-fenced transaction ownership too",
      "passed": true
    },
    {
      "check_id": "live_sentinel_replacement_death_test_exists",
      "detail": "replacement of SQLite-owned lifetime state must not invalidate a retained mutex pointer",
      "passed": true
    },
    {
      "check_id": "zombie_close_death_test_exists",
      "detail": "deferred sqlite3_close_v2 destruction must remain fail stopped",
      "passed": true
    },
    {
      "check_id": "foreign_close_serialization_test_exists",
      "detail": "a foreign close must wait and then succeed after normal release",
      "passed": true
    },
    {
      "check_id": "nomutex_rejection_remains_tested",
      "detail": "the capability requires a real serialized connection mutex",
      "passed": true
    },
    {
      "check_id": "public_transaction_contract_documents_fail_stop",
      "detail": "callers must know that thread handoff is not recoverable in a destructor",
      "passed": true
    },
    {
      "check_id": "direct_sqlite_mutex_calls_have_one_owner",
      "detail": "all direct production enter/leave operations must remain in the connection-authority owner",
      "passed": true
    },
    {
      "check_id": "mutex_inventory_contains_enter_and_leave",
      "detail": "the source audit must observe both sides of the retained mutex protocol",
      "passed": true
    },
    {
      "check_id": "clientdata_calls_have_two_invariant_owners",
      "detail": "authorizer generation and retained-mutex lifetime must be the only client-data namespaces",
      "passed": true
    }
  ],
  "clientdata_call_inventory": [
    {
      "line": 269,
      "operation": "get",
      "path": "src/sync_sqlite_connection_authority.cpp",
      "text": "void* raw = sqlite3_get_clientdata(db, kConnectionAuthorityClientDataName);"
    },
    {
      "line": 701,
      "operation": "set",
      "path": "src/sync_sqlite_connection_authority.cpp",
      "text": "const int client_data_rc = sqlite3_set_clientdata("
    },
    {
      "line": 717,
      "operation": "set",
      "path": "src/sync_sqlite_connection_authority.cpp",
      "text": "(void)sqlite3_set_clientdata("
    },
    {
      "line": 76,
      "operation": "get",
      "path": "src/sync_sqlite_mutex_capability.cpp",
      "text": "sqlite3_get_clientdata(db, kRetainedMutexCapabilityClientDataName);"
    },
    {
      "line": 146,
      "operation": "set",
      "path": "src/sync_sqlite_mutex_capability.cpp",
      "text": "const int rc = sqlite3_set_clientdata("
    }
  ],
  "format": "anonsync-sqlite-mutex-capability-audit-v1",
  "mutex_call_inventory": [
    {
      "line": 136,
      "operation": "enter",
      "path": "src/sync_sqlite_connection_authority.cpp",
      "text": "sqlite3_mutex_enter(mutex_);"
    },
    {
      "line": 148,
      "operation": "leave",
      "path": "src/sync_sqlite_connection_authority.cpp",
      "text": "sqlite3_mutex_leave(mutex_);"
    },
    {
      "line": 598,
      "operation": "leave",
      "path": "src/sync_sqlite_connection_authority.cpp",
      "text": "sqlite3_mutex_leave(mutex_);"
    },
    {
      "line": 635,
      "operation": "leave",
      "path": "src/sync_sqlite_connection_authority.cpp",
      "text": "sqlite3_mutex_leave(mutex_);"
    },
    {
      "line": 960,
      "operation": "leave",
      "path": "src/sync_sqlite_connection_authority.cpp",
      "text": "sqlite3_mutex_leave(mutex);"
    },
    {
      "line": 978,
      "operation": "enter",
      "path": "src/sync_sqlite_connection_authority.cpp",
      "text": "sqlite3_mutex_enter(mutex);"
    },
    {
      "line": 994,
      "operation": "leave",
      "path": "src/sync_sqlite_connection_authority.cpp",
      "text": "sqlite3_mutex_leave(mutex);"
    },
    {
      "line": 1043,
      "operation": "enter",
      "path": "src/sync_sqlite_connection_authority.cpp",
      "text": "sqlite3_mutex_enter(mutex);"
    },
    {
      "line": 1060,
      "operation": "leave",
      "path": "src/sync_sqlite_connection_authority.cpp",
      "text": "sqlite3_mutex_leave(mutex);"
    }
  ],
  "passed": true,
  "passed_check_count": 64,
  "sensitive_file_sha256": {
    "CMakeLists.txt": "4049922122cc94832d12bc4feee1e15fc524b3d826b93ddc3fe0a0ebfbf45dd0",
    "src/sync_sqlite_connection_authority.cpp": "e48a817850f3143b7536a944a5eba87bf71d6fb6232ffaba69e7942967026364",
    "src/sync_sqlite_connection_authority.hpp": "91ba3cafde8d5e672b3e01bfbf85be70f11146e2666b722305973db76158fd56",
    "src/sync_sqlite_connection_authority_internal.hpp": "7c139aef683b769a506156017ca4295d428cfb8b728e706476af583a47b1a173",
    "src/sync_sqlite_mutex_capability.cpp": "1d1da7bba19a21dc72ca74d8d03b8ea28f5bd56a1967b64a3a6d44385f2df471",
    "src/sync_sqlite_mutex_capability.hpp": "0c7a94f697d90f1d90d1458f4ed16b3ddeec515cf29e5b23b2f36ad26006e881",
    "src/sync_sqlite_support.hpp": "d2843d5856d1726015dc7bf7f6641a2bc97430c21641bef641351726bbb36ada",
    "src/sync_sqlite_transaction.cpp": "07ce713ece8a0ee001edc49d78b27890a84b287aa5730291e405b4852fc8dfb9",
    "tests/sqlite_connection_authority_test.cpp": "291f528c1f7de160a0b73405fd338c9e1a8c2207cb1cc6923aba86f628f74557"
  },
  "violations": []
}
