hygiene_r530 focused release validation log
Version: 2026-05-30r530

Validated checks:
- tools/check_consistency.py: OK
- tools/check_readme_latest_cut.py: OK
- tools/check_version.py: OK
- tools/check_hygiene_checkset_completeness.py: OK
- tools/check_cube_hygiene_checkset_manifest.py: OK
- tools/check_removable_media_local_post_detach_contract_closure.py: OK
- tools/check_removable_media_local_post_detach_launch_evidence.py: OK
- tools/check_removable_media_local_post_detach_recovery_evidence.py: OK
- tools/check_removable_media_local_post_detach_query_projection.py: OK
- tools/check_removable_media_local_post_detach_query_projection_access_receipt.py: OK
- tools/check_removable_media_local_post_detach_export_bundle.py: OK
- tools/check_removable_media_local_post_detach_export_bundle_access_receipt.py: OK
- tools/check_removable_media_local_post_detach_export_bundle_deletion_receipt.py: OK
- tools/check_removable_media_local_post_detach_revocation_tombstone.py: OK
- tools/check_removable_media_local_post_detach_denial_receipt.py: OK
- tools/check_removable_media_local_post_detach_denial_reason_registry.py: OK
- tools/check_removable_media_local_post_detach_denial_selection_receipt.py: OK
- tools/check_removable_media_local_post_detach_fresh_authority_receipt.py: OK
- tools/check_removable_media_local_post_detach_fresh_authority_consumption_receipt.py: OK
- tools/check_removable_media_local_post_detach_successor_index_cutover_receipt.py: OK
- tools/check_removable_media_local_post_detach_successor_index_checkpoint_receipt.py: OK
- tools/check_removable_media_local_post_detach_reader_admission_receipt.py: OK
- tools/check_removable_media_local_post_detach_reader_use_receipt.py: OK
- tools/check_removable_media_local_post_detach_reader_use_ledger_receipt.py: OK
- tools/check_removable_media_local_post_detach_reader_use_ledger_retention_receipt.py: OK
- tools/check_removable_media_local_post_detach_reader_use_ledger_retention_expiry_receipt.py: OK
- tools/check_removable_media_local_post_detach_reader_use_ledger_retention_expiry_enforcement_receipt.py: OK
- tools/check_removable_media_local_post_detach_runtime_state_machine.py: OK
- tools/check_removable_media_local_post_detach_scenario_replay.py: OK
- tools/check_removable_media_local_post_detach_transition_witness.py: OK
- tools/check_removable_media_local_post_detach_rate_limit_debit_ledger_receipt.py: OK
- tools/check_removable_media_local_post_detach_terminal_closure_capsule.py: OK
- tools/check_cube_schema_audit_report.py: OK
- tools/check_cube_schema_refactor_backlog.py: OK
- tools/validate_spec_examples.py: OK
- tools/lint_spec_schemas.py: OK
- tools/check_schema_kind_matches_filename.py: OK
- tools/check_spec_example_coverage.py: OK
- tools/check_generated_docs.py: OK
- tools/check_discovery.py: OK
- tools/check_release_last_updated.py: OK
- tools/check_doc_metadata.py: OK
- tools/check_doc_patterns.py: OK
- tools/check_meta_doc_discoverability.py: OK
- tools/check_changelog_format.py: OK
- tools/check_release_heading_order.py: OK
- tools/check_release_heading_uniqueness.py: OK
- tools/check_changelog_index_release_coverage.py: OK
- tools/check_doc_number_prefix_uniqueness.py: OK
- tools/check_markdown_h1_structure.py: OK
- tools/check_markdown_h2_heading_uniqueness.py: OK
- tools/check_markdown_inline_code_balance.py: OK
- tools/check_text_files_final_newline.py: OK
- tools/check_python_tool_executable_bits.py: OK
- tools/check_changelog_artifact_mentions.py: OK
- tools/check_validation_logs_clean.py: OK

Spec example validation: OK (validated 459 examples)
Schema audit/backlog/checkset profiles: OK
Generated docs/discovery/release metadata: OK
Full all-profile tools/hygiene.py wrapper was not marked passed in this interactive cut; focused r530/release/schema/generated-doc and affected post-detach checks were run directly.
