DeriveBSD r507 validation log
Version: 2026-05-21r507

Targeted release-critical checks completed successfully:
- tools/check_consistency.py
- tools/lint_spec_schemas.py
- tools/check_schema_kind_matches_filename.py
- tools/validate_spec_examples.py (429 examples)
- tools/check_generated_docs.py
- tools/check_discovery.py
- tools/check_version.py
- tools/check_release_last_updated.py
- tools/check_changelog_format.py
- tools/check_changelog_artifact_mentions.py
- tools/check_hygiene_checkset_completeness.py
- tools/check_doc_metadata.py
- tools/check_doc_patterns.py
- tools/check_markdown_h1_structure.py
- tools/check_markdown_h2_heading_uniqueness.py
- tools/check_markdown_inline_code_balance.py
- tools/check_text_files_final_newline.py
- tools/check_python_tool_executable_bits.py

New and inherited removable-media post-detach guardrails completed successfully:
- tools/check_removable_media_local_post_detach_contract_closure.py
- tools/check_removable_media_local_post_detach_launch_evidence.py
- tools/check_removable_media_local_post_detach_recovery_evidence.py
- tools/check_removable_media_local_post_detach_query_projection.py

Additional removable-media guardrails spot-checked successfully:
- tools/check_removable_media_local_persistent_state.py
- tools/check_removable_media_local_network_egress.py
- tools/check_removable_media_local_peer_interaction.py
- tools/check_removable_media_local_resource_envelope.py
- tools/check_removable_media_local_runtime_dependency_closure.py
- tools/check_removable_media_local_reviewed_process_launch.py
- tools/check_removable_media_local_worker_lifecycle.py
- tools/check_removable_media_local_subject_capture.py
- tools/check_removable_media_local_single_subject.py

Full hygiene wrapper note:
- Attempted `python3 tools/hygiene.py > hygiene_r507.log 2>&1`.
- The wrapper exceeded the sandbox execution window before completing; `hygiene_r507.log` is included in the archive with the partial output.
- The release-critical targeted suite above and the new/inherited removable-media guardrails are green.
