Consistency check OK
README latest-cut check OK
removable-media post-detach runtime state-machine check passed
removable-media post-detach scenario replay check passed
removable-media post-detach transition witness check passed
removable-media post-detach denial reason registry check passed
cube schema audit report check passed
cube schema refactor backlog check passed
cube hygiene checkset manifest check passed
Spec example validation OK (validated 453 examples)
Spec schema lint OK
Schema kind ↔ filename check OK
Spec example coverage: OK
Generated docs check OK
Discovery checks: OK
Release Last updated stamp check OK
Version check OK
Hygiene checkset completeness OK (341 check scripts referenced exactly once)
Doc metadata check OK
Doc patterns check OK
Meta doc discoverability check OK
Changelog format: OK
Release heading order check OK
Release heading uniqueness check OK
Changelog/index release coverage check OK: 198 changelog releases indexed
Doc number prefix uniqueness check OK (772 unique prefixes; 2 explicit legacy duplicate sets)
Markdown H1 structure check OK, 1334 files
Markdown H2 heading uniqueness check OK, 1334 files
Markdown inline-code balance check OK
Text final-newline check OK
Python tool executable-bit check OK
Changelog artifact mention check OK
Validation log cleanliness check OK
