r523 focused hygiene suite
Started: 2026-05-30T06:53:52Z

==> python3 tools/check_consistency.py
Consistency check OK
PASS: tools/check_consistency.py

==> python3 tools/check_readme_latest_cut.py
README latest-cut check OK
PASS: tools/check_readme_latest_cut.py

==> python3 tools/check_version.py
Version check OK
PASS: tools/check_version.py

==> python3 tools/check_hygiene_checkset_completeness.py
Hygiene checkset completeness OK (339 check scripts referenced exactly once)
PASS: tools/check_hygiene_checkset_completeness.py

==> python3 tools/check_cube_hygiene_checkset_manifest.py
cube hygiene checkset manifest check passed
PASS: tools/check_cube_hygiene_checkset_manifest.py

==> python3 tools/check_removable_media_local_post_detach_transition_witness.py
removable-media post-detach transition witness check passed
PASS: tools/check_removable_media_local_post_detach_transition_witness.py

==> python3 tools/check_cube_schema_audit_report.py
cube schema audit report check passed
PASS: tools/check_cube_schema_audit_report.py

==> python3 tools/check_removable_media_local_post_detach_scenario_replay.py
removable-media post-detach scenario replay check passed
PASS: tools/check_removable_media_local_post_detach_scenario_replay.py

==> python3 tools/check_removable_media_local_post_detach_runtime_state_machine.py
removable-media post-detach runtime state-machine check passed
PASS: tools/check_removable_media_local_post_detach_runtime_state_machine.py

==> python3 tools/validate_spec_examples.py
Spec example validation OK (validated 451 examples)
PASS: tools/validate_spec_examples.py

==> python3 tools/lint_spec_schemas.py
Spec schema lint OK
PASS: tools/lint_spec_schemas.py

==> python3 tools/check_schema_kind_matches_filename.py
Schema kind ↔ filename check OK
PASS: tools/check_schema_kind_matches_filename.py

==> python3 tools/check_spec_example_coverage.py
Spec example coverage: OK
PASS: tools/check_spec_example_coverage.py

==> python3 tools/check_generated_docs.py
Generated docs check OK
PASS: tools/check_generated_docs.py

==> python3 tools/check_discovery.py
Discovery checks: OK
PASS: tools/check_discovery.py

==> python3 tools/check_release_last_updated.py
Release Last updated stamp check OK
PASS: tools/check_release_last_updated.py

==> python3 tools/check_doc_metadata.py
Doc metadata check OK
PASS: tools/check_doc_metadata.py

==> python3 tools/check_doc_patterns.py
Doc patterns check OK
PASS: tools/check_doc_patterns.py

==> python3 tools/check_meta_doc_discoverability.py
Meta doc discoverability check OK
PASS: tools/check_meta_doc_discoverability.py

==> python3 tools/check_changelog_format.py
Changelog format: OK
PASS: tools/check_changelog_format.py

==> python3 tools/check_release_heading_order.py
Release heading order check OK
PASS: tools/check_release_heading_order.py

==> python3 tools/check_release_heading_uniqueness.py
Release heading uniqueness check OK
PASS: tools/check_release_heading_uniqueness.py

==> python3 tools/check_changelog_index_release_coverage.py
Changelog/index release coverage check OK: 197 changelog releases indexed
PASS: tools/check_changelog_index_release_coverage.py

==> python3 tools/check_doc_number_prefix_uniqueness.py
Doc number prefix uniqueness check OK (771 unique prefixes; 2 explicit legacy duplicate sets)
PASS: tools/check_doc_number_prefix_uniqueness.py

==> python3 tools/check_markdown_h1_structure.py
Markdown H1 structure check OK, 1330 files
PASS: tools/check_markdown_h1_structure.py

==> python3 tools/check_markdown_h2_heading_uniqueness.py
Markdown H2 heading uniqueness check OK, 1330 files
PASS: tools/check_markdown_h2_heading_uniqueness.py

==> python3 tools/check_markdown_inline_code_balance.py
Markdown inline-code balance check OK
PASS: tools/check_markdown_inline_code_balance.py

==> python3 tools/check_text_files_final_newline.py
Text final-newline check OK
PASS: tools/check_text_files_final_newline.py

==> python3 tools/check_python_tool_executable_bits.py
Python tool executable-bit check OK
PASS: tools/check_python_tool_executable_bits.py

==> python3 tools/check_changelog_artifact_mentions.py
Changelog artifact mention check OK
PASS: tools/check_changelog_artifact_mentions.py

==> python3 tools/check_validation_logs_clean.py
Validation log cleanliness check OK
PASS: tools/check_validation_logs_clean.py

Completed: 2026-05-30T06:55:45Z
exit_code=0
