# r521 targeted validation log

Full tools/hygiene.py wrapper exceeded the local execution window during this archive preparation run. The following targeted checks were run separately and passed:

- tools/check_readme_latest_cut.py -> README latest-cut check OK
- tools/check_removable_media_local_post_detach_runtime_state_machine.py -> removable-media post-detach runtime state-machine check passed
- tools/check_removable_media_local_post_detach_reader_use_ledger_retention_receipt.py -> removable-media post-detach reader-use ledger retention receipt check passed
- tools/check_removable_media_local_post_detach_reader_use_ledger_retention_expiry_receipt.py -> removable-media post-detach reader-use ledger retention expiry receipt check passed
- tools/check_removable_media_local_post_detach_reader_use_ledger_retention_expiry_enforcement_receipt.py -> removable-media post-detach reader-use ledger retention expiry enforcement receipt check passed
- tools/validate_spec_examples.py -> Spec example validation OK (validated 447 examples)
- tools/lint_spec_schemas.py -> Spec schema lint OK
- tools/check_schema_kind_matches_filename.py -> Schema kind ↔ filename check OK
- tools/check_version.py -> Version check OK
- tools/check_generated_docs.py -> Generated docs check OK
- tools/check_discovery.py -> Discovery checks: OK
- tools/check_release_last_updated.py -> Release Last updated stamp check OK
- tools/check_hygiene_checkset_completeness.py -> Hygiene checkset completeness OK (335 check scripts referenced exactly once)
- tools/check_doc_metadata.py -> Doc metadata check OK
- tools/check_doc_patterns.py -> Doc patterns check OK
- tools/check_meta_doc_discoverability.py -> Meta doc discoverability check OK
- tools/check_changelog_format.py -> Changelog format: OK
- tools/check_release_heading_order.py -> Release heading order check OK
- tools/check_release_heading_uniqueness.py -> Release heading uniqueness check OK
- tools/check_changelog_index_release_coverage.py -> Changelog/index release coverage check OK: 195 changelog releases indexed
- tools/check_doc_number_prefix_uniqueness.py -> Doc number prefix uniqueness check OK (769 unique prefixes; 2 explicit legacy duplicate sets)
- tools/check_markdown_h1_structure.py -> Markdown H1 structure check OK, 1322 files
- tools/check_markdown_h2_heading_uniqueness.py -> Markdown H2 heading uniqueness check OK, 1322 files
- tools/check_markdown_inline_code_balance.py -> Markdown inline-code balance check OK
- tools/check_text_files_final_newline.py -> Text final-newline check OK
- tools/check_python_tool_executable_bits.py -> Python tool executable-bit check OK
- tools/check_changelog_artifact_mentions.py -> Changelog artifact mention check OK
- tools/check_spec_example_coverage.py -> Spec example coverage: OK
- tools/check_validation_logs_clean.py -> Validation log cleanliness check OK
