DeriveBSD r509 targeted validation
Fri May 22 17:35:26 UTC 2026

removable-media post-detach revocation-tombstone check passed
removable-media post-detach export-bundle check passed
removable-media post-detach query-projection check passed
removable-media post-detach recovery-evidence check passed
removable-media post-detach FreeBSD launch-evidence check passed
removable-media post-detach contract-closure check passed
Spec schema lint OK
Schema kind ↔ filename check OK
Spec example validation OK (validated 431 examples)
Generated docs check OK
Hygiene checkset completeness OK (322 check scripts referenced exactly once)
Release Last updated stamp check OK
Version check OK
Changelog format: OK
Release heading uniqueness check OK
Release heading order check OK
Changelog/index release coverage check OK: 183 changelog releases indexed
Index front-matter order check OK
Doc metadata check OK
Doc patterns check OK
Python tool executable-bit check OK
Text final-newline check OK
Markdown H1 structure check OK, 1294 files
Markdown H2 heading uniqueness check OK, 1294 files
Markdown inline-code balance check OK
Discovery checks: OK
Meta doc discoverability check OK
Changelog artifact mention check OK
Must-read set check OK
Risk register check OK
Risk-register heading id check OK (74 unique item ids)
Validation log cleanliness check OK
