DeriveBSD r532 focused validation log

Passed directly:
- check_consistency.py
- check_readme_latest_cut.py
- check_version.py
- check_release_last_updated.py
- check_removable_media_local_post_detach_contract_closure.py
- check_removable_media_local_post_detach_denial_reason_registry.py
- check_removable_media_local_post_detach_denial_receipt.py
- check_removable_media_local_post_detach_denial_selection_receipt.py
- check_removable_media_local_post_detach_export_bundle.py
- check_removable_media_local_post_detach_export_bundle_access_receipt.py
- check_removable_media_local_post_detach_export_bundle_deletion_receipt.py
- check_removable_media_local_post_detach_fresh_authority_consumption_receipt.py
- check_removable_media_local_post_detach_fresh_authority_receipt.py
- check_removable_media_local_post_detach_launch_evidence.py
- check_removable_media_local_post_detach_query_projection.py
- check_removable_media_local_post_detach_query_projection_access_receipt.py
- check_removable_media_local_post_detach_rate_limit_debit_ledger_receipt.py
- check_removable_media_local_post_detach_reader_admission_receipt.py
- check_removable_media_local_post_detach_reader_use_ledger_receipt.py
- check_removable_media_local_post_detach_reader_use_ledger_retention_expiry_enforcement_receipt.py
- check_removable_media_local_post_detach_reader_use_ledger_retention_expiry_receipt.py
- check_removable_media_local_post_detach_reader_use_ledger_retention_receipt.py
- check_removable_media_local_post_detach_reader_use_receipt.py
- check_removable_media_local_post_detach_recovery_evidence.py
- check_removable_media_local_post_detach_revocation_tombstone.py
- check_removable_media_local_post_detach_runtime_state_machine.py
- check_removable_media_local_post_detach_scenario_replay.py
- check_removable_media_local_post_detach_successor_index_checkpoint_receipt.py
- check_removable_media_local_post_detach_successor_index_cutover_receipt.py
- check_removable_media_local_post_detach_terminal_closure_access_receipt.py
- check_removable_media_local_post_detach_terminal_closure_capsule.py
- check_removable_media_local_post_detach_terminal_closure_successor_authority_receipt.py
- check_removable_media_local_post_detach_transition_witness.py
- check_removable_media_local_post_detach_worker_reset.py
- check_cube_schema_audit_report.py
- check_cube_schema_refactor_backlog.py
- check_cube_hygiene_checkset_manifest.py
- validate_spec_examples.py
- lint_spec_schemas.py
- check_schema_kind_matches_filename.py
- check_spec_example_coverage.py
- check_generated_docs.py
- check_discovery.py
- check_meta_doc_discoverability.py
- check_changelog_format.py
- check_release_heading_order.py
- check_release_heading_uniqueness.py
- check_changelog_index_release_coverage.py
- check_index_front_matter_order.py
- check_doc_number_prefix_uniqueness.py
- check_markdown_h1_structure.py
- check_markdown_h2_heading_uniqueness.py
- check_markdown_inline_code_balance.py
- check_text_files_final_newline.py
- check_python_tool_executable_bits.py
- check_changelog_artifact_mentions.py
- check_hygiene_checkset_completeness.py
- check_doc_metadata.py
- check_doc_patterns.py
- check_validation_logs_clean.py

Notes:
- validate_spec_examples.py validated 461 examples.
- The full all-profile wrapper remains intentionally unclaimed in this interactive cut; focused r532, post-detach, release, schema, and generated-doc checks passed directly.
