2026-05-30r531 focused validation log

Passed directly:
- python3 tools/check_removable_media_local_post_detach_terminal_closure_access_receipt.py
- python3 tools/check_removable_media_local_post_detach_fresh_authority_receipt.py
- python3 tools/check_removable_media_local_post_detach_terminal_closure_capsule.py
- python3 tools/check_removable_media_local_post_detach_export_bundle_deletion_receipt.py
- python3 tools/check_removable_media_local_post_detach_export_bundle_access_receipt.py
- python3 tools/check_removable_media_local_post_detach_query_projection_access_receipt.py
- python3 tools/check_removable_media_local_post_detach_rate_limit_debit_ledger_receipt.py
- python3 tools/check_removable_media_local_post_detach_denial_selection_receipt.py
- python3 tools/check_removable_media_local_post_detach_denial_reason_registry.py
- python3 tools/check_removable_media_local_post_detach_transition_witness.py
- python3 tools/check_removable_media_local_post_detach_scenario_replay.py
- python3 tools/check_removable_media_local_post_detach_runtime_state_machine.py
- python3 tools/check_cube_schema_audit_report.py
- python3 tools/check_cube_schema_refactor_backlog.py
- python3 tools/check_cube_hygiene_checkset_manifest.py
- python3 tools/validate_spec_examples.py
- python3 tools/lint_spec_schemas.py
- python3 tools/check_schema_kind_matches_filename.py
- python3 tools/check_spec_example_coverage.py
- python3 tools/check_generated_docs.py
- python3 tools/check_discovery.py
- python3 tools/check_meta_doc_discoverability.py
- python3 tools/check_doc_metadata.py
- python3 tools/check_doc_patterns.py
- python3 tools/check_doc_number_prefix_uniqueness.py
- python3 tools/check_markdown_h1_structure.py
- python3 tools/check_markdown_h2_heading_uniqueness.py
- python3 tools/check_markdown_inline_code_balance.py
- python3 tools/check_text_files_final_newline.py
- python3 tools/check_python_tool_executable_bits.py
- python3 tools/check_consistency.py
- python3 tools/check_changelog_artifact_mentions.py
- python3 tools/check_hygiene_checkset_completeness.py
- python3 tools/check_release_last_updated.py
- python3 tools/check_readme_latest_cut.py
- python3 tools/check_version.py
- python3 tools/check_changelog_format.py
- python3 tools/check_release_heading_order.py
- python3 tools/check_release_heading_uniqueness.py
- python3 tools/check_changelog_index_release_coverage.py
- python3 tools/check_index_front_matter_order.py
- python3 tools/check_validation_logs_clean.py

Notes:
- The generated-doc checker was refactored in r531 to call generator functions directly, avoiding repeated subprocess capture in short interactive runners.
- The full all-profile tools/hygiene.py wrapper was not used as the authority for this interactive cut; focused release/schema/generated-doc and affected post-detach checks above were run directly.
