DeriveBSD r508 validation log
Generated: 2026-05-21r508

Targeted release-critical suite:
removable-media post-detach export-bundle check passed
removable-media post-detach query-projection check passed
removable-media post-detach recovery-evidence check passed
removable-media post-detach FreeBSD launch-evidence check passed
removable-media post-detach contract-closure check passed
Spec schema lint OK
Schema kind ↔ filename check OK
Spec example validation OK (validated 430 examples)
Generated docs check OK
Discovery checks: OK
Meta doc discoverability check OK
Changelog format: OK
Release heading uniqueness check OK
Release heading order check OK
Changelog/index release coverage check OK: 182 changelog releases indexed
Index front-matter order check OK
Doc number prefix uniqueness check OK (756 unique prefixes; 2 explicit legacy duplicate sets)
Markdown H1 structure check OK, 1292 files
Markdown H2 heading uniqueness check OK, 1292 files
Markdown inline-code balance check OK
Text final-newline check OK
Python tool executable-bit check OK
Changelog artifact mention check OK
Hygiene checkset completeness OK (321 check scripts referenced exactly once)
Release Last updated stamp check OK
Doc metadata check OK
Doc patterns check OK
Version check OK

Full hygiene wrapper: attempted; exceeded the sandbox execution window after completing the early/mid checkset and all removable-media post-detach checks through r508. See hygiene_r508.log inside the zip for partial wrapper output.
