Consistency check OK
Spec schema lint OK
Schema kind ↔ filename check OK
Spec example validation OK (validated 433 examples)
Discovery checks: OK
Meta doc discoverability check OK
Changelog format: OK
Release heading uniqueness check OK
Release heading order check OK
Changelog/index release coverage check OK: 185 changelog releases indexed
Index front-matter order check OK
Doc number prefix uniqueness check OK (759 unique prefixes; 2 explicit legacy duplicate sets)
Markdown H1 structure check OK, 1298 files
Markdown H2 heading uniqueness check OK, 1298 files
Markdown inline-code balance check OK
Text final-newline check OK
Python tool executable-bit check OK
Changelog artifact mention check OK
Hygiene checkset completeness OK (324 check scripts referenced exactly once)
Release Last updated stamp check OK
Must-read set check OK
Doc metadata check OK
Doc patterns check OK
Diff surface registry check OK
Diff surface registry wiring check OK
Diff review-surface docs check OK
Diff wiring Risk flags check OK
Juicy lesson curated reference check OK
Risk flag registry check OK
Risk flag typical_sources check OK
Product profile check OK
Product-profile default vocabulary check OK
Remote-assistance recording posture check OK
Operator-access recording posture check OK
Breakglass recording posture check OK
Breakglass recording activation boundary: OK
Breakglass repair outcome boundary: OK
Breakglass method boundary: OK
Breakglass bootstrap join boundary: OK
Breakglass bootstrap sequence boundary: OK
Breakglass bootstrap actuation boundary: OK
Destructive-reprovision evidence posture check OK
Firmware evidence posture check OK
Trust-bundle apply boundary check OK
Trust-bundle apply bundle contract: OK
Event-seal bundle contract: OK
Event journal digest contract check OK
Restore boundary check OK
Restore bundle contract: OK
Support-session bundle contract: OK
Operator-session bundle contract: OK
Breakglass bundle contract: OK
Breakglass adapter detail boundary: OK
Breakglass adapter bundle boundary: OK
Breakglass adapter export receipt boundary: OK
Breakglass adapter anchor boundary: OK
Breakglass adapter live-locator boundary: OK
Breakglass adapter payload-anchor boundary: OK
Breakglass accepted case-object exactness boundary: OK
Breakglass accepted case-object validator continuity boundary: OK
Breakglass accepted case-object remote-protection continuity boundary: OK
Breakglass accepted case-object visible protection exactness boundary: OK
Breakglass accepted case-object remote locator continuity boundary: OK
Breakglass accepted case-object reverification boundary: OK
UEFI-var-set bundle contract: OK
Firmware-update bundle contract: OK
Firmware-inventory-diff bundle contract: OK
Boot-bless bundle contract: OK
Storage-scrub bundle contract: OK
Time-sync bundle contract: OK
time degraded-response boundary check passed
time source-policy profile-floor check passed
Removable-media local fallback boundary OK
removable-media local-ingest first-cut check passed
removable-media local-fallback filesystem-admission check passed
removable-media local-fallback mount-hardening check passed
removable-media local-fallback member-kind floor check passed
removable-media local-fallback member-path normalization check passed
removable-media local-fallback metadata-fidelity check passed
removable-media local-fallback single-selected-subject check passed
removable-media local-fallback regular-file-only selected-subject check passed
removable-media local-fallback present-device-instance-only approval check passed
removable-media local-fallback attach receipt hint check passed
removable-media local-fallback subject-capture check passed
removable-media local-fallback early-detach check passed
removable-media local-fallback post-detach fresh-worker check passed
removable-media local-fallback preserved-capture check passed
==> /usr/local/bin/python3 /mnt/data/r511_work/tools/check_consistency.py
==> /usr/local/bin/python3 /mnt/data/r511_work/tools/lint_spec_schemas.py
==> /usr/local/bin/python3 /mnt/data/r511_work/tools/check_schema_kind_matches_filename.py
==> /usr/local/bin/python3 /mnt/data/r511_work/tools/validate_spec_examples.py
==> /usr/local/bin/python3 /mnt/data/r511_work/tools/check_discovery.py
==> /usr/local/bin/python3 /mnt/data/r511_work/tools/check_meta_doc_discoverability.py
==> /usr/local/bin/python3 /mnt/data/r511_work/tools/check_changelog_format.py
==> /usr/local/bin/python3 /mnt/data/r511_work/tools/check_release_heading_uniqueness.py
==> /usr/local/bin/python3 /mnt/data/r511_work/tools/check_release_heading_order.py
==> /usr/local/bin/python3 /mnt/data/r511_work/tools/check_changelog_index_release_coverage.py
==> /usr/local/bin/python3 /mnt/data/r511_work/tools/check_index_front_matter_order.py
==> /usr/local/bin/python3 /mnt/data/r511_work/tools/check_doc_number_prefix_uniqueness.py
==> /usr/local/bin/python3 /mnt/data/r511_work/tools/check_markdown_h1_structure.py
==> /usr/local/bin/python3 /mnt/data/r511_work/tools/check_markdown_h2_heading_uniqueness.py
==> /usr/local/bin/python3 /mnt/data/r511_work/tools/check_markdown_inline_code_balance.py
==> /usr/local/bin/python3 /mnt/data/r511_work/tools/check_text_files_final_newline.py
==> /usr/local/bin/python3 /mnt/data/r511_work/tools/check_python_tool_executable_bits.py
==> /usr/local/bin/python3 /mnt/data/r511_work/tools/check_changelog_artifact_mentions.py
==> /usr/local/bin/python3 /mnt/data/r511_work/tools/check_hygiene_checkset_completeness.py
==> /usr/local/bin/python3 /mnt/data/r511_work/tools/check_release_last_updated.py
==> /usr/local/bin/python3 /mnt/data/r511_work/tools/check_must_read_set.py
==> /usr/local/bin/python3 /mnt/data/r511_work/tools/check_doc_metadata.py
==> /usr/local/bin/python3 /mnt/data/r511_work/tools/check_doc_patterns.py
==> /usr/local/bin/python3 /mnt/data/r511_work/tools/check_diff_surface_registry.py
==> /usr/local/bin/python3 /mnt/data/r511_work/tools/check_diff_surface_registry_wiring.py
==> /usr/local/bin/python3 /mnt/data/r511_work/tools/check_diff_review_docs.py
==> /usr/local/bin/python3 /mnt/data/r511_work/tools/check_diff_wiring_risk_flags.py
==> /usr/local/bin/python3 /mnt/data/r511_work/tools/check_juicy_lesson_references.py
==> /usr/local/bin/python3 /mnt/data/r511_work/tools/check_risk_flag_registry.py
==> /usr/local/bin/python3 /mnt/data/r511_work/tools/check_risk_flag_typical_sources.py
==> /usr/local/bin/python3 /mnt/data/r511_work/tools/check_product_profiles.py
==> /usr/local/bin/python3 /mnt/data/r511_work/tools/check_profile_default_vocabulary.py
==> /usr/local/bin/python3 /mnt/data/r511_work/tools/check_remote_assistance_recording_posture.py
==> /usr/local/bin/python3 /mnt/data/r511_work/tools/check_operator_access_recording_posture.py
==> /usr/local/bin/python3 /mnt/data/r511_work/tools/check_breakglass_recording_posture.py
==> /usr/local/bin/python3 /mnt/data/r511_work/tools/check_breakglass_recording_activation_boundary.py
==> /usr/local/bin/python3 /mnt/data/r511_work/tools/check_breakglass_repair_outcome_boundary.py
==> /usr/local/bin/python3 /mnt/data/r511_work/tools/check_breakglass_method_boundary.py
==> /usr/local/bin/python3 /mnt/data/r511_work/tools/check_breakglass_bootstrap_join_boundary.py
==> /usr/local/bin/python3 /mnt/data/r511_work/tools/check_breakglass_bootstrap_sequence_boundary.py
==> /usr/local/bin/python3 /mnt/data/r511_work/tools/check_breakglass_bootstrap_actuation_boundary.py
==> /usr/local/bin/python3 /mnt/data/r511_work/tools/check_destructive_reprovision_evidence_posture.py
==> /usr/local/bin/python3 /mnt/data/r511_work/tools/check_firmware_evidence_posture.py
==> /usr/local/bin/python3 /mnt/data/r511_work/tools/check_trust_bundle_apply_boundary.py
==> /usr/local/bin/python3 /mnt/data/r511_work/tools/check_trust_bundle_apply_bundle_contract.py
==> /usr/local/bin/python3 /mnt/data/r511_work/tools/check_event_seal_bundle_contract.py
==> /usr/local/bin/python3 /mnt/data/r511_work/tools/check_event_journal_digest_contract.py
==> /usr/local/bin/python3 /mnt/data/r511_work/tools/check_restore_boundary.py
==> /usr/local/bin/python3 /mnt/data/r511_work/tools/check_restore_bundle_contract.py
==> /usr/local/bin/python3 /mnt/data/r511_work/tools/check_support_session_bundle_contract.py
==> /usr/local/bin/python3 /mnt/data/r511_work/tools/check_operator_session_bundle_contract.py
==> /usr/local/bin/python3 /mnt/data/r511_work/tools/check_breakglass_bundle_contract.py
==> /usr/local/bin/python3 /mnt/data/r511_work/tools/check_breakglass_adapter_detail_boundary.py
==> /usr/local/bin/python3 /mnt/data/r511_work/tools/check_breakglass_adapter_bundle_boundary.py
==> /usr/local/bin/python3 /mnt/data/r511_work/tools/check_breakglass_adapter_export_receipt_boundary.py
==> /usr/local/bin/python3 /mnt/data/r511_work/tools/check_breakglass_adapter_anchor_boundary.py
==> /usr/local/bin/python3 /mnt/data/r511_work/tools/check_breakglass_adapter_live_locator_boundary.py
==> /usr/local/bin/python3 /mnt/data/r511_work/tools/check_breakglass_adapter_payload_anchor_boundary.py
==> /usr/local/bin/python3 /mnt/data/r511_work/tools/check_breakglass_adapter_case_object_exactness_boundary.py
==> /usr/local/bin/python3 /mnt/data/r511_work/tools/check_breakglass_adapter_case_object_validator_boundary.py
==> /usr/local/bin/python3 /mnt/data/r511_work/tools/check_breakglass_adapter_case_object_remote_protection_boundary.py
==> /usr/local/bin/python3 /mnt/data/r511_work/tools/check_breakglass_adapter_case_object_remote_protection_exactness_boundary.py
==> /usr/local/bin/python3 /mnt/data/r511_work/tools/check_breakglass_adapter_case_object_remote_locator_boundary.py
==> /usr/local/bin/python3 /mnt/data/r511_work/tools/check_breakglass_adapter_case_object_reverification_boundary.py
==> /usr/local/bin/python3 /mnt/data/r511_work/tools/check_uefi_var_set_bundle_contract.py
==> /usr/local/bin/python3 /mnt/data/r511_work/tools/check_fw_update_bundle_contract.py
==> /usr/local/bin/python3 /mnt/data/r511_work/tools/check_fw_inventory_diff_bundle_contract.py
==> /usr/local/bin/python3 /mnt/data/r511_work/tools/check_boot_bless_bundle_contract.py
==> /usr/local/bin/python3 /mnt/data/r511_work/tools/check_storage_scrub_bundle_contract.py
==> /usr/local/bin/python3 /mnt/data/r511_work/tools/check_time_sync_bundle_contract.py
==> /usr/local/bin/python3 /mnt/data/r511_work/tools/check_time_degraded_response_boundary.py
==> /usr/local/bin/python3 /mnt/data/r511_work/tools/check_time_source_policy_profile_floors.py
==> /usr/local/bin/python3 /mnt/data/r511_work/tools/check_removable_media_local_fallback_boundary.py
==> /usr/local/bin/python3 /mnt/data/r511_work/tools/check_removable_media_local_ingest_firstcut.py
==> /usr/local/bin/python3 /mnt/data/r511_work/tools/check_removable_media_local_fs_admission.py
==> /usr/local/bin/python3 /mnt/data/r511_work/tools/check_removable_media_local_mount_hardening.py
==> /usr/local/bin/python3 /mnt/data/r511_work/tools/check_removable_media_local_member_kind_floor.py
==> /usr/local/bin/python3 /mnt/data/r511_work/tools/check_removable_media_local_member_path_normalization.py
==> /usr/local/bin/python3 /mnt/data/r511_work/tools/check_removable_media_local_metadata_fidelity_floor.py
==> /usr/local/bin/python3 /mnt/data/r511_work/tools/check_removable_media_local_single_subject.py
==> /usr/local/bin/python3 /mnt/data/r511_work/tools/check_removable_media_local_regular_file_subject.py
==> /usr/local/bin/python3 /mnt/data/r511_work/tools/check_removable_media_local_present_device_scope.py
==> /usr/local/bin/python3 /mnt/data/r511_work/tools/check_removable_media_local_attach_receipt_hints.py
==> /usr/local/bin/python3 /mnt/data/r511_work/tools/check_removable_media_local_subject_capture.py
==> /usr/local/bin/python3 /mnt/data/r511_work/tools/check_removable_media_local_early_detach.py
==> /usr/local/bin/python3 /mnt/data/r511_work/tools/check_removable_media_local_post_detach_worker_reset.py
==> /usr/local/bin/python3 /mnt/data/r511_work/tools/check_removable_media_local_preserved_capture.py
removable-media local-fallback authoritative-store check passed
removable-media local-fallback single-object projection check passed
removable-media local-fallback projection digest-binding check passed
removable-media local-fallback preopened-delivery check passed
removable-media local-fallback broker-collected derivative-output check passed
removable-media local-fallback single-declared-derivative-slot check passed
removable-media local-fallback empty-writeonly-derivative-slot check passed
removable-media local-fallback append-open-derivative-slot check passed
removable-media local-fallback capability-mode-entry check passed
removable-media local-fallback closed-world descriptor-set check passed
removable-media local-fallback reviewed process-launch check passed
removable-media local-fallback executable identity check passed
removable-media local-fallback runtime dependency closure check passed
removable-media local-fallback credential envelope check passed
removable-media local-fallback worker lifecycle check passed
removable-media local-fallback resource-envelope check passed
removable-media local-fallback peer-interaction check passed
removable-media local-fallback ambient-input envelope check passed
removable-media local-fallback network-egress check passed
removable-media local-fallback persistent-state check passed
removable-media post-detach contract-closure check passed
removable-media post-detach FreeBSD launch-evidence check passed
removable-media post-detach recovery-evidence check passed
removable-media post-detach query-projection check passed
removable-media post-detach export-bundle check passed
removable-media post-detach revocation-tombstone check passed
removable-media post-detach denial-receipt check passed
removable-media post-detach fresh-authority receipt check passed
Lease-snapshot bundle contract: OK
Secret bundle contract: OK
PKI issue bundle contract: OK
Attestation bundle contract: OK
Attestation reference variance contract: OK
Attestation reference exception contract: OK
Attestation reference renewal contract: OK
Attestation reference selection contract: OK
Attestation identity provenance contract: OK
Attestation action verification contract: OK
Attestation degraded admission contract: OK
Attestation rejected-override contract: OK
Attestation verdict projection contract: OK
Breakglass resumption contract: OK
Breakglass resumption exact join contract: OK
Breakglass resumption same-host binding contract: OK
Breakglass resumption temporal contract: OK
Learned-network contract: OK
Publish-session contract: OK
Publish-session access-posture contract: OK
Publish-session lifetime contract check OK
Publish-session locator posture contract check OK
Publish-session secret-handoff contract check OK
Publish-session secret-handoff/authn-mode contract check OK
Publish-session secret-lifetime contract check OK
Publish-session secret-consumption contract check OK
Publish-session support-session authority contract check OK
Publish-session authority-join contract check OK
Publish-session lease-id contract check OK
Publish-session maintenance-trigger contract check OK
Publish-session support-trigger contract check OK
Publish-session access-model posture contract check OK
Publish-session audience-bound human-share access-model contract check OK
Publish-session organization-user exposure contract check OK
Publish-session surface continuity contract check OK
Publish-session diagnostic artifact contract check OK
publish-session current-stack contract OK
Publish-session audience-binding hints contract check OK
Publish-session binding-hint exactness contract check OK
Publish-session public-webhook validation-hint contract check OK
Publish-session validation_hint webhook-only contract check OK
==> /usr/local/bin/python3 /mnt/data/r511_work/tools/check_removable_media_local_authoritative_store.py
==> /usr/local/bin/python3 /mnt/data/r511_work/tools/check_removable_media_local_single_object_projection.py
==> /usr/local/bin/python3 /mnt/data/r511_work/tools/check_removable_media_local_projection_digest_binding.py
==> /usr/local/bin/python3 /mnt/data/r511_work/tools/check_removable_media_local_preopened_delivery.py
==> /usr/local/bin/python3 /mnt/data/r511_work/tools/check_removable_media_local_broker_collected_output.py
==> /usr/local/bin/python3 /mnt/data/r511_work/tools/check_removable_media_local_single_declared_derivative_slot.py
==> /usr/local/bin/python3 /mnt/data/r511_work/tools/check_removable_media_local_empty_writeonly_derivative_slot.py
==> /usr/local/bin/python3 /mnt/data/r511_work/tools/check_removable_media_local_append_open_derivative_slot.py
==> /usr/local/bin/python3 /mnt/data/r511_work/tools/check_removable_media_local_capability_mode_entry.py
==> /usr/local/bin/python3 /mnt/data/r511_work/tools/check_removable_media_local_closed_world_descriptor_set.py
==> /usr/local/bin/python3 /mnt/data/r511_work/tools/check_removable_media_local_reviewed_process_launch.py
==> /usr/local/bin/python3 /mnt/data/r511_work/tools/check_removable_media_local_executable_identity.py
==> /usr/local/bin/python3 /mnt/data/r511_work/tools/check_removable_media_local_runtime_dependency_closure.py
==> /usr/local/bin/python3 /mnt/data/r511_work/tools/check_removable_media_local_credential_envelope.py
==> /usr/local/bin/python3 /mnt/data/r511_work/tools/check_removable_media_local_worker_lifecycle.py
==> /usr/local/bin/python3 /mnt/data/r511_work/tools/check_removable_media_local_resource_envelope.py
==> /usr/local/bin/python3 /mnt/data/r511_work/tools/check_removable_media_local_peer_interaction.py
==> /usr/local/bin/python3 /mnt/data/r511_work/tools/check_removable_media_local_ambient_input_envelope.py
==> /usr/local/bin/python3 /mnt/data/r511_work/tools/check_removable_media_local_network_egress.py
==> /usr/local/bin/python3 /mnt/data/r511_work/tools/check_removable_media_local_persistent_state.py
==> /usr/local/bin/python3 /mnt/data/r511_work/tools/check_removable_media_local_post_detach_contract_closure.py
==> /usr/local/bin/python3 /mnt/data/r511_work/tools/check_removable_media_local_post_detach_launch_evidence.py
==> /usr/local/bin/python3 /mnt/data/r511_work/tools/check_removable_media_local_post_detach_recovery_evidence.py
==> /usr/local/bin/python3 /mnt/data/r511_work/tools/check_removable_media_local_post_detach_query_projection.py
==> /usr/local/bin/python3 /mnt/data/r511_work/tools/check_removable_media_local_post_detach_export_bundle.py
==> /usr/local/bin/python3 /mnt/data/r511_work/tools/check_removable_media_local_post_detach_revocation_tombstone.py
==> /usr/local/bin/python3 /mnt/data/r511_work/tools/check_removable_media_local_post_detach_denial_receipt.py
==> /usr/local/bin/python3 /mnt/data/r511_work/tools/check_removable_media_local_post_detach_fresh_authority_receipt.py
==> /usr/local/bin/python3 /mnt/data/r511_work/tools/check_crypto_compat_agent_projection_boundary.py
==> /usr/local/bin/python3 /mnt/data/r511_work/tools/check_lease_snapshot_bundle_contract.py
==> /usr/local/bin/python3 /mnt/data/r511_work/tools/check_secret_bundle_contract.py
==> /usr/local/bin/python3 /mnt/data/r511_work/tools/check_pki_issue_bundle_contract.py
==> /usr/local/bin/python3 /mnt/data/r511_work/tools/check_attestation_bundle_contract.py
==> /usr/local/bin/python3 /mnt/data/r511_work/tools/check_attestation_reference_variance_contract.py
==> /usr/local/bin/python3 /mnt/data/r511_work/tools/check_attestation_reference_exception_contract.py
==> /usr/local/bin/python3 /mnt/data/r511_work/tools/check_attestation_reference_renewal_contract.py
==> /usr/local/bin/python3 /mnt/data/r511_work/tools/check_attestation_reference_selection_contract.py
==> /usr/local/bin/python3 /mnt/data/r511_work/tools/check_attestation_identity_provenance_contract.py
==> /usr/local/bin/python3 /mnt/data/r511_work/tools/check_attestation_action_verification_contract.py
==> /usr/local/bin/python3 /mnt/data/r511_work/tools/check_attestation_degraded_admission_contract.py
==> /usr/local/bin/python3 /mnt/data/r511_work/tools/check_attestation_rejected_override_contract.py
==> /usr/local/bin/python3 /mnt/data/r511_work/tools/check_attestation_verdict_projection_contract.py
==> /usr/local/bin/python3 /mnt/data/r511_work/tools/check_breakglass_resumption_contract.py
==> /usr/local/bin/python3 /mnt/data/r511_work/tools/check_breakglass_resumption_join_contract.py
==> /usr/local/bin/python3 /mnt/data/r511_work/tools/check_breakglass_resumption_subject_binding_contract.py
==> /usr/local/bin/python3 /mnt/data/r511_work/tools/check_breakglass_resumption_temporal_contract.py
==> /usr/local/bin/python3 /mnt/data/r511_work/tools/check_learn_net_contract.py
==> /usr/local/bin/python3 /mnt/data/r511_work/tools/check_publish_session_contract.py
==> /usr/local/bin/python3 /mnt/data/r511_work/tools/check_publish_session_access_posture_contract.py
==> /usr/local/bin/python3 /mnt/data/r511_work/tools/check_publish_session_lifetime_contract.py
==> /usr/local/bin/python3 /mnt/data/r511_work/tools/check_publish_session_locator_posture_contract.py
==> /usr/local/bin/python3 /mnt/data/r511_work/tools/check_publish_session_secret_handoff_contract.py
==> /usr/local/bin/python3 /mnt/data/r511_work/tools/check_publish_session_secret_handoff_authn_mode_contract.py
==> /usr/local/bin/python3 /mnt/data/r511_work/tools/check_publish_session_secret_lifetime_contract.py
==> /usr/local/bin/python3 /mnt/data/r511_work/tools/check_publish_session_secret_consumption_contract.py
==> /usr/local/bin/python3 /mnt/data/r511_work/tools/check_publish_session_support_session_contract.py
==> /usr/local/bin/python3 /mnt/data/r511_work/tools/check_publish_session_authority_join_contract.py
==> /usr/local/bin/python3 /mnt/data/r511_work/tools/check_publish_session_lease_id_contract.py
==> /usr/local/bin/python3 /mnt/data/r511_work/tools/check_publish_session_maintenance_trigger_contract.py
==> /usr/local/bin/python3 /mnt/data/r511_work/tools/check_publish_session_support_trigger_contract.py
==> /usr/local/bin/python3 /mnt/data/r511_work/tools/check_publish_session_access_model_contract.py
==> /usr/local/bin/python3 /mnt/data/r511_work/tools/check_publish_session_human_share_access_model_contract.py
==> /usr/local/bin/python3 /mnt/data/r511_work/tools/check_publish_session_organization_exposure_contract.py
==> /usr/local/bin/python3 /mnt/data/r511_work/tools/check_publish_session_surface_continuity_contract.py
==> /usr/local/bin/python3 /mnt/data/r511_work/tools/check_publish_session_diagnostic_artifact_contract.py
==> /usr/local/bin/python3 /mnt/data/r511_work/tools/check_publish_session_notes_contract.py
==> /usr/local/bin/python3 /mnt/data/r511_work/tools/check_publish_session_visible_indicator_contract.py
==> /usr/local/bin/python3 /mnt/data/r511_work/tools/check_publish_session_revocation_affordance_contract.py
==> /usr/local/bin/python3 /mnt/data/r511_work/tools/check_publish_session_return_path_contract.py
==> /usr/local/bin/python3 /mnt/data/r511_work/tools/check_publish_session_management_return_binding_contract.py
==> /usr/local/bin/python3 /mnt/data/r511_work/tools/check_publish_session_post_end_management_return_contract.py
==> /usr/local/bin/python3 /mnt/data/r511_work/tools/check_publish_session_terminal_end_condition_contract.py
==> /usr/local/bin/python3 /mnt/data/r511_work/tools/check_publish_session_current_stack_contract.py
==> /usr/local/bin/python3 /mnt/data/r511_work/tools/check_publish_session_post_end_access_contract.py
==> /usr/local/bin/python3 /mnt/data/r511_work/tools/check_publish_session_binding_hints_contract.py
==> /usr/local/bin/python3 /mnt/data/r511_work/tools/check_publish_session_binding_hint_exactness_contract.py
==> /usr/local/bin/python3 /mnt/data/r511_work/tools/check_publish_session_webhook_validation_contract.py
==> /usr/local/bin/python3 /mnt/data/r511_work/tools/check_publish_session_validation_hint_webhook_only_contract.py
Publish-session endpoint-hint posture contract check OK
Publish-session URL-hint posture contract check OK
Publish-session relay-url https-shaped URL-hint posture contract check OK
Publish-session path-prefix posture contract check OK
Publish-session URI-path-safe path-prefix posture contract check OK
Publish-session local-service URI-hint contract check OK
Publish-session hostname posture contract check OK
Publish-session remote-locator posture contract check OK
Publish-session remote-locator-value posture contract check OK
Publish-session relay uri-hint non-web-shaped locator contract check OK
Publish-session destination-hint posture contract check OK
Publish-session tailnet reverse-forward posture contract check OK
Packet-capture boundary contract: OK
Packet-capture session contract: OK
Packet-capture summary contract: OK
Packet-capture selector contract: OK
Packet-capture local artifact contract: OK
Typed packet-capture strong-artifact import contract: OK
Packet-capture normalization redaction contract: OK
Packet-capture bundle contract: OK
Packet-capture export proof-chain contract: OK
Packet-capture export approval evidence contract: OK
Packet-capture export transport contract: OK
Packet-capture export recipient-acceptance contract: OK
Packet-capture export destination-bound approval contract: OK
Packet-capture export recipient digest confirmation contract: OK
Packet-capture export remote-object continuity contract: OK
Packet-capture export remote-validator continuity contract: OK
Packet-capture export remote-protection continuity contract: OK
Packet-capture export remote-locator continuity contract: OK
Packet-capture export remote reverification contract: OK
Packet-capture export digest stability contract: OK
Store GC contract: OK
Base set contract: OK
Tree mount contract: OK
Hardware support matrix contract: OK
Hardware support promotion contract: OK
Hardware support qualification receipt contract: OK
Hardware support qualification profile contract: OK
Hardware support qualification freshness contract: OK
Hardware support qualification status contract: OK
Hardware support conditions contract: OK
Hardware support qualification target-scope contract: OK
Workstation graphics boundary: OK
Workstation session-surface boundary: OK
Workstation data-transfer boundary: OK
Workstation data-transfer offer-source/recipient exactness: OK
Workstation data-transfer exact grant-digest join: OK
Workstation data-transfer single-delivery exhaustion: OK
Workstation data-transfer exact effective_until lifetime: OK
Workstation data-transfer renewal lineage: OK
Workstation data-transfer successor scope: OK
Workstation data-transfer successor payload lineage: OK
Workstation data-transfer successor payload digest: OK
Workstation data-transfer successor foreground requirement: OK
Workstation data-transfer successor delivery mode: OK
Workstation data-transfer successor rate-limit posture: OK
Workstation data-transfer successor absolute expiry posture: OK
Workstation data-transfer constraints closed-world: OK
Workstation data-transfer baseline-frozen checks: OK
Workstation data-transfer distinct-family-split checks: OK
Workstation data-transfer first-richer-RFC-target checks: OK
Workstation data-transfer finite-collection-autostop checks: OK
workstation data-transfer collection snapshot posture check passed
workstation data-transfer collection manifest posture check passed
workstation data-transfer collection readonly-first check passed
workstation data-transfer collection member-kind floor check passed
workstation data-transfer collection manifest-field-floor check passed
workstation data-transfer collection manifest-order check passed
workstation data-transfer collection manifest-digest check passed
workstation data-transfer collection review-path-normalization check passed
workstation data-transfer collection top-level-names check passed
workstation data-transfer collection ancestor-closure check passed
workstation data-transfer collection selected-roots check passed
workstation data-transfer collection fresh-root check passed
workstation data-transfer collection result-root receipt check passed
workstation data-transfer collection result-root locator posture check passed
==> /usr/local/bin/python3 /mnt/data/r511_work/tools/check_publish_session_endpoint_hint_contract.py
==> /usr/local/bin/python3 /mnt/data/r511_work/tools/check_publish_session_url_hint_contract.py
==> /usr/local/bin/python3 /mnt/data/r511_work/tools/check_publish_session_https_url_hint_contract.py
==> /usr/local/bin/python3 /mnt/data/r511_work/tools/check_publish_session_path_prefix_contract.py
==> /usr/local/bin/python3 /mnt/data/r511_work/tools/check_publish_session_path_prefix_uri_safe_contract.py
==> /usr/local/bin/python3 /mnt/data/r511_work/tools/check_publish_session_local_service_hint_contract.py
==> /usr/local/bin/python3 /mnt/data/r511_work/tools/check_publish_session_hostname_contract.py
==> /usr/local/bin/python3 /mnt/data/r511_work/tools/check_publish_session_remote_locator_contract.py
==> /usr/local/bin/python3 /mnt/data/r511_work/tools/check_publish_session_remote_locator_value_contract.py
==> /usr/local/bin/python3 /mnt/data/r511_work/tools/check_publish_session_remote_locator_uri_hint_contract.py
==> /usr/local/bin/python3 /mnt/data/r511_work/tools/check_publish_session_destination_hint_contract.py
==> /usr/local/bin/python3 /mnt/data/r511_work/tools/check_publish_session_tailnet_access_model_contract.py
==> /usr/local/bin/python3 /mnt/data/r511_work/tools/check_packet_capture_boundary.py
==> /usr/local/bin/python3 /mnt/data/r511_work/tools/check_packet_capture_session_contract.py
==> /usr/local/bin/python3 /mnt/data/r511_work/tools/check_packet_capture_summary_contract.py
==> /usr/local/bin/python3 /mnt/data/r511_work/tools/check_packet_capture_selector_contract.py
==> /usr/local/bin/python3 /mnt/data/r511_work/tools/check_packet_capture_artifact_contract.py
==> /usr/local/bin/python3 /mnt/data/r511_work/tools/check_packet_capture_import_contract.py
==> /usr/local/bin/python3 /mnt/data/r511_work/tools/check_packet_capture_normalization_contract.py
==> /usr/local/bin/python3 /mnt/data/r511_work/tools/check_packet_capture_bundle_contract.py
==> /usr/local/bin/python3 /mnt/data/r511_work/tools/check_packet_capture_export_contract.py
==> /usr/local/bin/python3 /mnt/data/r511_work/tools/check_packet_capture_export_approval_contract.py
==> /usr/local/bin/python3 /mnt/data/r511_work/tools/check_packet_capture_export_transport_contract.py
==> /usr/local/bin/python3 /mnt/data/r511_work/tools/check_packet_capture_export_acceptance_contract.py
==> /usr/local/bin/python3 /mnt/data/r511_work/tools/check_packet_capture_export_destination_binding_contract.py
==> /usr/local/bin/python3 /mnt/data/r511_work/tools/check_packet_capture_export_recipient_digest_contract.py
==> /usr/local/bin/python3 /mnt/data/r511_work/tools/check_packet_capture_export_remote_object_contract.py
==> /usr/local/bin/python3 /mnt/data/r511_work/tools/check_packet_capture_export_remote_validator_contract.py
==> /usr/local/bin/python3 /mnt/data/r511_work/tools/check_packet_capture_export_remote_protection_contract.py
==> /usr/local/bin/python3 /mnt/data/r511_work/tools/check_packet_capture_export_remote_locator_contract.py
==> /usr/local/bin/python3 /mnt/data/r511_work/tools/check_packet_capture_export_reverification_contract.py
==> /usr/local/bin/python3 /mnt/data/r511_work/tools/check_packet_capture_export_digest_stability_contract.py
==> /usr/local/bin/python3 /mnt/data/r511_work/tools/check_store_gc_contract.py
==> /usr/local/bin/python3 /mnt/data/r511_work/tools/check_base_set_contract.py
==> /usr/local/bin/python3 /mnt/data/r511_work/tools/check_tree_mount_contract.py
==> /usr/local/bin/python3 /mnt/data/r511_work/tools/check_hw_support_matrix_contract.py
==> /usr/local/bin/python3 /mnt/data/r511_work/tools/check_hw_support_promotion_contract.py
==> /usr/local/bin/python3 /mnt/data/r511_work/tools/check_hw_support_qualification_receipt_contract.py
==> /usr/local/bin/python3 /mnt/data/r511_work/tools/check_hw_support_qualification_profile_contract.py
==> /usr/local/bin/python3 /mnt/data/r511_work/tools/check_hw_support_qualification_freshness_contract.py
==> /usr/local/bin/python3 /mnt/data/r511_work/tools/check_hw_support_qualification_status_contract.py
==> /usr/local/bin/python3 /mnt/data/r511_work/tools/check_hw_support_conditions_contract.py
==> /usr/local/bin/python3 /mnt/data/r511_work/tools/check_hw_support_qualification_target_scope_contract.py
==> /usr/local/bin/python3 /mnt/data/r511_work/tools/check_workstation_graphics_boundary.py
==> /usr/local/bin/python3 /mnt/data/r511_work/tools/check_workstation_session_surface_boundary.py
==> /usr/local/bin/python3 /mnt/data/r511_work/tools/check_workstation_datatransfer_boundary.py
==> /usr/local/bin/python3 /mnt/data/r511_work/tools/check_workstation_datatransfer_subject_exactness.py
==> /usr/local/bin/python3 /mnt/data/r511_work/tools/check_workstation_datatransfer_grant_digest_join.py
==> /usr/local/bin/python3 /mnt/data/r511_work/tools/check_workstation_datatransfer_single_delivery_exhaustion.py
==> /usr/local/bin/python3 /mnt/data/r511_work/tools/check_workstation_datatransfer_effective_until.py
==> /usr/local/bin/python3 /mnt/data/r511_work/tools/check_workstation_datatransfer_renewal_lineage.py
==> /usr/local/bin/python3 /mnt/data/r511_work/tools/check_workstation_datatransfer_successor_scope.py
==> /usr/local/bin/python3 /mnt/data/r511_work/tools/check_workstation_datatransfer_successor_payload_lineage.py
==> /usr/local/bin/python3 /mnt/data/r511_work/tools/check_workstation_datatransfer_successor_payload_digest.py
==> /usr/local/bin/python3 /mnt/data/r511_work/tools/check_workstation_datatransfer_successor_foreground.py
==> /usr/local/bin/python3 /mnt/data/r511_work/tools/check_workstation_datatransfer_successor_delivery_mode.py
==> /usr/local/bin/python3 /mnt/data/r511_work/tools/check_workstation_datatransfer_successor_rate_limit.py
==> /usr/local/bin/python3 /mnt/data/r511_work/tools/check_workstation_datatransfer_successor_expires_at.py
==> /usr/local/bin/python3 /mnt/data/r511_work/tools/check_workstation_datatransfer_constraints_closed_world.py
==> /usr/local/bin/python3 /mnt/data/r511_work/tools/check_workstation_datatransfer_baseline_frozen.py
==> /usr/local/bin/python3 /mnt/data/r511_work/tools/check_workstation_datatransfer_distinct_family_split.py
==> /usr/local/bin/python3 /mnt/data/r511_work/tools/check_workstation_datatransfer_first_richer_rfc_target.py
==> /usr/local/bin/python3 /mnt/data/r511_work/tools/check_workstation_datatransfer_finite_collection_autostop.py
==> /usr/local/bin/python3 /mnt/data/r511_work/tools/check_workstation_datatransfer_collection_snapshot_posture.py
==> /usr/local/bin/python3 /mnt/data/r511_work/tools/check_workstation_datatransfer_collection_manifest_posture.py
==> /usr/local/bin/python3 /mnt/data/r511_work/tools/check_workstation_datatransfer_collection_readonly_first.py
==> /usr/local/bin/python3 /mnt/data/r511_work/tools/check_workstation_datatransfer_collection_member_kind_floor.py
==> /usr/local/bin/python3 /mnt/data/r511_work/tools/check_workstation_datatransfer_collection_manifest_field_floor.py
==> /usr/local/bin/python3 /mnt/data/r511_work/tools/check_workstation_datatransfer_collection_manifest_order.py
==> /usr/local/bin/python3 /mnt/data/r511_work/tools/check_workstation_datatransfer_collection_manifest_digest.py
==> /usr/local/bin/python3 /mnt/data/r511_work/tools/check_workstation_datatransfer_collection_review_path_normalization.py
==> /usr/local/bin/python3 /mnt/data/r511_work/tools/check_workstation_datatransfer_collection_top_level_names.py
==> /usr/local/bin/python3 /mnt/data/r511_work/tools/check_workstation_datatransfer_collection_ancestor_closure.py
==> /usr/local/bin/python3 /mnt/data/r511_work/tools/check_workstation_datatransfer_collection_selected_roots.py
==> /usr/local/bin/python3 /mnt/data/r511_work/tools/check_workstation_datatransfer_collection_fresh_root.py
==> /usr/local/bin/python3 /mnt/data/r511_work/tools/check_workstation_datatransfer_collection_result_root_receipt.py
==> /usr/local/bin/python3 /mnt/data/r511_work/tools/check_workstation_datatransfer_collection_result_root_locator_posture.py
workstation data-transfer collection result-root display snapshot continuity check passed
workstation data-transfer collection result-root handle opacity check passed
workstation data-transfer collection placement-hint posture check passed
workstation data-transfer collection profile-scope check passed
workstation data-transfer collection artifact-family contract check passed
Workstation transfer collection example joins: OK
workstation data-transfer collection first-impl-aliasing check passed
workstation data-transfer collection review-ui-path-compression check passed
workstation data-transfer collection MIME posture check passed
workstation data-transfer collection filesystem-metadata posture check passed
reviewed finite-collection current-stack contract OK
Workstation URI-opening boundary: OK
Workstation file-open boundary: OK
Workstation document-edit boundary: OK
Workstation imported-document viewing posture: OK
Workstation sanitized-inspection-derivative boundary: OK
Workstation sanitized OCR boundary: OK
Workstation sanitized OCR ambient-index boundary: OK
Workstation OCR text-egress boundary: OK
Workstation working-copy contract: OK
Workstation working-copy save boundary: OK
Workstation reintegration boundary: OK
Workstation candidate snapshot boundary: OK
Workstation candidate supersession boundary: OK
Workstation candidate same-origin supersession boundary: OK
Workstation candidate stale-target boundary: OK
Workstation candidate stale-denial boundary: OK
Workstation candidate retry-recovery boundary: OK
Workstation intent-role boundary: OK
Workstation role-binding contract: OK
Workstation role-binding diff contract: OK
Workstation role-binding event contract: OK
Workstation role-binding consent contract: OK
Role-binding policy-decision contract: OK
Role-binding precondition contract: OK
Role-binding support-import contract: OK
Role-binding authority-lane contract: OK
Role-binding policy exact-mutation profile contract: OK
Role-binding policy apply-window contract: OK
Role-binding policy instance-identity contract: OK
Role-binding policy-window denial contract: OK
Role-binding denial precedence contract: OK
Role-binding policy-consumed pointer contract: OK
Role-binding policy-consumed digest contract: OK
Role-binding policy-consumed binding-digest contract: OK
Role-binding policy-consumed diff-digest contract: OK
Role-binding policy-consumed previous-binding-digest contract: OK
Role-binding policy-consumed consuming-event-action contract: OK
Role-binding policy-consumed recovery contract: OK
Role-binding recovery interpretation contract: OK
Support-bundle contract: OK
Typed support-bundle intake contract: OK
Safe-open support-bundle contract: OK
Boot-code admission contract: OK
Reset-authority contract: OK
Content-origin contract: OK
Strata/runtime composition contract: OK
Exec-integrity authority contract: OK
Keyless identity authority contract: OK
Release transparency authority contract: OK
Witness policy contract: OK
Supplychain verification authority contract: OK
Vulnerability verification contract: OK
Attestation admission contract: OK
Lease authority contract: OK
Authority budget contract: OK
Frontend compile contract: OK
package recipe surface contract check passed
package recipe native-step boundary check passed
cross-platform identity boundary check passed
Derive-unit/runtime boundary contract: OK
Fuzz target-class contract: OK
Curated reference check OK
Release curated reference check OK
Generated docs check OK
Validation log cleanliness check OK
Risk register check OK
Risk-register heading id check OK (74 unique item ids)
Open questions decision-link check OK
microVM plan/receipt digest check OK
microVM receipt reason-code guardrail OK
microVM reason-code registry check OK
==> /usr/local/bin/python3 /mnt/data/r511_work/tools/check_workstation_datatransfer_collection_result_root_display_snapshot_continuity.py
==> /usr/local/bin/python3 /mnt/data/r511_work/tools/check_workstation_datatransfer_collection_result_root_handle_opacity.py
==> /usr/local/bin/python3 /mnt/data/r511_work/tools/check_workstation_datatransfer_collection_placement_hint_posture.py
==> /usr/local/bin/python3 /mnt/data/r511_work/tools/check_workstation_datatransfer_collection_profile_scope.py
==> /usr/local/bin/python3 /mnt/data/r511_work/tools/check_workstation_datatransfer_collection_artifact_family_contract.py
==> /usr/local/bin/python3 /mnt/data/r511_work/tools/check_workstation_datatransfer_collection_example_joins.py
==> /usr/local/bin/python3 /mnt/data/r511_work/tools/check_workstation_datatransfer_collection_first_impl_aliasing.py
==> /usr/local/bin/python3 /mnt/data/r511_work/tools/check_workstation_datatransfer_collection_review_ui_path_compression.py
==> /usr/local/bin/python3 /mnt/data/r511_work/tools/check_workstation_datatransfer_collection_mime_posture.py
==> /usr/local/bin/python3 /mnt/data/r511_work/tools/check_workstation_datatransfer_collection_filesystem_metadata_posture.py
==> /usr/local/bin/python3 /mnt/data/r511_work/tools/check_workstation_datatransfer_finite_collection_current_stack_contract.py
==> /usr/local/bin/python3 /mnt/data/r511_work/tools/check_workstation_uri_open_boundary.py
==> /usr/local/bin/python3 /mnt/data/r511_work/tools/check_workstation_file_open_boundary.py
==> /usr/local/bin/python3 /mnt/data/r511_work/tools/check_workstation_document_edit_boundary.py
==> /usr/local/bin/python3 /mnt/data/r511_work/tools/check_workstation_document_viewing_posture.py
==> /usr/local/bin/python3 /mnt/data/r511_work/tools/check_workstation_sanitized_derivative_boundary.py
==> /usr/local/bin/python3 /mnt/data/r511_work/tools/check_workstation_sanitized_ocr_boundary.py
==> /usr/local/bin/python3 /mnt/data/r511_work/tools/check_workstation_sanitized_ocr_index_boundary.py
==> /usr/local/bin/python3 /mnt/data/r511_work/tools/check_workstation_ocr_text_egress_boundary.py
==> /usr/local/bin/python3 /mnt/data/r511_work/tools/check_workstation_working_copy_contract.py
==> /usr/local/bin/python3 /mnt/data/r511_work/tools/check_workstation_working_copy_save_boundary.py
==> /usr/local/bin/python3 /mnt/data/r511_work/tools/check_workstation_reintegration_boundary.py
==> /usr/local/bin/python3 /mnt/data/r511_work/tools/check_workstation_candidate_snapshot_boundary.py
==> /usr/local/bin/python3 /mnt/data/r511_work/tools/check_workstation_candidate_supersession_boundary.py
==> /usr/local/bin/python3 /mnt/data/r511_work/tools/check_workstation_candidate_same_origin_boundary.py
==> /usr/local/bin/python3 /mnt/data/r511_work/tools/check_workstation_candidate_stale_target_boundary.py
==> /usr/local/bin/python3 /mnt/data/r511_work/tools/check_workstation_candidate_stale_denial_boundary.py
==> /usr/local/bin/python3 /mnt/data/r511_work/tools/check_workstation_candidate_retry_recovery_boundary.py
==> /usr/local/bin/python3 /mnt/data/r511_work/tools/check_workstation_intent_role_boundary.py
==> /usr/local/bin/python3 /mnt/data/r511_work/tools/check_workstation_role_binding_contract.py
==> /usr/local/bin/python3 /mnt/data/r511_work/tools/check_workstation_role_binding_diff_contract.py
==> /usr/local/bin/python3 /mnt/data/r511_work/tools/check_workstation_role_binding_event_contract.py
==> /usr/local/bin/python3 /mnt/data/r511_work/tools/check_workstation_role_binding_consent_contract.py
==> /usr/local/bin/python3 /mnt/data/r511_work/tools/check_role_binding_policy_contract.py
==> /usr/local/bin/python3 /mnt/data/r511_work/tools/check_role_binding_precondition_contract.py
==> /usr/local/bin/python3 /mnt/data/r511_work/tools/check_role_binding_import_contract.py
==> /usr/local/bin/python3 /mnt/data/r511_work/tools/check_role_binding_authority_contract.py
==> /usr/local/bin/python3 /mnt/data/r511_work/tools/check_role_binding_policy_profile_contract.py
==> /usr/local/bin/python3 /mnt/data/r511_work/tools/check_role_binding_policy_apply_window_contract.py
==> /usr/local/bin/python3 /mnt/data/r511_work/tools/check_role_binding_policy_instance_identity_contract.py
==> /usr/local/bin/python3 /mnt/data/r511_work/tools/check_role_binding_policy_denial_contract.py
==> /usr/local/bin/python3 /mnt/data/r511_work/tools/check_role_binding_denial_precedence_contract.py
==> /usr/local/bin/python3 /mnt/data/r511_work/tools/check_role_binding_policy_consumption_pointer_contract.py
==> /usr/local/bin/python3 /mnt/data/r511_work/tools/check_role_binding_policy_consumption_digest_contract.py
==> /usr/local/bin/python3 /mnt/data/r511_work/tools/check_role_binding_policy_consumption_binding_digest_contract.py
==> /usr/local/bin/python3 /mnt/data/r511_work/tools/check_role_binding_policy_consumption_diff_digest_contract.py
==> /usr/local/bin/python3 /mnt/data/r511_work/tools/check_role_binding_policy_consumption_previous_binding_digest_contract.py
==> /usr/local/bin/python3 /mnt/data/r511_work/tools/check_role_binding_policy_consumption_action_contract.py
==> /usr/local/bin/python3 /mnt/data/r511_work/tools/check_role_binding_policy_consumption_recovery_contract.py
==> /usr/local/bin/python3 /mnt/data/r511_work/tools/check_role_binding_policy_recovery_interpretation_contract.py
==> /usr/local/bin/python3 /mnt/data/r511_work/tools/check_support_bundle_contract.py
==> /usr/local/bin/python3 /mnt/data/r511_work/tools/check_support_bundle_import_contract.py
==> /usr/local/bin/python3 /mnt/data/r511_work/tools/check_safe_open_contract.py
==> /usr/local/bin/python3 /mnt/data/r511_work/tools/check_boot_contract.py
==> /usr/local/bin/python3 /mnt/data/r511_work/tools/check_reset_contract.py
==> /usr/local/bin/python3 /mnt/data/r511_work/tools/check_content_origin_contract.py
==> /usr/local/bin/python3 /mnt/data/r511_work/tools/check_strata_contract.py
==> /usr/local/bin/python3 /mnt/data/r511_work/tools/check_exec_integrity_contract.py
==> /usr/local/bin/python3 /mnt/data/r511_work/tools/check_keyless_identity_contract.py
==> /usr/local/bin/python3 /mnt/data/r511_work/tools/check_release_transparency_contract.py
==> /usr/local/bin/python3 /mnt/data/r511_work/tools/check_witness_policy_contract.py
==> /usr/local/bin/python3 /mnt/data/r511_work/tools/check_supplychain_verification_contract.py
==> /usr/local/bin/python3 /mnt/data/r511_work/tools/check_vulnerability_verification_contract.py
==> /usr/local/bin/python3 /mnt/data/r511_work/tools/check_attestation_admission_contract.py
==> /usr/local/bin/python3 /mnt/data/r511_work/tools/check_lease_authority_contract.py
==> /usr/local/bin/python3 /mnt/data/r511_work/tools/check_authority_budget_contract.py
==> /usr/local/bin/python3 /mnt/data/r511_work/tools/check_frontend_compile_contract.py
==> /usr/local/bin/python3 /mnt/data/r511_work/tools/check_package_recipe_surface_contract.py
==> /usr/local/bin/python3 /mnt/data/r511_work/tools/check_package_recipe_step_boundary.py
==> /usr/local/bin/python3 /mnt/data/r511_work/tools/check_cross_platform_identity_boundary.py
==> /usr/local/bin/python3 /mnt/data/r511_work/tools/check_derive_unit_contract.py
==> /usr/local/bin/python3 /mnt/data/r511_work/tools/check_fuzz_contract.py
==> /usr/local/bin/python3 /mnt/data/r511_work/tools/check_curated_references.py
==> /usr/local/bin/python3 /mnt/data/r511_work/tools/check_release_curated_references.py
==> /usr/local/bin/python3 /mnt/data/r511_work/tools/check_generated_docs.py
==> /usr/local/bin/python3 /mnt/data/r511_work/tools/check_validation_logs_clean.py
==> /usr/local/bin/python3 /mnt/data/r511_work/tools/check_risk_register.py
==> /usr/local/bin/python3 /mnt/data/r511_work/tools/check_risk_register_heading_ids.py
==> /usr/local/bin/python3 /mnt/data/r511_work/tools/check_open_questions_decisions.py
==> /usr/local/bin/python3 /mnt/data/r511_work/tools/check_microvm_example_plan_digests.py
==> /usr/local/bin/python3 /mnt/data/r511_work/tools/check_microvm_receipt_reason_requirements.py
==> /usr/local/bin/python3 /mnt/data/r511_work/tools/check_microvm_reason_code_registry.py
Spec example coverage: OK
Version check OK
==> /usr/local/bin/python3 /mnt/data/r511_work/tools/check_spec_example_coverage.py
==> /usr/local/bin/python3 /mnt/data/r511_work/tools/check_version.py
