Schema/example/generated checks: OK
- Spec schema lint OK
- Schema kind ↔ filename check OK
- Spec example validation OK (validated 425 examples)
- Generated docs check OK

Markdown/discovery checks: OK
- Discovery, meta discoverability, changelog format/order/coverage, index front matter, and doc prefix uniqueness checks OK
- Markdown H1/H2/inline-code/final-newline checks OK
- Release Last updated, doc metadata, and doc pattern checks OK

Removable-media local fallback checks: OK
- All tools/check_removable_media_local_*.py checks passed, including runtime dependency closure, executable identity, reviewed process-launch context, closed-world descriptors, capability mode, append-open derivative sink, and first-cut ingest guardrails.
- Canonical attach-grant digest join refreshed in devfs.view.plan.removable-media-local-ingest.json.

Risk/product/diff checks: OK
- Product profile/default vocabulary checks OK
- Risk register and risk flag checks OK
- Diff surface and juicy lesson checks OK

Packaging checks: OK
- Python executable-bit check OK
- Validation-log cleanliness check OK
- Full tools/hygiene.py run was attempted but did not complete before the tool timeout; the core and relevant targeted suites above were run directly.
