DeriveBSD r495 validation summary

Core checks: OK
- Consistency check OK
- Spec schema lint OK
- Schema kind/filename check OK
- Spec example validation OK (validated 425 examples)
- Discovery checks OK
- Generated docs check OK
- Version check OK

Markdown/discovery checks: OK
- Changelog format/order/coverage checks OK
- Markdown H1/H2/inline-code/final-newline checks OK
- Doc metadata and doc pattern checks OK

Removable-media local fallback checks: OK
- All tools/check_removable_media_local_*.py checks passed, including executable identity, reviewed process-launch context, closed-world descriptors, capability mode, append-open derivative sink, and first-cut ingest guardrails.
- Canonical attach-grant digest join refreshed in devfs.view.plan.removable-media-local-ingest.json.

Risk/product checks: OK
- Product profile check OK
- Product-profile default vocabulary check OK
- Risk register check OK
- Risk-register heading id check OK, 74 unique item ids
- Open questions decision-link check OK

Packaging checks: OK
- Python executable-bit check OK
- Validation-log cleanliness check OK
