DeriveBSD r505 validation summary
Date: 2026-05-21

Targeted release checks:

== tools/check_removable_media_local_post_detach_launch_evidence.py ==
removable-media post-detach FreeBSD launch-evidence check passed

== tools/check_removable_media_local_post_detach_contract_closure.py ==
removable-media post-detach contract-closure check passed

== tools/check_removable_media_local_ingest_firstcut.py ==
removable-media local-ingest first-cut check passed

== tools/validate_spec_examples.py ==
Spec example validation OK (validated 427 examples)

== tools/lint_spec_schemas.py ==
Spec schema lint OK

== tools/check_schema_kind_matches_filename.py ==
Schema kind ↔ filename check OK

== tools/check_generated_docs.py ==
Generated docs check OK

== tools/check_discovery.py ==
Discovery checks: OK

== tools/check_release_last_updated.py ==
Release Last updated stamp check OK

== tools/check_changelog_format.py ==
Changelog format: OK

== tools/check_changelog_index_release_coverage.py ==
Changelog/index release coverage check OK: 179 changelog releases indexed

== tools/check_index_front_matter_order.py ==
Index front-matter order check OK

== tools/check_changelog_artifact_mentions.py ==
Changelog artifact mention check OK

== tools/check_hygiene_checkset_completeness.py ==
Hygiene checkset completeness OK (318 check scripts referenced exactly once)

== tools/check_doc_metadata.py ==
Doc metadata check OK

== tools/check_doc_patterns.py ==
Doc patterns check OK

== tools/check_markdown_h1_structure.py ==
Markdown H1 structure check OK, 1286 files

== tools/check_markdown_h2_heading_uniqueness.py ==
Markdown H2 heading uniqueness check OK, 1286 files

== tools/check_markdown_inline_code_balance.py ==
Markdown inline-code balance check OK

== tools/check_text_files_final_newline.py ==
Text final-newline check OK

== tools/check_python_tool_executable_bits.py ==
Python tool executable-bit check OK

== tools/check_version.py ==
Version check OK

== tools/check_spec_example_coverage.py ==
Spec example coverage: OK

== tools/check_validation_logs_clean.py ==
Validation log cleanliness check OK

Note: the full tools/hygiene.py wrapper was attempted, but the sandbox execution window ended before one uninterrupted full run completed. The new r505 guardrail, the inherited r504 guardrail, schema/example validation, generated docs, discovery/release checks, markdown checks, version checks, and validation-log cleanliness passed.
