DeriveBSD r506 targeted validation log
Archive: DeriveBSD-rev0488-next30-2026.05.21-post-detach-recovery-evidence.zip
Note: Full tools/hygiene.py was attempted but exceeded the sandbox execution window; release-critical generated/spec/discovery checks and the r504-r506 removable-media guardrails below passed.

$ python3 tools/check_consistency.py
Consistency check OK

$ python3 tools/lint_spec_schemas.py
Spec schema lint OK

$ python3 tools/check_schema_kind_matches_filename.py
Schema kind ↔ filename check OK

$ python3 tools/validate_spec_examples.py
Spec example validation OK (validated 428 examples)

$ python3 tools/check_generated_docs.py
Generated docs check OK

$ python3 tools/check_discovery.py
Discovery checks: OK

$ python3 tools/check_meta_doc_discoverability.py
Meta doc discoverability check OK

$ python3 tools/check_release_last_updated.py
Release Last updated stamp check OK

$ python3 tools/check_changelog_format.py
Changelog format: OK

$ python3 tools/check_release_heading_uniqueness.py
Release heading uniqueness check OK

$ python3 tools/check_release_heading_order.py
Release heading order check OK

$ python3 tools/check_changelog_index_release_coverage.py
Changelog/index release coverage check OK: 180 changelog releases indexed

$ python3 tools/check_markdown_inline_code_balance.py
Markdown inline-code balance check OK

$ python3 tools/check_text_files_final_newline.py
Text final-newline check OK

$ python3 tools/check_python_tool_executable_bits.py
Python tool executable-bit check OK

$ python3 tools/check_hygiene_checkset_completeness.py
Hygiene checkset completeness OK (319 check scripts referenced exactly once)

$ python3 tools/check_version.py
Version check OK

$ python3 tools/check_removable_media_local_post_detach_contract_closure.py
removable-media post-detach contract-closure check passed

$ python3 tools/check_removable_media_local_post_detach_launch_evidence.py
removable-media post-detach FreeBSD launch-evidence check passed

$ python3 tools/check_removable_media_local_post_detach_recovery_evidence.py
removable-media post-detach recovery-evidence check passed

$ python3 tools/check_removable_media_local_ingest_firstcut.py
removable-media local-ingest first-cut check passed

$ python3 tools/check_removable_media_local_persistent_state.py
removable-media local-fallback persistent-state check passed

$ python3 tools/check_removable_media_local_network_egress.py
removable-media local-fallback network-egress check passed

VALIDATION PASSED: targeted release/discovery/generated/spec suite and r504-r506 removable-media guardrails passed.
