DeriveBSD 2026-05-30r527 targeted validation log
Scope: focused r527/post-detach/release/schema/generated-doc suite. Full all-profile hygiene wrapper and full post-detach shard were not marked passed locally because the wrapper exceeded the local execution window; targeted checks below were run directly.

$ python3 tools/check_consistency.py
Consistency check OK

$ python3 tools/check_readme_latest_cut.py
README latest-cut check OK

$ python3 tools/check_version.py
Version check OK

$ python3 tools/check_hygiene_checkset_completeness.py
Hygiene checkset completeness OK (344 check scripts referenced exactly once)

$ python3 tools/check_cube_hygiene_checkset_manifest.py
cube hygiene checkset manifest check passed

$ python3 tools/check_cube_schema_audit_report.py
cube schema audit report check passed

$ python3 tools/check_cube_schema_refactor_backlog.py
cube schema refactor backlog check passed

$ python3 tools/check_removable_media_local_post_detach_query_projection.py
removable-media post-detach query-projection check passed

$ python3 tools/check_removable_media_local_post_detach_query_projection_access_receipt.py
removable-media post-detach query-projection access receipt check passed

$ python3 tools/check_removable_media_local_post_detach_rate_limit_debit_ledger_receipt.py
removable-media post-detach rate-limit debit ledger receipt check passed

$ python3 tools/check_removable_media_local_post_detach_denial_selection_receipt.py
removable-media post-detach denial selection receipt check passed

$ python3 tools/check_removable_media_local_post_detach_denial_reason_registry.py
removable-media post-detach denial reason registry check passed

$ python3 tools/check_removable_media_local_post_detach_transition_witness.py
removable-media post-detach transition witness check passed

$ python3 tools/check_removable_media_local_post_detach_scenario_replay.py
removable-media post-detach scenario replay check passed

$ python3 tools/check_removable_media_local_post_detach_runtime_state_machine.py
removable-media post-detach runtime state-machine check passed

$ python3 tools/validate_spec_examples.py
Spec example validation OK (validated 456 examples)

$ python3 tools/lint_spec_schemas.py
Spec schema lint OK

$ python3 tools/check_schema_kind_matches_filename.py
Schema kind ↔ filename check OK

$ python3 tools/check_spec_example_coverage.py
Spec example coverage: OK

$ python3 tools/check_generated_docs.py
Generated docs check OK

$ python3 tools/check_discovery.py
Discovery checks: OK

$ python3 tools/check_release_last_updated.py
Release Last updated stamp check OK

$ python3 tools/check_doc_metadata.py
Doc metadata check OK

$ python3 tools/check_doc_patterns.py
Doc patterns check OK

$ python3 tools/check_meta_doc_discoverability.py
Meta doc discoverability check OK

$ python3 tools/check_changelog_format.py
Changelog format: OK

$ python3 tools/check_release_heading_order.py
Release heading order check OK

$ python3 tools/check_release_heading_uniqueness.py
Release heading uniqueness check OK

$ python3 tools/check_changelog_index_release_coverage.py
Changelog/index release coverage check OK: 201 changelog releases indexed

$ python3 tools/check_doc_number_prefix_uniqueness.py
Doc number prefix uniqueness check OK (775 unique prefixes; 2 explicit legacy duplicate sets)

$ python3 tools/check_markdown_h1_structure.py
Markdown H1 structure check OK, 1343 files

$ python3 tools/check_markdown_h2_heading_uniqueness.py
Markdown H2 heading uniqueness check OK, 1343 files

$ python3 tools/check_markdown_inline_code_balance.py
Markdown inline-code balance check OK

$ python3 tools/check_text_files_final_newline.py
Text final-newline check OK

$ python3 tools/check_python_tool_executable_bits.py
Python tool executable-bit check OK

$ python3 tools/check_changelog_artifact_mentions.py
Changelog artifact mention check OK

$ python3 tools/check_validation_logs_clean.py
Validation log cleanliness check OK

$ python3 tools/hygiene.py --profile schema-cube-audit
hygiene profile: schema-cube-audit (3 checks)
cube schema audit report check passed
cube schema refactor backlog check passed
cube hygiene checkset manifest check passed
