Consistency check OK
Spec schema lint OK
Schema kind ↔ filename check OK
Spec example validation OK (validated 425 examples)
Discovery checks: OK
Meta doc discoverability check OK
Changelog format: OK
Release heading uniqueness check OK
Release heading order check OK
Changelog/index release coverage check OK: 176 changelog releases indexed
Index front-matter order check OK
Doc number prefix uniqueness check OK (750 unique prefixes; 2 explicit legacy duplicate sets)
Markdown H1 structure check OK, 1280 files
Markdown H2 heading uniqueness check OK, 1280 files
Markdown inline-code balance check OK
Text final-newline check OK
Python tool executable-bit check OK
Changelog artifact mention check OK
Hygiene checkset completeness OK (315 check scripts referenced exactly once)
Release Last updated stamp check OK
Must-read set check OK
Doc metadata check OK
Doc patterns check OK
Diff surface registry check OK
Diff surface registry wiring check OK
Diff review-surface docs check OK
Diff wiring Risk flags check OK
Juicy lesson curated reference check OK
Risk flag registry check OK
Risk flag typical_sources check OK
Product profile check OK
Product-profile default vocabulary check OK
Remote-assistance recording posture check OK
Operator-access recording posture check OK
Breakglass recording posture check OK
Breakglass recording activation boundary: OK
Breakglass repair outcome boundary: OK

Hygiene wrapper note: final evidence for 2026-05-18r502 is the direct core and targeted validation suite recorded in check_run.log and checks_tail.log.
