\n$ python3 tools/check_removable_media_local_post_detach_contract_closure.py
removable-media post-detach contract-closure check passed
\n$ python3 tools/check_removable_media_local_post_detach_launch_evidence.py
removable-media post-detach FreeBSD launch-evidence check passed
\n$ python3 tools/check_removable_media_local_post_detach_recovery_evidence.py
removable-media post-detach recovery-evidence check passed
\n$ python3 tools/check_removable_media_local_post_detach_query_projection.py
removable-media post-detach query-projection check passed
\n$ python3 tools/check_removable_media_local_post_detach_export_bundle.py
removable-media post-detach export-bundle check passed
\n$ python3 tools/check_removable_media_local_post_detach_revocation_tombstone.py
removable-media post-detach revocation-tombstone check passed
\n$ python3 tools/check_removable_media_local_post_detach_denial_receipt.py
removable-media post-detach denial-receipt check passed
\n$ python3 tools/check_removable_media_local_post_detach_fresh_authority_receipt.py
removable-media post-detach fresh-authority receipt check passed
\n$ python3 tools/check_removable_media_local_post_detach_fresh_authority_consumption_receipt.py
removable-media post-detach fresh-authority consumption receipt check passed
\n$ python3 tools/check_removable_media_local_post_detach_successor_index_cutover_receipt.py
removable-media post-detach successor-index cutover receipt check passed
\n$ python3 tools/lint_spec_schemas.py
Spec schema lint OK
\n$ python3 tools/check_schema_kind_matches_filename.py
Schema kind ↔ filename check OK
\n$ python3 tools/validate_spec_examples.py

# resumed targeted validation after splitting long suite

$ python3 tools/validate_spec_examples.py
Spec example validation OK (validated 435 examples)

$ python3 tools/check_generated_docs.py
Generated docs check OK

$ python3 tools/check_discovery.py
Discovery checks: OK

$ python3 tools/check_meta_doc_discoverability.py
Meta doc discoverability check OK

$ python3 tools/check_changelog_format.py
Changelog format: OK

$ python3 tools/check_release_heading_uniqueness.py
Release heading uniqueness check OK

$ python3 tools/check_release_heading_order.py
Release heading order check OK

$ python3 tools/check_changelog_index_release_coverage.py
Changelog/index release coverage check OK: 187 changelog releases indexed

$ python3 tools/check_index_front_matter_order.py
Index front-matter order check OK

$ python3 tools/check_doc_number_prefix_uniqueness.py
Doc number prefix uniqueness check OK (761 unique prefixes; 2 explicit legacy duplicate sets)

$ python3 tools/check_markdown_h1_structure.py
Markdown H1 structure check OK, 1302 files

$ python3 tools/check_markdown_h2_heading_uniqueness.py
Markdown H2 heading uniqueness check OK, 1302 files

$ python3 tools/check_markdown_inline_code_balance.py
Markdown inline-code balance check OK

$ python3 tools/check_text_files_final_newline.py
Text final-newline check OK

$ python3 tools/check_python_tool_executable_bits.py
Python tool executable-bit check OK

$ python3 tools/check_changelog_artifact_mentions.py
Changelog artifact mention check OK

$ python3 tools/check_hygiene_checkset_completeness.py
Hygiene checkset completeness OK (326 check scripts referenced exactly once)

$ python3 tools/check_release_last_updated.py
Release Last updated stamp check OK

$ python3 tools/check_must_read_set.py
Must-read set check OK

$ python3 tools/check_doc_metadata.py
Doc metadata check OK

$ python3 tools/check_doc_patterns.py
Doc patterns check OK

$ python3 tools/check_diff_surface_registry.py
Diff surface registry check OK

$ python3 tools/check_diff_surface_registry_wiring.py
Diff surface registry wiring check OK

$ python3 tools/check_diff_review_docs.py
Diff review-surface docs check OK

$ python3 tools/check_diff_wiring_risk_flags.py
Diff wiring Risk flags check OK

$ python3 tools/check_risk_flag_registry.py
Risk flag registry check OK

$ python3 tools/check_risk_flag_typical_sources.py
Risk flag typical_sources check OK

$ python3 tools/check_risk_register.py
Risk register check OK

$ python3 tools/check_risk_register_heading_ids.py
Risk-register heading id check OK (74 unique item ids)

$ python3 tools/check_product_profiles.py
Product profile check OK

$ python3 tools/check_profile_default_vocabulary.py
Product-profile default vocabulary check OK

$ python3 tools/check_validation_logs_clean.py
Validation log cleanliness check OK

$ python3 tools/check_version.py
Version check OK

r513 targeted validation passed
