DeriveBSD r512 targeted validation log
Version: 2026-05-22r512

Targeted release-critical suite completed cleanly:
- tools/check_consistency.py
- tools/lint_spec_schemas.py
- tools/check_schema_kind_matches_filename.py
- tools/validate_spec_examples.py (validated 434 examples)
- tools/check_generated_docs.py
- tools/check_discovery.py
- tools/check_version.py
- r504-r512 removable-media post-detach guardrails, including tools/check_removable_media_local_post_detach_fresh_authority_consumption_receipt.py
- markdown H1/H2/inline-code checks
- text final-newline check
- python executable-bit check
- hygiene checkset completeness check
- release Last updated stamp check
- changelog artifact mention check
- changelog formatting/order/coverage checks
- doc metadata/pattern checks
- risk register and risk heading-id checks
- product profile and profile default vocabulary checks
- diff surface registry/wiring/review checks
- validation log cleanliness check

Full wrapper note:
- A larger tools/hygiene.py run was attempted and wrote early check output to hygiene_r512.log before the sandbox execution window ended. The targeted suite above is the release evidence for this package.
