Schema/example/generated checks: OK
- Spec schema lint OK
- Schema kind ↔ filename check OK
- Spec example validation OK (validated 425 examples)
- Generated docs check OK

Markdown/discovery/version checks: OK
- Discovery, meta discoverability, changelog format/order/coverage, index front matter, and doc prefix uniqueness checks OK
- Markdown H1/H2/inline-code/final-newline checks OK
- Release Last updated, doc metadata, doc pattern, and version checks OK

Removable-media local fallback checks: OK
- All targeted tools/check_removable_media_local_*.py checks passed, including credential envelope, runtime dependency closure, executable identity, reviewed process-launch context, closed-world descriptors, capability mode, append-open derivative sink, and first-cut ingest guardrails.
- Canonical attach-grant digest join refreshed in spec/examples/devfs.view.plan.removable-media-local-ingest.json after the attach grant example changed.

Risk/product/diff/reference checks: OK
- Product profile/default vocabulary checks OK
- Risk register, risk heading id, risk flag registry, and risk typical-source checks OK
- Diff surface, diff wiring, diff review docs, juicy lesson, curated reference, release curated reference, and spec example coverage checks OK

Packaging checks: OK
- Python executable-bit check OK
- Validation-log cleanliness check OK
- Root archive logs refreshed for 2026-05-18r497.

Hygiene wrapper note:
- A complete tools/hygiene.py wrapper run was attempted but did not finish within the tool window; the core and relevant targeted suites above were run directly.
