DeriveBSD validation summary for 2026-05-18r501

Core schema/example/generated checks: OK
- Spec schema lint OK
- Schema kind to filename check OK
- Spec example validation OK (validated 425 examples)
- Generated docs check OK

Release/discovery/Markdown checks: OK
- Version, discovery, changelog format/order/coverage, release stamp, and release curated-reference checks OK
- Markdown H1/H2/inline-code/final-newline checks OK
- Meta-doc discoverability, doc prefix uniqueness, doc metadata, doc pattern, and index front-matter checks OK

Removable-media local fallback checks: OK
- All targeted tools/check_removable_media_local_*.py checks passed, including ambient input envelope, peer interaction, resource envelope, worker lifecycle, credential envelope, runtime dependency closure, executable identity, reviewed process-launch context, closed-world descriptors, capability mode, append-open derivative sink, and first-cut ingest guardrails.
- Canonical attach-grant digest join refreshed in spec/examples/devfs.view.plan.removable-media-local-ingest.json after the attach grant example changed.

Risk/product/diff/reference checks: OK
- Product profile/default vocabulary checks OK
- Risk register, risk heading id, risk flag registry, and risk typical-source checks OK
- Diff surface, diff wiring, diff review docs, juicy lesson, curated reference, release curated reference, and spec example coverage checks OK

Packaging checks: OK
- Python executable-bit check OK
- Validation-log cleanliness check OK
- Root archive logs refreshed for 2026-05-18r501.

Hygiene wrapper note:
- A complete tools/hygiene.py wrapper run was attempted but did not complete within the tool window; the core and relevant targeted suites above were run directly.
