# r504 validation log
Generated: 2026-05-21

Note: targeted release/removable-media/generated validation passed. A full tools/hygiene.py run was attempted in this sandbox but exceeded the available execution window before completion, so this log records the completed targeted evidence.

## python3 tools/check_removable_media_local_persistent_state.py
removable-media local-fallback persistent-state check passed

## python3 tools/check_removable_media_local_post_detach_contract_closure.py
removable-media post-detach contract-closure check passed

## python3 tools/check_removable_media_local_ingest_firstcut.py
removable-media local-ingest first-cut check passed

## python3 tools/lint_spec_schemas.py
Spec schema lint OK

## python3 tools/validate_spec_examples.py
Spec example validation OK (validated 426 examples)

## python3 tools/check_generated_docs.py
Generated docs check OK

## python3 tools/check_consistency.py
Consistency check OK

## python3 tools/check_hygiene_checkset_completeness.py
Hygiene checkset completeness OK (317 check scripts referenced exactly once)

## python3 tools/check_release_last_updated.py
Release Last updated stamp check OK

## python3 tools/check_discovery.py
Discovery checks: OK

## python3 tools/check_version.py
Version check OK

## python3 tools/check_meta_doc_discoverability.py
Meta doc discoverability check OK

## python3 tools/check_doc_metadata.py
Doc metadata check OK

## python3 tools/check_doc_patterns.py
Doc patterns check OK

## python3 tools/check_changelog_index_release_coverage.py
Changelog/index release coverage check OK: 178 changelog releases indexed

## python3 tools/check_release_heading_order.py
Release heading order check OK

## python3 tools/check_index_front_matter_order.py
Index front-matter order check OK

## python3 tools/check_changelog_artifact_mentions.py
Changelog artifact mention check OK

## python3 tools/check_text_files_final_newline.py
Text final-newline check OK

## python3 tools/check_python_tool_executable_bits.py
Python tool executable-bit check OK

## for f in tools/check_removable_media_local_*.py; do python3 "$f"; done
### tools/check_removable_media_local_ambient_input_envelope.py
removable-media local-fallback ambient-input envelope check passed
### tools/check_removable_media_local_append_open_derivative_slot.py
removable-media local-fallback append-open-derivative-slot check passed
### tools/check_removable_media_local_attach_receipt_hints.py
removable-media local-fallback attach receipt hint check passed
### tools/check_removable_media_local_authoritative_store.py
removable-media local-fallback authoritative-store check passed
### tools/check_removable_media_local_broker_collected_output.py
removable-media local-fallback broker-collected derivative-output check passed
### tools/check_removable_media_local_capability_mode_entry.py
removable-media local-fallback capability-mode-entry check passed
### tools/check_removable_media_local_closed_world_descriptor_set.py
removable-media local-fallback closed-world descriptor-set check passed
### tools/check_removable_media_local_credential_envelope.py
removable-media local-fallback credential envelope check passed
### tools/check_removable_media_local_early_detach.py
removable-media local-fallback early-detach check passed
### tools/check_removable_media_local_empty_writeonly_derivative_slot.py
removable-media local-fallback empty-writeonly-derivative-slot check passed
### tools/check_removable_media_local_executable_identity.py
removable-media local-fallback executable identity check passed
### tools/check_removable_media_local_fallback_boundary.py
Removable-media local fallback boundary OK
### tools/check_removable_media_local_fs_admission.py
removable-media local-fallback filesystem-admission check passed
### tools/check_removable_media_local_ingest_firstcut.py
removable-media local-ingest first-cut check passed
### tools/check_removable_media_local_member_kind_floor.py
removable-media local-fallback member-kind floor check passed
### tools/check_removable_media_local_member_path_normalization.py
removable-media local-fallback member-path normalization check passed
### tools/check_removable_media_local_metadata_fidelity_floor.py
removable-media local-fallback metadata-fidelity check passed
### tools/check_removable_media_local_mount_hardening.py
removable-media local-fallback mount-hardening check passed
### tools/check_removable_media_local_network_egress.py
removable-media local-fallback network-egress check passed
### tools/check_removable_media_local_peer_interaction.py
removable-media local-fallback peer-interaction check passed
### tools/check_removable_media_local_persistent_state.py
removable-media local-fallback persistent-state check passed
### tools/check_removable_media_local_post_detach_contract_closure.py
removable-media post-detach contract-closure check passed
### tools/check_removable_media_local_post_detach_worker_reset.py
removable-media local-fallback post-detach fresh-worker check passed
### tools/check_removable_media_local_preopened_delivery.py
removable-media local-fallback preopened-delivery check passed
### tools/check_removable_media_local_present_device_scope.py
removable-media local-fallback present-device-instance-only approval check passed
### tools/check_removable_media_local_preserved_capture.py
removable-media local-fallback preserved-capture check passed
### tools/check_removable_media_local_projection_digest_binding.py
removable-media local-fallback projection digest-binding check passed
### tools/check_removable_media_local_regular_file_subject.py
removable-media local-fallback regular-file-only selected-subject check passed
### tools/check_removable_media_local_resource_envelope.py
removable-media local-fallback resource-envelope check passed
### tools/check_removable_media_local_reviewed_process_launch.py
removable-media local-fallback reviewed process-launch check passed
### tools/check_removable_media_local_runtime_dependency_closure.py
removable-media local-fallback runtime dependency closure check passed
### tools/check_removable_media_local_single_declared_derivative_slot.py
removable-media local-fallback single-declared-derivative-slot check passed
### tools/check_removable_media_local_single_object_projection.py
removable-media local-fallback single-object projection check passed
### tools/check_removable_media_local_single_subject.py
removable-media local-fallback single-selected-subject check passed
### tools/check_removable_media_local_subject_capture.py
removable-media local-fallback subject-capture check passed
### tools/check_removable_media_local_worker_lifecycle.py
removable-media local-fallback worker lifecycle check passed
