Consistency check OK
Spec schema lint OK
Schema kind ↔ filename check OK
Spec example validation OK (validated 436 examples)
Discovery checks: OK
Meta doc discoverability check OK
Changelog format: OK
Release heading uniqueness check OK
Release heading order check OK
Changelog/index release coverage check OK: 188 changelog releases indexed
Index front-matter order check OK
Doc number prefix uniqueness check OK (762 unique prefixes; 2 explicit legacy duplicate sets)
Markdown H1 structure check OK, 1304 files
Markdown H2 heading uniqueness check OK, 1304 files
Markdown inline-code balance check OK
Text final-newline check OK
Python tool executable-bit check OK
Changelog artifact mention check OK
Hygiene checkset completeness OK (327 check scripts referenced exactly once)
Release Last updated stamp check OK
Must-read set check OK
Doc metadata check OK
Doc patterns check OK
Diff surface registry check OK
Diff surface registry wiring check OK
Diff review-surface docs check OK
Diff wiring Risk flags check OK
Juicy lesson curated reference check OK
Risk flag registry check OK
Risk flag typical_sources check OK
Product profile check OK
Product-profile default vocabulary check OK
Remote-assistance recording posture check OK
Operator-access recording posture check OK
Breakglass recording posture check OK
Breakglass recording activation boundary: OK
Breakglass repair outcome boundary: OK
Breakglass method boundary: OK
Breakglass bootstrap join boundary: OK
Breakglass bootstrap sequence boundary: OK
Breakglass bootstrap actuation boundary: OK
Destructive-reprovision evidence posture check OK
Firmware evidence posture check OK
Trust-bundle apply boundary check OK
Trust-bundle apply bundle contract: OK
Event-seal bundle contract: OK
Event journal digest contract check OK
Restore boundary check OK
Restore bundle contract: OK
Support-session bundle contract: OK
Operator-session bundle contract: OK
Breakglass bundle contract: OK
Breakglass adapter detail boundary: OK
Breakglass adapter bundle boundary: OK
Breakglass adapter export receipt boundary: OK
Breakglass adapter anchor boundary: OK
Breakglass adapter live-locator boundary: OK
Breakglass adapter payload-anchor boundary: OK
Breakglass accepted case-object exactness boundary: OK
Breakglass accepted case-object validator continuity boundary: OK
Breakglass accepted case-object remote-protection continuity boundary: OK
Breakglass accepted case-object visible protection exactness boundary: OK
Breakglass accepted case-object remote locator continuity boundary: OK
Breakglass accepted case-object reverification boundary: OK
UEFI-var-set bundle contract: OK
Firmware-update bundle contract: OK
Firmware-inventory-diff bundle contract: OK
Boot-bless bundle contract: OK
Storage-scrub bundle contract: OK
Time-sync bundle contract: OK
time degraded-response boundary check passed
time source-policy profile-floor check passed
Removable-media local fallback boundary OK
removable-media local-ingest first-cut check passed
removable-media local-fallback filesystem-admission check passed
removable-media local-fallback mount-hardening check passed
removable-media local-fallback member-kind floor check passed
removable-media local-fallback member-path normalization check passed
removable-media local-fallback metadata-fidelity check passed
removable-media local-fallback single-selected-subject check passed
removable-media local-fallback regular-file-only selected-subject check passed
removable-media local-fallback present-device-instance-only approval check passed
removable-media local-fallback attach receipt hint check passed
removable-media local-fallback subject-capture check passed
removable-media local-fallback early-detach check passed
removable-media local-fallback post-detach fresh-worker check passed
==> /opt/pyvenv/bin/python3 /mnt/data/r514_work/tools/check_consistency.py
==> /opt/pyvenv/bin/python3 /mnt/data/r514_work/tools/lint_spec_schemas.py
==> /opt/pyvenv/bin/python3 /mnt/data/r514_work/tools/check_schema_kind_matches_filename.py
==> /opt/pyvenv/bin/python3 /mnt/data/r514_work/tools/validate_spec_examples.py
==> /opt/pyvenv/bin/python3 /mnt/data/r514_work/tools/check_discovery.py
==> /opt/pyvenv/bin/python3 /mnt/data/r514_work/tools/check_meta_doc_discoverability.py
==> /opt/pyvenv/bin/python3 /mnt/data/r514_work/tools/check_changelog_format.py
==> /opt/pyvenv/bin/python3 /mnt/data/r514_work/tools/check_release_heading_uniqueness.py
==> /opt/pyvenv/bin/python3 /mnt/data/r514_work/tools/check_release_heading_order.py
==> /opt/pyvenv/bin/python3 /mnt/data/r514_work/tools/check_changelog_index_release_coverage.py
==> /opt/pyvenv/bin/python3 /mnt/data/r514_work/tools/check_index_front_matter_order.py
==> /opt/pyvenv/bin/python3 /mnt/data/r514_work/tools/check_doc_number_prefix_uniqueness.py
==> /opt/pyvenv/bin/python3 /mnt/data/r514_work/tools/check_markdown_h1_structure.py
==> /opt/pyvenv/bin/python3 /mnt/data/r514_work/tools/check_markdown_h2_heading_uniqueness.py
==> /opt/pyvenv/bin/python3 /mnt/data/r514_work/tools/check_markdown_inline_code_balance.py
==> /opt/pyvenv/bin/python3 /mnt/data/r514_work/tools/check_text_files_final_newline.py
==> /opt/pyvenv/bin/python3 /mnt/data/r514_work/tools/check_python_tool_executable_bits.py
==> /opt/pyvenv/bin/python3 /mnt/data/r514_work/tools/check_changelog_artifact_mentions.py
==> /opt/pyvenv/bin/python3 /mnt/data/r514_work/tools/check_hygiene_checkset_completeness.py
==> /opt/pyvenv/bin/python3 /mnt/data/r514_work/tools/check_release_last_updated.py
==> /opt/pyvenv/bin/python3 /mnt/data/r514_work/tools/check_must_read_set.py
==> /opt/pyvenv/bin/python3 /mnt/data/r514_work/tools/check_doc_metadata.py
==> /opt/pyvenv/bin/python3 /mnt/data/r514_work/tools/check_doc_patterns.py
==> /opt/pyvenv/bin/python3 /mnt/data/r514_work/tools/check_diff_surface_registry.py
==> /opt/pyvenv/bin/python3 /mnt/data/r514_work/tools/check_diff_surface_registry_wiring.py
==> /opt/pyvenv/bin/python3 /mnt/data/r514_work/tools/check_diff_review_docs.py
==> /opt/pyvenv/bin/python3 /mnt/data/r514_work/tools/check_diff_wiring_risk_flags.py
==> /opt/pyvenv/bin/python3 /mnt/data/r514_work/tools/check_juicy_lesson_references.py
==> /opt/pyvenv/bin/python3 /mnt/data/r514_work/tools/check_risk_flag_registry.py
==> /opt/pyvenv/bin/python3 /mnt/data/r514_work/tools/check_risk_flag_typical_sources.py
==> /opt/pyvenv/bin/python3 /mnt/data/r514_work/tools/check_product_profiles.py
==> /opt/pyvenv/bin/python3 /mnt/data/r514_work/tools/check_profile_default_vocabulary.py
==> /opt/pyvenv/bin/python3 /mnt/data/r514_work/tools/check_remote_assistance_recording_posture.py
==> /opt/pyvenv/bin/python3 /mnt/data/r514_work/tools/check_operator_access_recording_posture.py
==> /opt/pyvenv/bin/python3 /mnt/data/r514_work/tools/check_breakglass_recording_posture.py
==> /opt/pyvenv/bin/python3 /mnt/data/r514_work/tools/check_breakglass_recording_activation_boundary.py
==> /opt/pyvenv/bin/python3 /mnt/data/r514_work/tools/check_breakglass_repair_outcome_boundary.py
==> /opt/pyvenv/bin/python3 /mnt/data/r514_work/tools/check_breakglass_method_boundary.py
==> /opt/pyvenv/bin/python3 /mnt/data/r514_work/tools/check_breakglass_bootstrap_join_boundary.py
==> /opt/pyvenv/bin/python3 /mnt/data/r514_work/tools/check_breakglass_bootstrap_sequence_boundary.py
==> /opt/pyvenv/bin/python3 /mnt/data/r514_work/tools/check_breakglass_bootstrap_actuation_boundary.py
==> /opt/pyvenv/bin/python3 /mnt/data/r514_work/tools/check_destructive_reprovision_evidence_posture.py
==> /opt/pyvenv/bin/python3 /mnt/data/r514_work/tools/check_firmware_evidence_posture.py
==> /opt/pyvenv/bin/python3 /mnt/data/r514_work/tools/check_trust_bundle_apply_boundary.py
==> /opt/pyvenv/bin/python3 /mnt/data/r514_work/tools/check_trust_bundle_apply_bundle_contract.py
==> /opt/pyvenv/bin/python3 /mnt/data/r514_work/tools/check_event_seal_bundle_contract.py
==> /opt/pyvenv/bin/python3 /mnt/data/r514_work/tools/check_event_journal_digest_contract.py
==> /opt/pyvenv/bin/python3 /mnt/data/r514_work/tools/check_restore_boundary.py
==> /opt/pyvenv/bin/python3 /mnt/data/r514_work/tools/check_restore_bundle_contract.py
==> /opt/pyvenv/bin/python3 /mnt/data/r514_work/tools/check_support_session_bundle_contract.py
==> /opt/pyvenv/bin/python3 /mnt/data/r514_work/tools/check_operator_session_bundle_contract.py
==> /opt/pyvenv/bin/python3 /mnt/data/r514_work/tools/check_breakglass_bundle_contract.py
==> /opt/pyvenv/bin/python3 /mnt/data/r514_work/tools/check_breakglass_adapter_detail_boundary.py
==> /opt/pyvenv/bin/python3 /mnt/data/r514_work/tools/check_breakglass_adapter_bundle_boundary.py
==> /opt/pyvenv/bin/python3 /mnt/data/r514_work/tools/check_breakglass_adapter_export_receipt_boundary.py
==> /opt/pyvenv/bin/python3 /mnt/data/r514_work/tools/check_breakglass_adapter_anchor_boundary.py
==> /opt/pyvenv/bin/python3 /mnt/data/r514_work/tools/check_breakglass_adapter_live_locator_boundary.py
==> /opt/pyvenv/bin/python3 /mnt/data/r514_work/tools/check_breakglass_adapter_payload_anchor_boundary.py
==> /opt/pyvenv/bin/python3 /mnt/data/r514_work/tools/check_breakglass_adapter_case_object_exactness_boundary.py
==> /opt/pyvenv/bin/python3 /mnt/data/r514_work/tools/check_breakglass_adapter_case_object_validator_boundary.py
==> /opt/pyvenv/bin/python3 /mnt/data/r514_work/tools/check_breakglass_adapter_case_object_remote_protection_boundary.py
==> /opt/pyvenv/bin/python3 /mnt/data/r514_work/tools/check_breakglass_adapter_case_object_remote_protection_exactness_boundary.py
==> /opt/pyvenv/bin/python3 /mnt/data/r514_work/tools/check_breakglass_adapter_case_object_remote_locator_boundary.py
==> /opt/pyvenv/bin/python3 /mnt/data/r514_work/tools/check_breakglass_adapter_case_object_reverification_boundary.py
==> /opt/pyvenv/bin/python3 /mnt/data/r514_work/tools/check_uefi_var_set_bundle_contract.py
==> /opt/pyvenv/bin/python3 /mnt/data/r514_work/tools/check_fw_update_bundle_contract.py
==> /opt/pyvenv/bin/python3 /mnt/data/r514_work/tools/check_fw_inventory_diff_bundle_contract.py
==> /opt/pyvenv/bin/python3 /mnt/data/r514_work/tools/check_boot_bless_bundle_contract.py
==> /opt/pyvenv/bin/python3 /mnt/data/r514_work/tools/check_storage_scrub_bundle_contract.py
==> /opt/pyvenv/bin/python3 /mnt/data/r514_work/tools/check_time_sync_bundle_contract.py
==> /opt/pyvenv/bin/python3 /mnt/data/r514_work/tools/check_time_degraded_response_boundary.py
==> /opt/pyvenv/bin/python3 /mnt/data/r514_work/tools/check_time_source_policy_profile_floors.py
==> /opt/pyvenv/bin/python3 /mnt/data/r514_work/tools/check_removable_media_local_fallback_boundary.py
==> /opt/pyvenv/bin/python3 /mnt/data/r514_work/tools/check_removable_media_local_ingest_firstcut.py
==> /opt/pyvenv/bin/python3 /mnt/data/r514_work/tools/check_removable_media_local_fs_admission.py
==> /opt/pyvenv/bin/python3 /mnt/data/r514_work/tools/check_removable_media_local_mount_hardening.py
==> /opt/pyvenv/bin/python3 /mnt/data/r514_work/tools/check_removable_media_local_member_kind_floor.py
==> /opt/pyvenv/bin/python3 /mnt/data/r514_work/tools/check_removable_media_local_member_path_normalization.py
==> /opt/pyvenv/bin/python3 /mnt/data/r514_work/tools/check_removable_media_local_metadata_fidelity_floor.py
==> /opt/pyvenv/bin/python3 /mnt/data/r514_work/tools/check_removable_media_local_single_subject.py
==> /opt/pyvenv/bin/python3 /mnt/data/r514_work/tools/check_removable_media_local_regular_file_subject.py
==> /opt/pyvenv/bin/python3 /mnt/data/r514_work/tools/check_removable_media_local_present_device_scope.py
==> /opt/pyvenv/bin/python3 /mnt/data/r514_work/tools/check_removable_media_local_attach_receipt_hints.py
==> /opt/pyvenv/bin/python3 /mnt/data/r514_work/tools/check_removable_media_local_subject_capture.py
==> /opt/pyvenv/bin/python3 /mnt/data/r514_work/tools/check_removable_media_local_early_detach.py
==> /opt/pyvenv/bin/python3 /mnt/data/r514_work/tools/check_removable_media_local_post_detach_worker_reset.py
==> /opt/pyvenv/bin/python3 /mnt/data/r514_work/tools/check_removable_media_local_preserved_capture.pyremovable-media local-fallback preserved-capture check passed
removable-media local-fallback authoritative-store check passed
removable-media local-fallback single-object projection check passed
removable-media local-fallback projection digest-binding check passed
removable-media local-fallback preopened-delivery check passed
removable-media local-fallback broker-collected derivative-output check passed
removable-media local-fallback single-declared-derivative-slot check passed
removable-media local-fallback empty-writeonly-derivative-slot check passed
removable-media local-fallback append-open-derivative-slot check passed
removable-media local-fallback capability-mode-entry check passed
removable-media local-fallback closed-world descriptor-set check passed
removable-media local-fallback reviewed process-launch check passed
removable-media local-fallback executable identity check passed
removable-media local-fallback runtime dependency closure check passed
removable-media local-fallback credential envelope check passed
removable-media local-fallback worker lifecycle check passed
removable-media local-fallback resource-envelope check passed
removable-media local-fallback peer-interaction check passed
removable-media local-fallback ambient-input envelope check passed
removable-media local-fallback network-egress check passed
removable-media local-fallback persistent-state check passed
removable-media post-detach contract-closure check passed
removable-media post-detach FreeBSD launch-evidence check passed
removable-media post-detach recovery-evidence check passed
removable-media post-detach query-projection check passed
removable-media post-detach export-bundle check passed
removable-media post-detach revocation-tombstone check passed
removable-media post-detach denial-receipt check passed
removable-media post-detach fresh-authority receipt check passed
removable-media post-detach fresh-authority consumption receipt check passed
removable-media post-detach successor-index cutover receipt check passed
removable-media post-detach successor-index checkpoint receipt check passed
Lease-snapshot bundle contract: OK
Secret bundle contract: OK
PKI issue bundle contract: OK
Attestation bundle contract: OK
Attestation reference variance contract: OK
Attestation reference exception contract: OK
Attestation reference renewal contract: OK
Attestation reference selection contract: OK
Attestation identity provenance contract: OK
Attestation action verification contract: OK
Attestation degraded admission contract: OK
Attestation rejected-override contract: OK
Attestation verdict projection contract: OK
Breakglass resumption contract: OK
Breakglass resumption exact join contract: OK
Breakglass resumption same-host binding contract: OK
Breakglass resumption temporal contract: OK
Learned-network contract: OK
Publish-session contract: OK
Publish-session access-posture contract: OK
Publish-session lifetime contract check OK
Publish-session locator posture contract check OK
Publish-session secret-handoff contract check OK
Publish-session secret-handoff/authn-mode contract check OK
Publish-session secret-lifetime contract check OK
Publish-session secret-consumption contract check OK
Publish-session support-session authority contract check OK
Publish-session authority-join contract check OK
