Consistency check OK
Spec schema lint OK
Schema kind ↔ filename check OK
Spec example validation OK (validated 438 examples)
Discovery checks: OK
Meta doc discoverability check OK
Changelog format: OK
Release heading uniqueness check OK
Release heading order check OK
Changelog/index release coverage check OK: 190 changelog releases indexed
Index front-matter order check OK
Doc number prefix uniqueness check OK (764 unique prefixes; 2 explicit legacy duplicate sets)
Markdown H1 structure check OK, 1308 files
Markdown H2 heading uniqueness check OK, 1308 files
Markdown inline-code balance check OK
Text final-newline check OK
Python tool executable-bit check OK
Changelog artifact mention check OK
Hygiene checkset completeness OK (329 check scripts referenced exactly once)
Release Last updated stamp check OK
Must-read set check OK
Doc metadata check OK
Doc patterns check OK
Diff surface registry check OK
Diff surface registry wiring check OK
