.....
----------------------------------------------------------------------
Ran 5 tests in 0.001s

OK
[check] cargo fmt --check
[check] cargo test -p gr_engine
    Finished `test` profile [unoptimized + debuginfo] target(s) in 0.07s
     Running unittests src/lib.rs (target/debug/deps/gr_engine-99115664aaf10e62)

running 6 tests
test sim::tests::invalid_asymmetric_noise_probability_errors ... ok
test sim::tests::geometric_termination_delta_zero_runs_one_round ... ok
test sim::tests::invalid_noise_probability_errors ... ok
test sim::tests::geometric_termination_delta_one_runs_to_max_rounds ... ok
test sim::tests::swap_players_swaps_totals_in_deterministic_no_noise_case ... ok
test sim::tests::determinism_same_seed_same_output ... ok

test result: ok. 6 passed; 0 failed; 0 ignored; 0 measured; 0 filtered out; finished in 0.00s

     Running unittests src/bin/gr-engine.rs (target/debug/deps/gr_engine-2560325200a034e4)

running 0 tests

test result: ok. 0 passed; 0 failed; 0 ignored; 0 measured; 0 filtered out; finished in 0.00s

     Running tests/defdiff.rs (target/debug/deps/defdiff-a508a3b37df931e1)

running 2 tests
test snapshot_diff_detects_change_in_probe_suite ... ok
test snapshot_artifact_diff_matches_snapshot_diff ... ok

test result: ok. 2 passed; 0 failed; 0 ignored; 0 measured; 0 filtered out; finished in 0.00s

     Running tests/matchdiff.rs (target/debug/deps/matchdiff-23db79895cf4675d)

running 2 tests
test diff_match_artifacts_detects_first_trace_difference ... ok
test diff_match_artifacts_is_unchanged_for_identical_results ... ok

test result: ok. 2 passed; 0 failed; 0 ignored; 0 measured; 0 filtered out; finished in 0.00s

     Running tests/metadiff.rs (target/debug/deps/metadiff-671d17711dd6366e)

running 2 tests
test diff_metamorphic_artifacts_is_unchanged_for_identical_results ... ok
test diff_metamorphic_suite_artifacts_detects_registry_hash_change ... ok

test result: ok. 2 passed; 0 failed; 0 ignored; 0 measured; 0 filtered out; finished in 0.00s

     Running tests/metamorphic.rs (target/debug/deps/metamorphic-574f2964a05102f2)

running 3 tests
test metamorphic_player_swap_symmetry_marks_ineligible_matchups_as_skipped ... ok
test metamorphic_scaling_prefix_stability_passes_for_same_seed_prefix ... ok
test metamorphic_player_swap_symmetry_passes_for_deterministic_matchups ... ok

test result: ok. 3 passed; 0 failed; 0 ignored; 0 measured; 0 filtered out; finished in 0.00s

     Running tests/metamorphic_suite.rs (target/debug/deps/metamorphic_suite-7795d61f64ae8f43)

running 2 tests
test metamorphic_suite_can_embed_snapshot_summary ... ok
test run_metamorphic_suite_smoke_and_determinism ... ok

test result: ok. 2 passed; 0 failed; 0 ignored; 0 measured; 0 filtered out; finished in 0.00s

     Running tests/probe_run.rs (target/debug/deps/probe_run-d2845073a96fcafa)

running 3 tests
test run_probe_reports_assertion_failures ... ok
test probe_matchup_reports_rounds_summary_under_geometric_termination ... ok
test run_probe_is_deterministic ... ok

test result: ok. 3 passed; 0 failed; 0 ignored; 0 measured; 0 filtered out; finished in 0.00s

     Running tests/probe_spec.rs (target/debug/deps/probe_spec-dcc3059e6f546643)

running 3 tests
test registry_and_suite_validation_smoke ... ok
test expand_probe_supports_geometric_and_asymmetric_iid ... ok
test probe_hash_ignores_json_field_order_and_whitespace ... ok

test result: ok. 3 passed; 0 failed; 0 ignored; 0 measured; 0 filtered out; finished in 0.00s

     Running tests/probe_suite.rs (target/debug/deps/probe_suite-15e21603a209fd8a)

running 2 tests
test probe_suite_can_embed_snapshot_summary ... ok
test run_probe_suite_smoke_and_determinism ... ok

test result: ok. 2 passed; 0 failed; 0 ignored; 0 measured; 0 filtered out; finished in 0.00s

     Running tests/probediff.rs (target/debug/deps/probediff-aeeed95db6d0d113)

running 2 tests
test diff_probe_suite_artifacts_detects_changed_probe_hash ... ok
test diff_probe_artifacts_is_unchanged_for_identical_results ... ok

test result: ok. 2 passed; 0 failed; 0 ignored; 0 measured; 0 filtered out; finished in 0.00s

     Running tests/proptests.rs (target/debug/deps/proptests-cb36f5383c0874f9)

running 2 tests
test swapping_players_swaps_totals_for_deterministic_strategies_no_noise ... ok
test determinism_same_task_same_output ... ok

test result: ok. 2 passed; 0 failed; 0 ignored; 0 measured; 0 filtered out; finished in 0.13s

     Running tests/run_snapshot.rs (target/debug/deps/run_snapshot-00df59b0cfdc36ed)

running 3 tests
test run_snapshot_requires_registry_and_suite_pairing ... ok
test run_snapshot_can_run_scorecard_suite_when_embedded ... ok
test run_snapshot_is_deterministic ... ok

test result: ok. 3 passed; 0 failed; 0 ignored; 0 measured; 0 filtered out; finished in 0.00s

     Running tests/scorecard.rs (target/debug/deps/scorecard-a9c9359a079c6a62)

running 1 test
test scorecard_smoke_from_snapshot_run ... ok

test result: ok. 1 passed; 0 failed; 0 ignored; 0 measured; 0 filtered out; finished in 0.00s

     Running tests/scorecard_suite.rs (target/debug/deps/scorecard_suite-16e9f4001b667e0c)

running 1 test
test scorecard_suite_smoke_and_determinism ... ok

test result: ok. 1 passed; 0 failed; 0 ignored; 0 measured; 0 filtered out; finished in 0.00s

     Running tests/scorecard_suitediff.rs (target/debug/deps/scorecard_suitediff-1703851232ae937c)

running 1 test
test diff_scorecard_suite_artifacts_is_unchanged_for_identical_results ... ok

test result: ok. 1 passed; 0 failed; 0 ignored; 0 measured; 0 filtered out; finished in 0.00s

     Running tests/scorecarddiff.rs (target/debug/deps/scorecarddiff-9df1fb3c4d234af4)

running 2 tests
test diff_scorecard_artifacts_detects_warning_change ... ok
test diff_scorecard_artifacts_is_unchanged_for_identical_results ... ok

test result: ok. 2 passed; 0 failed; 0 ignored; 0 measured; 0 filtered out; finished in 0.00s

     Running tests/shrink.rs (target/debug/deps/shrink-c9a5dc75cbe4d730)

running 6 tests
test shrink_probe_matchups_keeps_only_failing_matchup ... ok
test shrink_probe_rounds_finds_smaller_counterexample ... ok
test shrink_probe_rounds_supports_geometric_delta_non_1_by_shrinking_max_rounds ... ok
test shrink_probe_rounds_supports_geometric_delta_1_by_shrinking_max_rounds ... ok
test shrink_probe_replications_finds_smaller_counterexample ... ok
test shrink_probe_pipeline_composes_matchups_rounds_and_replications ... ok

test result: ok. 6 passed; 0 failed; 0 ignored; 0 measured; 0 filtered out; finished in 0.00s

     Running tests/snapshot.rs (target/debug/deps/snapshot-67ad14564de26377)

running 1 test
test snapshot_input_hash_is_stable_across_json_formatting ... ok

test result: ok. 1 passed; 0 failed; 0 ignored; 0 measured; 0 filtered out; finished in 0.00s

     Running tests/snapshotrun_diff.rs (target/debug/deps/snapshotrun_diff-6de4593cfc7199fd)

running 2 tests
test snapshot_run_diff_is_unchanged_when_equal ... ok
test snapshot_run_diff_detects_scorecard_suite_drift ... ok

test result: ok. 2 passed; 0 failed; 0 ignored; 0 measured; 0 filtered out; finished in 0.00s

     Running tests/worldsheet.rs (target/debug/deps/worldsheet-6af03fe5bf4720a7)

running 4 tests
test worldsheet_validation_smoke ... ok
test worldsheet_validation_accepts_geometric_and_asymmetric_iid ... ok
test snapshot_can_hash_geometric_and_asymmetric_iid_worlds ... ok
test snapshot_can_hash_world_registry_and_suite ... ok

test result: ok. 4 passed; 0 failed; 0 ignored; 0 measured; 0 filtered out; finished in 0.00s

[check] python -m compileall -q grlab
[check] python -m unittest discover -s grlab/tests
..............................................
----------------------------------------------------------------------
Ran 46 tests in 2.926s

OK
[check] ok
