Consistency check OK
Spec schema lint OK
Schema kind ↔ filename check OK
Spec example validation OK (validated 400 examples)
Discovery checks: OK
Meta doc discoverability check OK
Changelog format: OK
Changelog artifact mention check OK
Release Last updated stamp check OK
Must-read set check OK
Doc metadata check OK
Doc patterns check OK
Diff surface registry check OK
Diff surface registry wiring check OK
Diff review-surface docs check OK
Diff wiring Risk flags check OK
Juicy lesson curated reference check OK
Risk flag registry check OK
Risk flag typical_sources check OK
Product profile check OK
Product-profile default vocabulary check OK
