==> python3 tools/check_consistency.py
Consistency check OK
PASS python3 tools/check_consistency.py
==> python3 tools/lint_spec_schemas.py
Spec schema lint OK
PASS python3 tools/lint_spec_schemas.py
==> python3 tools/validate_spec_examples.py
Spec example validation OK (validated 400 examples)
PASS python3 tools/validate_spec_examples.py
==> python3 tools/check_discovery.py
Discovery checks: OK
PASS python3 tools/check_discovery.py
==> python3 tools/check_version.py
Version check OK
PASS python3 tools/check_version.py
==> python3 tools/check_release_last_updated.py
Release Last updated stamp check OK
PASS python3 tools/check_release_last_updated.py
==> python3 tools/check_generated_docs.py
Generated docs check OK
PASS python3 tools/check_generated_docs.py
==> python3 tools/check_release_curated_references.py
Release curated reference check OK
PASS python3 tools/check_release_curated_references.py
==> python3 tools/check_risk_register.py
Risk register check OK
PASS python3 tools/check_risk_register.py
==> python3 tools/check_open_questions_decisions.py
Open questions decision-link check OK
PASS python3 tools/check_open_questions_decisions.py
==> python3 tools/check_workstation_datatransfer_first_richer_rfc_target.py
Workstation data-transfer first-richer-RFC-target checks: OK
PASS python3 tools/check_workstation_datatransfer_first_richer_rfc_target.py
==> python3 tools/check_workstation_datatransfer_finite_collection_autostop.py
Workstation data-transfer finite-collection-autostop checks: OK
PASS python3 tools/check_workstation_datatransfer_finite_collection_autostop.py
==> python3 tools/check_workstation_datatransfer_collection_snapshot_posture.py
workstation data-transfer collection snapshot posture check passed
PASS python3 tools/check_workstation_datatransfer_collection_snapshot_posture.py
==> python3 tools/check_workstation_datatransfer_collection_manifest_posture.py
workstation data-transfer collection manifest posture check passed
PASS python3 tools/check_workstation_datatransfer_collection_manifest_posture.py
==> python3 tools/check_workstation_datatransfer_collection_readonly_first.py
