{
  "check_count": 45,
  "checks": [
    {
      "check_id": "transaction_implementation_is_independent_target_source",
      "detail": "the typed transaction implementation must remain an invariant-owned translation unit",
      "passed": true
    },
    {
      "check_id": "generic_sqlite_support_has_no_transaction_implementation",
      "detail": "generic statement/codec helpers must not reacquire transaction ownership",
      "passed": true
    },
    {
      "check_id": "transaction_owner_method_syncsqlitetransaction_syncsqlitetransaction",
      "detail": "typed owner method must remain in transaction implementation: SyncSqliteTransaction::SyncSqliteTransaction",
      "passed": true
    },
    {
      "check_id": "transaction_owner_method_syncsqlitetransaction_syncsqlitetransaction",
      "detail": "typed owner method must remain in transaction implementation: SyncSqliteTransaction::~SyncSqliteTransaction",
      "passed": true
    },
    {
      "check_id": "transaction_owner_method_syncsqlitetransaction_commit",
      "detail": "typed owner method must remain in transaction implementation: SyncSqliteTransaction::commit",
      "passed": true
    },
    {
      "check_id": "transaction_owner_method_syncsqlitetransaction_rollback",
      "detail": "typed owner method must remain in transaction implementation: SyncSqliteTransaction::rollback",
      "passed": true
    },
    {
      "check_id": "transaction_owner_method_syncsqlitetransactionauthority_authorizes",
      "detail": "typed owner method must remain in transaction implementation: SyncSqliteTransactionAuthority::authorizes",
      "passed": true
    },
    {
      "check_id": "proof_binds_process_salt",
      "detail": "required boundary marker: process_salt",
      "passed": true
    },
    {
      "check_id": "proof_binds_connection_incarnation",
      "detail": "required boundary marker: connection_incarnation",
      "passed": true
    },
    {
      "check_id": "proof_binds_authorizer_generation",
      "detail": "required boundary marker: authorizer_generation",
      "passed": true
    },
    {
      "check_id": "proof_binds_transaction_generation",
      "detail": "required boundary marker: transaction_generation",
      "passed": true
    },
    {
      "check_id": "proof_retains_connection_mutex",
      "detail": "required boundary marker: retained_connection_mutex",
      "passed": true
    },
    {
      "check_id": "typed_begin_internal_api",
      "detail": "required boundary marker: begin_sync_sqlite_transaction_boundary_or_throw",
      "passed": true
    },
    {
      "check_id": "typed_end_internal_api",
      "detail": "required boundary marker: end_sync_sqlite_transaction_boundary_or_throw",
      "passed": true
    },
    {
      "check_id": "typed_mutex_release_api",
      "detail": "required boundary marker: release_sync_sqlite_transaction_mutex_noexcept",
      "passed": true
    },
    {
      "check_id": "savepoint_stack_is_denied",
      "detail": "required owner marker: if (action == SQLITE_SAVEPOINT) return SQLITE_DENY",
      "passed": true
    },
    {
      "check_id": "transaction_action_is_intercepted",
      "detail": "required owner marker: if (action == SQLITE_TRANSACTION)",
      "passed": true
    },
    {
      "check_id": "single_use_permit_has_active_state",
      "detail": "required owner marker: transaction_permit_active",
      "passed": true
    },
    {
      "check_id": "single_use_permit_is_consumed",
      "detail": "required owner marker: transaction_permit_observed",
      "passed": true
    },
    {
      "check_id": "connection_tracks_exact_transaction_generation",
      "detail": "required owner marker: active_transaction_generation",
      "passed": true
    },
    {
      "check_id": "permit_matches_exact_boundary_operation",
      "detail": "required owner marker: transaction_operation_matches",
      "passed": true
    },
    {
      "check_id": "boundary_challenges_owned_callback",
      "detail": "required owner marker: run_authorizer_ownership_probe_or_throw",
      "passed": true
    },
    {
      "check_id": "reinstall_rejects_live_generation",
      "detail": "required owner marker: cannot replace connection authority inside an active transaction",
      "passed": true
    },
    {
      "check_id": "failed_begin_has_exact_cleanup",
      "detail": "required owner marker: rollback_newly_started_transaction_noexcept",
      "passed": true
    },
    {
      "check_id": "destructor_rejects_ambiguous_raw_rollback",
      "detail": "required owner marker: Do not issue an unfenced fallback",
      "passed": true
    },
    {
      "check_id": "owned_bridge_can_install_and_supersede",
      "detail": "connection authority owner must install and deliberately supersede its bridge",
      "passed": true
    },
    {
      "check_id": "transaction_owner_cannot_replace_authorizer",
      "detail": "typed transaction code must consume, not own, callback installation",
      "passed": true
    },
    {
      "check_id": "revocation_releases_retained_connection_mutex",
      "detail": "every typed generation revocation must release its exact recursive mutex entry",
      "passed": true
    },
    {
      "check_id": "copied_authority_is_not_a_mutex_owner",
      "detail": "copied transaction capabilities must never duplicate mutex ownership",
      "passed": true
    },
    {
      "check_id": "thread_affinity_is_documented",
      "detail": "retaining SQLite's recursive mutex makes transaction ownership thread-affine",
      "passed": true
    },
    {
      "check_id": "schema_recovery_reinstalls_bridge_before_typed_begin",
      "detail": "alien callback recovery must occur before a typed schema snapshot begins",
      "passed": true
    },
    {
      "check_id": "schema_recovery_precedes_snapshot",
      "detail": "the restrictive policy must be current before schema BEGIN is compiled",
      "passed": true
    },
    {
      "check_id": "peer_lifecycle_selftest_boundary_found",
      "detail": "production/selftest split marker must remain reviewable",
      "passed": true
    },
    {
      "check_id": "peer_ingress_production_has_no_raw_transaction_sql",
      "detail": "peer-ingress production lifecycle must use only the typed transaction owner",
      "passed": true
    },
    {
      "check_id": "legacy_payload_bootstrap_savepoint_is_inventoried",
      "detail": "the remaining bootstrap-only savepoint helper must stay visible until a typed savepoint API exists",
      "passed": true
    },
    {
      "check_id": "legacy_payload_savepoint_has_no_production_caller",
      "detail": "the raw payload-schema savepoint helper may only exist as an isolated bootstrap definition",
      "passed": true
    },
    {
      "check_id": "test_outer_savepoint_bypass",
      "detail": "required adversarial test marker: SAVEPOINT raw_outer",
      "passed": true
    },
    {
      "check_id": "test_nested_savepoint_bypass",
      "detail": "required adversarial test marker: ROLLBACK TO nested_raw",
      "passed": true
    },
    {
      "check_id": "test_prepared_begin_reauthorization",
      "detail": "required adversarial test marker: BEGIN prepared before authority installation",
      "passed": true
    },
    {
      "check_id": "test_ignore_fails_closed",
      "detail": "required adversarial test marker: SQLITE_IGNORE acquired transaction-boundary authority",
      "passed": true
    },
    {
      "check_id": "test_no_ambiguous_destructor_rollback",
      "detail": "required adversarial test marker: stale typed destructor rolled back a later alien transaction",
      "passed": true
    },
    {
      "check_id": "test_full_generation_mutex_retention",
      "detail": "required adversarial test marker: typed transaction released the connection mutex before rollback",
      "passed": true
    },
    {
      "check_id": "test_authorizer_reinstall_blocked",
      "detail": "required adversarial test marker: inside an active transaction",
      "passed": true
    },
    {
      "check_id": "post_attestation_schema_tests_use_typed_begin",
      "detail": "schema authority tests after bootstrap must not retain raw BEGIN call sites",
      "passed": true
    },
    {
      "check_id": "unowned_compatibility_boundary_is_tested",
      "detail": "unowned utility connections retain an explicit, isolated compatibility test",
      "passed": true
    }
  ],
  "format": "anonsync-sqlite-transaction-stack-authority-audit-v1",
  "interpretation": "Legacy raw boundaries outside peer-ingress are inventory, not proof of safety. They are migration candidates for later invariant-owned revisions.",
  "legacy_raw_transaction_boundary_count": 90,
  "legacy_raw_transaction_boundary_inventory": [
    {
      "line": 452,
      "path": "src/reporting_selftests.cpp",
      "text": "begin_immediate_ok = sqlite3_exec(db, \"BEGIN IMMEDIATE; ROLLBACK;\", nullptr, nullptr, &err) == SQLITE_OK;"
    },
    {
      "line": 1410,
      "path": "src/reporting_selftests.cpp",
      "text": "if (!seed(base, 2, \"rollback\")) { failed++; }"
    },
    {
      "line": 1415,
      "path": "src/reporting_selftests.cpp",
      "text": "expect_reject(base, \"rollback-next-line-count\");"
    },
    {
      "line": 3239,
      "path": "src/reporting_selftests.cpp",
      "text": "int rc = sqlite3_exec(raw, \"BEGIN IMMEDIATE;\", nullptr, nullptr, &err);"
    },
    {
      "line": 3257,
      "path": "src/reporting_selftests.cpp",
      "text": "sqlite3_exec(raw, \"ROLLBACK;\", nullptr, nullptr, nullptr);"
    },
    {
      "line": 3533,
      "path": "src/reporting_selftests.cpp",
      "text": "int rc = sqlite3_exec(raw, \"BEGIN IMMEDIATE;\", nullptr, nullptr, &err);"
    },
    {
      "line": 3549,
      "path": "src/reporting_selftests.cpp",
      "text": "sqlite3_exec(raw, \"ROLLBACK;\", nullptr, nullptr, nullptr);"
    },
    {
      "line": 3640,
      "path": "src/reporting_selftests.cpp",
      "text": "if (sqlite3_exec(db, \"BEGIN IMMEDIATE; ROLLBACK;\", nullptr, nullptr, &err) == SQLITE_OK) passed++;"
    },
    {
      "line": 4101,
      "path": "src/reporting_selftests.cpp",
      "text": "throw std::runtime_error(\"rollback guard seed stage failed: \" + reason);"
    },
    {
      "line": 4104,
      "path": "src/reporting_selftests.cpp",
      "text": "if (!backend->commit(reason)) throw std::runtime_error(\"rollback guard seed commit failed: \" + reason);"
    },
    {
      "line": 4112,
      "path": "src/reporting_selftests.cpp",
      "text": "if (!backend->backup_snapshot(snapshot, reason)) throw std::runtime_error(\"rollback guard snapshot failed: \" + reason);"
    },
    {
      "line": 4120,
      "path": "src/reporting_selftests.cpp",
      "text": "failed++; std::cerr << \"rollback guard rejected valid restore \" << label << \": \" << e.what() << \"\\n\";"
    },
    {
      "line": 4126,
      "path": "src/reporting_selftests.cpp",
      "text": "failed++; std::cerr << \"rollback guard accepted hostile restore \" << label << \"\\n\";"
    },
    {
      "line": 4129,
      "path": "src/reporting_selftests.cpp",
      "text": "else { failed++; std::cerr << \"rollback guard reject reason mismatch for \" << label << \": \" << e.what() << \"\\n\"; }"
    },
    {
      "line": 4486,
      "path": "src/reporting_selftests.cpp",
      "text": "sqlite3_exec(raw, \"ROLLBACK;\", nullptr, nullptr, nullptr);"
    },
    {
      "line": 931,
      "path": "src/runner.cpp",
      "text": "sqlite_exec_checked(db.get(), \"BEGIN IMMEDIATE;\", \"sender replay cache begin failed\");"
    },
    {
      "line": 999,
      "path": "src/runner.cpp",
      "text": "sqlite_exec_checked(db.get(), \"COMMIT;\", \"sender replay cache commit failed\");"
    },
    {
      "line": 1005,
      "path": "src/runner.cpp",
      "text": "sqlite3_exec(db.get(), \"ROLLBACK;\", nullptr, nullptr, &err);"
    },
    {
      "line": 379,
      "path": "src/sqlite_replay_ledger.cpp",
      "text": "int rc = sqlite3_exec(db, \"BEGIN IMMEDIATE; ROLLBACK;\", nullptr, nullptr, &err);"
    },
    {
      "line": 2225,
      "path": "src/sqlite_replay_ledger.cpp",
      "text": "sqlite_exec_or_throw(db_, \"BEGIN IMMEDIATE;\", \"sqlite-wal effect outbox claim begin-immediate failed\");"
    },
    {
      "line": 2252,
      "path": "src/sqlite_replay_ledger.cpp",
      "text": "sqlite_exec_or_throw(db_, \"COMMIT;\", \"sqlite-wal effect outbox claim empty commit failed\");"
    },
    {
      "line": 2301,
      "path": "src/sqlite_replay_ledger.cpp",
      "text": "sqlite_exec_or_throw(db_, \"COMMIT;\", \"sqlite-wal effect outbox claim commit failed\");"
    },
    {
      "line": 2310,
      "path": "src/sqlite_replay_ledger.cpp",
      "text": "sqlite3_exec(db_, \"ROLLBACK;\", nullptr, nullptr, &err);"
    },
    {
      "line": 2362,
      "path": "src/sqlite_replay_ledger.cpp",
      "text": "sqlite_exec_or_throw(db_, \"BEGIN IMMEDIATE;\", \"sqlite-wal effect transition begin-immediate failed\");"
    },
    {
      "line": 2442,
      "path": "src/sqlite_replay_ledger.cpp",
      "text": "sqlite_exec_or_throw(db_, \"COMMIT;\", \"sqlite-wal effect transition commit failed\");"
    },
    {
      "line": 2455,
      "path": "src/sqlite_replay_ledger.cpp",
      "text": "sqlite3_exec(db_, \"ROLLBACK;\", nullptr, nullptr, &err);"
    },
    {
      "line": 2530,
      "path": "src/sqlite_replay_ledger.cpp",
      "text": "sqlite_exec_or_throw(db_, \"BEGIN IMMEDIATE;\", \"sqlite-wal replay ledger begin-immediate failed\");"
    },
    {
      "line": 2536,
      "path": "src/sqlite_replay_ledger.cpp",
      "text": "sqlite_exec_or_throw(db_, \"ROLLBACK;\", \"sqlite-wal rollback after split-head failed\");"
    },
    {
      "line": 2589,
      "path": "src/sqlite_replay_ledger.cpp",
      "text": "sqlite_exec_or_throw(db_, \"COMMIT;\", \"sqlite-wal replay ledger commit failed\");"
    },
    {
      "line": 2618,
      "path": "src/sqlite_replay_ledger.cpp",
      "text": "sqlite3_exec(db_, \"ROLLBACK;\", nullptr, nullptr, &err);"
    },
    {
      "line": 2992,
      "path": "src/sqlite_replay_ledger.cpp",
      "text": "sqlite_exec_or_throw(db, \"BEGIN IMMEDIATE;\", \"sqlite-wal effect relay downstream begin failed\");"
    },
    {
      "line": 3065,
      "path": "src/sqlite_replay_ledger.cpp",
      "text": "sqlite_exec_or_throw(db, \"COMMIT;\", \"sqlite-wal effect relay downstream commit failed\");"
    },
    {
      "line": 3071,
      "path": "src/sqlite_replay_ledger.cpp",
      "text": "sqlite3_exec(db, \"ROLLBACK;\", nullptr, nullptr, &err);"
    },
    {
      "line": 5758,
      "path": "src/sync_domain.cpp",
      "text": "sqlite_exec_or_throw(handle.db, \"BEGIN IMMEDIATE;\", \"sync session checkpoint bound peer chunk acceptance db advance could not begin transaction\");"
    },
    {
      "line": 6009,
      "path": "src/sync_domain.cpp",
      "text": "sqlite_exec_or_throw(handle.db, \"COMMIT;\", \"sync session checkpoint bound peer chunk acceptance db advance could not commit transaction\");"
    },
    {
      "line": 6014,
      "path": "src/sync_domain.cpp",
      "text": "try { sqlite_exec_or_throw(handle.db, \"ROLLBACK;\", \"sync session checkpoint bound peer chunk acceptance db advance rollback failed\"); } catch (...) {}"
    },
    {
      "line": 6466,
      "path": "src/sync_domain.cpp",
      "text": "sqlite_exec_or_throw(handle.db, \"BEGIN IMMEDIATE;\", \"sync session checkpoint could not begin transaction\");"
    },
    {
      "line": 6680,
      "path": "src/sync_domain.cpp",
      "text": "sqlite_exec_or_throw(handle.db, \"COMMIT;\", \"sync session checkpoint could not commit transaction\");"
    },
    {
      "line": 6684,
      "path": "src/sync_domain.cpp",
      "text": "try { sqlite_exec_or_throw(handle.db, \"ROLLBACK;\", \"sync session checkpoint rollback failed\"); } catch (...) {}"
    },
    {
      "line": 8078,
      "path": "src/sync_domain.cpp",
      "text": "sqlite_exec_or_throw(handle.db, \"BEGIN IMMEDIATE;\", \"sync session checkpoint resume transfer daemon lease event could not begin transaction\");"
    },
    {
      "line": 8128,
      "path": "src/sync_domain.cpp",
      "text": "sqlite_exec_or_throw(handle.db, \"COMMIT;\", \"sync session checkpoint resume transfer daemon lease event could not commit transaction\");"
    },
    {
      "line": 8133,
      "path": "src/sync_domain.cpp",
      "text": "try { sqlite_exec_or_throw(handle.db, \"ROLLBACK;\", \"sync session checkpoint resume transfer daemon lease event could not rollback transaction\"); }"
    },
    {
      "line": 8183,
      "path": "src/sync_domain.cpp",
      "text": "sqlite_exec_or_throw(handle.db, \"BEGIN IMMEDIATE;\", \"sync session checkpoint resume transfer daemon owner lock could not begin transaction\");"
    },
    {
      "line": 8266,
      "path": "src/sync_domain.cpp",
      "text": "sqlite_exec_or_throw(handle.db, \"COMMIT;\", \"sync session checkpoint resume transfer daemon owner lock could not commit transaction\");"
    },
    {
      "line": 8272,
      "path": "src/sync_domain.cpp",
      "text": "try { sqlite_exec_or_throw(handle.db, \"ROLLBACK;\", \"sync session checkpoint resume transfer daemon owner lock rollback failed\"); }"
    },
    {
      "line": 8308,
      "path": "src/sync_domain.cpp",
      "text": "sqlite_exec_or_throw(handle.db, \"BEGIN IMMEDIATE;\", \"sync session checkpoint resume transfer daemon owner lock release could not begin transaction\");"
    },
    {
      "line": 8347,
      "path": "src/sync_domain.cpp",
      "text": "sqlite_exec_or_throw(handle.db, \"COMMIT;\", \"sync session checkpoint resume transfer daemon owner lock release could not commit transaction\");"
    },
    {
      "line": 8351,
      "path": "src/sync_domain.cpp",
      "text": "try { sqlite_exec_or_throw(handle.db, \"ROLLBACK;\", \"sync session checkpoint resume transfer daemon owner lock release rollback failed\"); }"
    },
    {
      "line": 9066,
      "path": "src/sync_domain.cpp",
      "text": "sqlite_exec_or_throw(handle.db, \"BEGIN IMMEDIATE;\", \"sync session checkpoint resume materialization could not begin transaction\");"
    },
    {
      "line": 9252,
      "path": "src/sync_domain.cpp",
      "text": "sqlite_exec_or_throw(handle.db, \"COMMIT;\", \"sync session checkpoint resume materialization could not commit transaction\");"
    },
    {
      "line": 9257,
      "path": "src/sync_domain.cpp",
      "text": "try { sqlite_exec_or_throw(handle.db, \"ROLLBACK;\", \"sync session checkpoint resume materialization rollback failed\"); } catch (...) {}"
    },
    {
      "line": 9356,
      "path": "src/sync_domain.cpp",
      "text": "sqlite_exec_or_throw(handle.db, \"BEGIN IMMEDIATE;\", \"sync session checkpoint resume cleanup could not begin transaction\");"
    },
    {
      "line": 9657,
      "path": "src/sync_domain.cpp",
      "text": "sqlite_exec_or_throw(handle.db, \"COMMIT;\", \"sync session checkpoint resume cleanup could not commit transaction\");"
    },
    {
      "line": 9662,
      "path": "src/sync_domain.cpp",
      "text": "try { sqlite_exec_or_throw(handle.db, \"ROLLBACK;\", \"sync session checkpoint resume cleanup rollback failed\"); } catch (...) {}"
    },
    {
      "line": 9976,
      "path": "src/sync_domain.cpp",
      "text": "sqlite_exec_or_throw(handle.db, \"BEGIN IMMEDIATE;\", \"sync session checkpoint resume transfer claim could not begin transaction\");"
    },
    {
      "line": 10199,
      "path": "src/sync_domain.cpp",
      "text": "sqlite_exec_or_throw(handle.db, \"COMMIT;\", \"sync session checkpoint resume transfer claim could not commit transaction\");"
    },
    {
      "line": 10204,
      "path": "src/sync_domain.cpp",
      "text": "try { sqlite_exec_or_throw(handle.db, \"ROLLBACK;\", \"sync session checkpoint resume transfer claim rollback failed\"); } catch (...) {}"
    },
    {
      "line": 10314,
      "path": "src/sync_domain.cpp",
      "text": "sqlite_exec_or_throw(handle.db, \"BEGIN IMMEDIATE;\", \"sync session checkpoint resume transfer terminal reset could not begin transaction\");"
    },
    {
      "line": 10571,
      "path": "src/sync_domain.cpp",
      "text": "sqlite_exec_or_throw(handle.db, \"COMMIT;\", \"sync session checkpoint resume transfer terminal reset could not commit transaction\");"
    },
    {
      "line": 10576,
      "path": "src/sync_domain.cpp",
      "text": "try { sqlite_exec_or_throw(handle.db, \"ROLLBACK;\", \"sync session checkpoint resume transfer terminal reset rollback failed\"); } catch (...) {}"
    },
    {
      "line": 10675,
      "path": "src/sync_domain.cpp",
      "text": "sqlite_exec_or_throw(handle.db, \"BEGIN IMMEDIATE;\", \"sync session checkpoint resume transfer executor could not begin transaction\");"
    },
    {
      "line": 11065,
      "path": "src/sync_domain.cpp",
      "text": "sqlite_exec_or_throw(handle.db, \"COMMIT;\", \"sync session checkpoint resume transfer executor could not commit transaction\");"
    },
    {
      "line": 11070,
      "path": "src/sync_domain.cpp",
      "text": "try { sqlite_exec_or_throw(handle.db, \"ROLLBACK;\", \"sync session checkpoint resume transfer executor rollback failed\"); } catch (...) {}"
    },
    {
      "line": 12566,
      "path": "src/sync_domain.cpp",
      "text": "sqlite_exec_or_throw(handle.db, \"BEGIN IMMEDIATE;\", \"sync session checkpoint terminal tombstone apply could not begin transaction\");"
    },
    {
      "line": 12770,
      "path": "src/sync_domain.cpp",
      "text": "sqlite_exec_or_throw(handle.db, \"COMMIT;\", \"sync session checkpoint terminal tombstone apply commit failed\");"
    },
    {
      "line": 12774,
      "path": "src/sync_domain.cpp",
      "text": "try { sqlite_exec_or_throw(handle.db, \"ROLLBACK;\", \"sync session checkpoint terminal tombstone apply rollback failed\"); } catch (...) {}"
    },
    {
      "line": 12807,
      "path": "src/sync_domain.cpp",
      "text": "sqlite_exec_or_throw(handle.db, \"BEGIN IMMEDIATE;\", \"sync session checkpoint terminal conflict tombstone apply could not begin transaction\");"
    },
    {
      "line": 13079,
      "path": "src/sync_domain.cpp",
      "text": "sqlite_exec_or_throw(handle.db, \"COMMIT;\", \"sync session checkpoint terminal conflict tombstone apply commit failed\");"
    },
    {
      "line": 13083,
      "path": "src/sync_domain.cpp",
      "text": "try { sqlite_exec_or_throw(handle.db, \"ROLLBACK;\", \"sync session checkpoint terminal conflict tombstone apply rollback failed\"); } catch (...) {}"
    },
    {
      "line": 13124,
      "path": "src/sync_domain.cpp",
      "text": "sqlite_exec_or_throw(handle.db, \"BEGIN IMMEDIATE;\", \"sync session checkpoint terminal conflict file apply could not begin transaction\");"
    },
    {
      "line": 13473,
      "path": "src/sync_domain.cpp",
      "text": "sqlite_exec_or_throw(handle.db, \"COMMIT;\", \"sync session checkpoint terminal conflict file apply commit failed\");"
    },
    {
      "line": 13477,
      "path": "src/sync_domain.cpp",
      "text": "try { sqlite_exec_or_throw(handle.db, \"ROLLBACK;\", \"sync session checkpoint terminal conflict file apply rollback failed\"); } catch (...) {}"
    },
    {
      "line": 14388,
      "path": "src/sync_domain.cpp",
      "text": "sqlite_exec_or_throw(handle.db, \"BEGIN;\", \"sync session checkpoint operator status begin read snapshot\");"
    },
    {
      "line": 14951,
      "path": "src/sync_domain.cpp",
      "text": "sqlite_exec_or_throw(handle.db, \"COMMIT;\", \"sync session checkpoint operator status commit read snapshot\");"
    },
    {
      "line": 15507,
      "path": "src/sync_domain.cpp",
      "text": "sqlite_exec_or_throw(handle.db, \"BEGIN IMMEDIATE;\", \"sync session checkpoint bound peer sidecar review repair reset begin\");"
    },
    {
      "line": 15540,
      "path": "src/sync_domain.cpp",
      "text": "sqlite_exec_or_throw(handle.db, \"COMMIT;\", \"sync session checkpoint bound peer sidecar review repair reset existing commit\");"
    },
    {
      "line": 15795,
      "path": "src/sync_domain.cpp",
      "text": "sqlite_exec_or_throw(handle.db, \"COMMIT;\", \"sync session checkpoint bound peer sidecar review repair reset commit\");"
    },
    {
      "line": 15801,
      "path": "src/sync_domain.cpp",
      "text": "try { sqlite_exec_or_throw(handle.db, \"ROLLBACK;\", \"sync session checkpoint bound peer sidecar review repair reset rollback\"); } catch (...) {}"
    },
    {
      "line": 3450,
      "path": "src/sync_peer_ingress_lifecycle.cpp",
      "text": "\"BEGIN INSERT INTO peer_ingress_trigger_probe(value) VALUES('fired'); END;\","
    },
    {
      "line": 3606,
      "path": "src/sync_peer_ingress_lifecycle.cpp",
      "text": "sqlite_exec_or_throw(writer.db, \"BEGIN IMMEDIATE;\", \"peer ingress read-only lock writer begin\");"
    },
    {
      "line": 3735,
      "path": "src/sync_peer_ingress_lifecycle.cpp",
      "text": "sqlite_exec_or_throw(writer.db, \"ROLLBACK;\", \"peer ingress contention writer rollback\");"
    },
    {
      "line": 3744,
      "path": "src/sync_peer_ingress_lifecycle.cpp",
      "text": "sqlite_exec_or_throw(writer.db, \"BEGIN IMMEDIATE;\", \"peer ingress handoff writer begin\");"
    },
    {
      "line": 3771,
      "path": "src/sync_peer_ingress_lifecycle.cpp",
      "text": "sqlite_exec_or_throw(writer.db, \"ROLLBACK;\", \"peer ingress handoff writer release\");"
    },
    {
      "line": 292,
      "path": "src/sync_peer_ingress_payload_store.cpp",
      "text": "\"SAVEPOINT anonsync_peer_payload_schema;\","
    },
    {
      "line": 293,
      "path": "src/sync_peer_ingress_payload_store.cpp",
      "text": "label_ + \" savepoint begin\");"
    },
    {
      "line": 303,
      "path": "src/sync_peer_ingress_payload_store.cpp",
      "text": "\"ROLLBACK TO anonsync_peer_payload_schema;\""
    },
    {
      "line": 304,
      "path": "src/sync_peer_ingress_payload_store.cpp",
      "text": "\"RELEASE anonsync_peer_payload_schema;\","
    },
    {
      "line": 311,
      "path": "src/sync_peer_ingress_payload_store.cpp",
      "text": "process_id_, label_ + \" savepoint commit\");"
    },
    {
      "line": 313,
      "path": "src/sync_peer_ingress_payload_store.cpp",
      "text": "\"RELEASE anonsync_peer_payload_schema;\","
    },
    {
      "line": 314,
      "path": "src/sync_peer_ingress_payload_store.cpp",
      "text": "label_ + \" savepoint release\");"
    }
  ],
  "passed": true,
  "payload_bootstrap_savepoint_locations": [
    {
      "line": 292,
      "path": "src/sync_peer_ingress_payload_store.cpp",
      "text": "\"SAVEPOINT anonsync_peer_payload_schema;\","
    },
    {
      "line": 293,
      "path": "src/sync_peer_ingress_payload_store.cpp",
      "text": "label_ + \" savepoint begin\");"
    },
    {
      "line": 303,
      "path": "src/sync_peer_ingress_payload_store.cpp",
      "text": "\"ROLLBACK TO anonsync_peer_payload_schema;\""
    },
    {
      "line": 304,
      "path": "src/sync_peer_ingress_payload_store.cpp",
      "text": "\"RELEASE anonsync_peer_payload_schema;\","
    },
    {
      "line": 311,
      "path": "src/sync_peer_ingress_payload_store.cpp",
      "text": "process_id_, label_ + \" savepoint commit\");"
    },
    {
      "line": 313,
      "path": "src/sync_peer_ingress_payload_store.cpp",
      "text": "\"RELEASE anonsync_peer_payload_schema;\","
    },
    {
      "line": 314,
      "path": "src/sync_peer_ingress_payload_store.cpp",
      "text": "label_ + \" savepoint release\");"
    }
  ],
  "production_peer_ingress_raw_boundary_locations": [],
  "raw_transaction_boundary_inventory": [
    {
      "line": 452,
      "path": "src/reporting_selftests.cpp",
      "text": "begin_immediate_ok = sqlite3_exec(db, \"BEGIN IMMEDIATE; ROLLBACK;\", nullptr, nullptr, &err) == SQLITE_OK;"
    },
    {
      "line": 1410,
      "path": "src/reporting_selftests.cpp",
      "text": "if (!seed(base, 2, \"rollback\")) { failed++; }"
    },
    {
      "line": 1415,
      "path": "src/reporting_selftests.cpp",
      "text": "expect_reject(base, \"rollback-next-line-count\");"
    },
    {
      "line": 3239,
      "path": "src/reporting_selftests.cpp",
      "text": "int rc = sqlite3_exec(raw, \"BEGIN IMMEDIATE;\", nullptr, nullptr, &err);"
    },
    {
      "line": 3257,
      "path": "src/reporting_selftests.cpp",
      "text": "sqlite3_exec(raw, \"ROLLBACK;\", nullptr, nullptr, nullptr);"
    },
    {
      "line": 3533,
      "path": "src/reporting_selftests.cpp",
      "text": "int rc = sqlite3_exec(raw, \"BEGIN IMMEDIATE;\", nullptr, nullptr, &err);"
    },
    {
      "line": 3549,
      "path": "src/reporting_selftests.cpp",
      "text": "sqlite3_exec(raw, \"ROLLBACK;\", nullptr, nullptr, nullptr);"
    },
    {
      "line": 3640,
      "path": "src/reporting_selftests.cpp",
      "text": "if (sqlite3_exec(db, \"BEGIN IMMEDIATE; ROLLBACK;\", nullptr, nullptr, &err) == SQLITE_OK) passed++;"
    },
    {
      "line": 4101,
      "path": "src/reporting_selftests.cpp",
      "text": "throw std::runtime_error(\"rollback guard seed stage failed: \" + reason);"
    },
    {
      "line": 4104,
      "path": "src/reporting_selftests.cpp",
      "text": "if (!backend->commit(reason)) throw std::runtime_error(\"rollback guard seed commit failed: \" + reason);"
    },
    {
      "line": 4112,
      "path": "src/reporting_selftests.cpp",
      "text": "if (!backend->backup_snapshot(snapshot, reason)) throw std::runtime_error(\"rollback guard snapshot failed: \" + reason);"
    },
    {
      "line": 4120,
      "path": "src/reporting_selftests.cpp",
      "text": "failed++; std::cerr << \"rollback guard rejected valid restore \" << label << \": \" << e.what() << \"\\n\";"
    },
    {
      "line": 4126,
      "path": "src/reporting_selftests.cpp",
      "text": "failed++; std::cerr << \"rollback guard accepted hostile restore \" << label << \"\\n\";"
    },
    {
      "line": 4129,
      "path": "src/reporting_selftests.cpp",
      "text": "else { failed++; std::cerr << \"rollback guard reject reason mismatch for \" << label << \": \" << e.what() << \"\\n\"; }"
    },
    {
      "line": 4486,
      "path": "src/reporting_selftests.cpp",
      "text": "sqlite3_exec(raw, \"ROLLBACK;\", nullptr, nullptr, nullptr);"
    },
    {
      "line": 931,
      "path": "src/runner.cpp",
      "text": "sqlite_exec_checked(db.get(), \"BEGIN IMMEDIATE;\", \"sender replay cache begin failed\");"
    },
    {
      "line": 999,
      "path": "src/runner.cpp",
      "text": "sqlite_exec_checked(db.get(), \"COMMIT;\", \"sender replay cache commit failed\");"
    },
    {
      "line": 1005,
      "path": "src/runner.cpp",
      "text": "sqlite3_exec(db.get(), \"ROLLBACK;\", nullptr, nullptr, &err);"
    },
    {
      "line": 379,
      "path": "src/sqlite_replay_ledger.cpp",
      "text": "int rc = sqlite3_exec(db, \"BEGIN IMMEDIATE; ROLLBACK;\", nullptr, nullptr, &err);"
    },
    {
      "line": 2225,
      "path": "src/sqlite_replay_ledger.cpp",
      "text": "sqlite_exec_or_throw(db_, \"BEGIN IMMEDIATE;\", \"sqlite-wal effect outbox claim begin-immediate failed\");"
    },
    {
      "line": 2252,
      "path": "src/sqlite_replay_ledger.cpp",
      "text": "sqlite_exec_or_throw(db_, \"COMMIT;\", \"sqlite-wal effect outbox claim empty commit failed\");"
    },
    {
      "line": 2301,
      "path": "src/sqlite_replay_ledger.cpp",
      "text": "sqlite_exec_or_throw(db_, \"COMMIT;\", \"sqlite-wal effect outbox claim commit failed\");"
    },
    {
      "line": 2310,
      "path": "src/sqlite_replay_ledger.cpp",
      "text": "sqlite3_exec(db_, \"ROLLBACK;\", nullptr, nullptr, &err);"
    },
    {
      "line": 2362,
      "path": "src/sqlite_replay_ledger.cpp",
      "text": "sqlite_exec_or_throw(db_, \"BEGIN IMMEDIATE;\", \"sqlite-wal effect transition begin-immediate failed\");"
    },
    {
      "line": 2442,
      "path": "src/sqlite_replay_ledger.cpp",
      "text": "sqlite_exec_or_throw(db_, \"COMMIT;\", \"sqlite-wal effect transition commit failed\");"
    },
    {
      "line": 2455,
      "path": "src/sqlite_replay_ledger.cpp",
      "text": "sqlite3_exec(db_, \"ROLLBACK;\", nullptr, nullptr, &err);"
    },
    {
      "line": 2530,
      "path": "src/sqlite_replay_ledger.cpp",
      "text": "sqlite_exec_or_throw(db_, \"BEGIN IMMEDIATE;\", \"sqlite-wal replay ledger begin-immediate failed\");"
    },
    {
      "line": 2536,
      "path": "src/sqlite_replay_ledger.cpp",
      "text": "sqlite_exec_or_throw(db_, \"ROLLBACK;\", \"sqlite-wal rollback after split-head failed\");"
    },
    {
      "line": 2589,
      "path": "src/sqlite_replay_ledger.cpp",
      "text": "sqlite_exec_or_throw(db_, \"COMMIT;\", \"sqlite-wal replay ledger commit failed\");"
    },
    {
      "line": 2618,
      "path": "src/sqlite_replay_ledger.cpp",
      "text": "sqlite3_exec(db_, \"ROLLBACK;\", nullptr, nullptr, &err);"
    },
    {
      "line": 2992,
      "path": "src/sqlite_replay_ledger.cpp",
      "text": "sqlite_exec_or_throw(db, \"BEGIN IMMEDIATE;\", \"sqlite-wal effect relay downstream begin failed\");"
    },
    {
      "line": 3065,
      "path": "src/sqlite_replay_ledger.cpp",
      "text": "sqlite_exec_or_throw(db, \"COMMIT;\", \"sqlite-wal effect relay downstream commit failed\");"
    },
    {
      "line": 3071,
      "path": "src/sqlite_replay_ledger.cpp",
      "text": "sqlite3_exec(db, \"ROLLBACK;\", nullptr, nullptr, &err);"
    },
    {
      "line": 5758,
      "path": "src/sync_domain.cpp",
      "text": "sqlite_exec_or_throw(handle.db, \"BEGIN IMMEDIATE;\", \"sync session checkpoint bound peer chunk acceptance db advance could not begin transaction\");"
    },
    {
      "line": 6009,
      "path": "src/sync_domain.cpp",
      "text": "sqlite_exec_or_throw(handle.db, \"COMMIT;\", \"sync session checkpoint bound peer chunk acceptance db advance could not commit transaction\");"
    },
    {
      "line": 6014,
      "path": "src/sync_domain.cpp",
      "text": "try { sqlite_exec_or_throw(handle.db, \"ROLLBACK;\", \"sync session checkpoint bound peer chunk acceptance db advance rollback failed\"); } catch (...) {}"
    },
    {
      "line": 6466,
      "path": "src/sync_domain.cpp",
      "text": "sqlite_exec_or_throw(handle.db, \"BEGIN IMMEDIATE;\", \"sync session checkpoint could not begin transaction\");"
    },
    {
      "line": 6680,
      "path": "src/sync_domain.cpp",
      "text": "sqlite_exec_or_throw(handle.db, \"COMMIT;\", \"sync session checkpoint could not commit transaction\");"
    },
    {
      "line": 6684,
      "path": "src/sync_domain.cpp",
      "text": "try { sqlite_exec_or_throw(handle.db, \"ROLLBACK;\", \"sync session checkpoint rollback failed\"); } catch (...) {}"
    },
    {
      "line": 8078,
      "path": "src/sync_domain.cpp",
      "text": "sqlite_exec_or_throw(handle.db, \"BEGIN IMMEDIATE;\", \"sync session checkpoint resume transfer daemon lease event could not begin transaction\");"
    },
    {
      "line": 8128,
      "path": "src/sync_domain.cpp",
      "text": "sqlite_exec_or_throw(handle.db, \"COMMIT;\", \"sync session checkpoint resume transfer daemon lease event could not commit transaction\");"
    },
    {
      "line": 8133,
      "path": "src/sync_domain.cpp",
      "text": "try { sqlite_exec_or_throw(handle.db, \"ROLLBACK;\", \"sync session checkpoint resume transfer daemon lease event could not rollback transaction\"); }"
    },
    {
      "line": 8183,
      "path": "src/sync_domain.cpp",
      "text": "sqlite_exec_or_throw(handle.db, \"BEGIN IMMEDIATE;\", \"sync session checkpoint resume transfer daemon owner lock could not begin transaction\");"
    },
    {
      "line": 8266,
      "path": "src/sync_domain.cpp",
      "text": "sqlite_exec_or_throw(handle.db, \"COMMIT;\", \"sync session checkpoint resume transfer daemon owner lock could not commit transaction\");"
    },
    {
      "line": 8272,
      "path": "src/sync_domain.cpp",
      "text": "try { sqlite_exec_or_throw(handle.db, \"ROLLBACK;\", \"sync session checkpoint resume transfer daemon owner lock rollback failed\"); }"
    },
    {
      "line": 8308,
      "path": "src/sync_domain.cpp",
      "text": "sqlite_exec_or_throw(handle.db, \"BEGIN IMMEDIATE;\", \"sync session checkpoint resume transfer daemon owner lock release could not begin transaction\");"
    },
    {
      "line": 8347,
      "path": "src/sync_domain.cpp",
      "text": "sqlite_exec_or_throw(handle.db, \"COMMIT;\", \"sync session checkpoint resume transfer daemon owner lock release could not commit transaction\");"
    },
    {
      "line": 8351,
      "path": "src/sync_domain.cpp",
      "text": "try { sqlite_exec_or_throw(handle.db, \"ROLLBACK;\", \"sync session checkpoint resume transfer daemon owner lock release rollback failed\"); }"
    },
    {
      "line": 9066,
      "path": "src/sync_domain.cpp",
      "text": "sqlite_exec_or_throw(handle.db, \"BEGIN IMMEDIATE;\", \"sync session checkpoint resume materialization could not begin transaction\");"
    },
    {
      "line": 9252,
      "path": "src/sync_domain.cpp",
      "text": "sqlite_exec_or_throw(handle.db, \"COMMIT;\", \"sync session checkpoint resume materialization could not commit transaction\");"
    },
    {
      "line": 9257,
      "path": "src/sync_domain.cpp",
      "text": "try { sqlite_exec_or_throw(handle.db, \"ROLLBACK;\", \"sync session checkpoint resume materialization rollback failed\"); } catch (...) {}"
    },
    {
      "line": 9356,
      "path": "src/sync_domain.cpp",
      "text": "sqlite_exec_or_throw(handle.db, \"BEGIN IMMEDIATE;\", \"sync session checkpoint resume cleanup could not begin transaction\");"
    },
    {
      "line": 9657,
      "path": "src/sync_domain.cpp",
      "text": "sqlite_exec_or_throw(handle.db, \"COMMIT;\", \"sync session checkpoint resume cleanup could not commit transaction\");"
    },
    {
      "line": 9662,
      "path": "src/sync_domain.cpp",
      "text": "try { sqlite_exec_or_throw(handle.db, \"ROLLBACK;\", \"sync session checkpoint resume cleanup rollback failed\"); } catch (...) {}"
    },
    {
      "line": 9976,
      "path": "src/sync_domain.cpp",
      "text": "sqlite_exec_or_throw(handle.db, \"BEGIN IMMEDIATE;\", \"sync session checkpoint resume transfer claim could not begin transaction\");"
    },
    {
      "line": 10199,
      "path": "src/sync_domain.cpp",
      "text": "sqlite_exec_or_throw(handle.db, \"COMMIT;\", \"sync session checkpoint resume transfer claim could not commit transaction\");"
    },
    {
      "line": 10204,
      "path": "src/sync_domain.cpp",
      "text": "try { sqlite_exec_or_throw(handle.db, \"ROLLBACK;\", \"sync session checkpoint resume transfer claim rollback failed\"); } catch (...) {}"
    },
    {
      "line": 10314,
      "path": "src/sync_domain.cpp",
      "text": "sqlite_exec_or_throw(handle.db, \"BEGIN IMMEDIATE;\", \"sync session checkpoint resume transfer terminal reset could not begin transaction\");"
    },
    {
      "line": 10571,
      "path": "src/sync_domain.cpp",
      "text": "sqlite_exec_or_throw(handle.db, \"COMMIT;\", \"sync session checkpoint resume transfer terminal reset could not commit transaction\");"
    },
    {
      "line": 10576,
      "path": "src/sync_domain.cpp",
      "text": "try { sqlite_exec_or_throw(handle.db, \"ROLLBACK;\", \"sync session checkpoint resume transfer terminal reset rollback failed\"); } catch (...) {}"
    },
    {
      "line": 10675,
      "path": "src/sync_domain.cpp",
      "text": "sqlite_exec_or_throw(handle.db, \"BEGIN IMMEDIATE;\", \"sync session checkpoint resume transfer executor could not begin transaction\");"
    },
    {
      "line": 11065,
      "path": "src/sync_domain.cpp",
      "text": "sqlite_exec_or_throw(handle.db, \"COMMIT;\", \"sync session checkpoint resume transfer executor could not commit transaction\");"
    },
    {
      "line": 11070,
      "path": "src/sync_domain.cpp",
      "text": "try { sqlite_exec_or_throw(handle.db, \"ROLLBACK;\", \"sync session checkpoint resume transfer executor rollback failed\"); } catch (...) {}"
    },
    {
      "line": 12566,
      "path": "src/sync_domain.cpp",
      "text": "sqlite_exec_or_throw(handle.db, \"BEGIN IMMEDIATE;\", \"sync session checkpoint terminal tombstone apply could not begin transaction\");"
    },
    {
      "line": 12770,
      "path": "src/sync_domain.cpp",
      "text": "sqlite_exec_or_throw(handle.db, \"COMMIT;\", \"sync session checkpoint terminal tombstone apply commit failed\");"
    },
    {
      "line": 12774,
      "path": "src/sync_domain.cpp",
      "text": "try { sqlite_exec_or_throw(handle.db, \"ROLLBACK;\", \"sync session checkpoint terminal tombstone apply rollback failed\"); } catch (...) {}"
    },
    {
      "line": 12807,
      "path": "src/sync_domain.cpp",
      "text": "sqlite_exec_or_throw(handle.db, \"BEGIN IMMEDIATE;\", \"sync session checkpoint terminal conflict tombstone apply could not begin transaction\");"
    },
    {
      "line": 13079,
      "path": "src/sync_domain.cpp",
      "text": "sqlite_exec_or_throw(handle.db, \"COMMIT;\", \"sync session checkpoint terminal conflict tombstone apply commit failed\");"
    },
    {
      "line": 13083,
      "path": "src/sync_domain.cpp",
      "text": "try { sqlite_exec_or_throw(handle.db, \"ROLLBACK;\", \"sync session checkpoint terminal conflict tombstone apply rollback failed\"); } catch (...) {}"
    },
    {
      "line": 13124,
      "path": "src/sync_domain.cpp",
      "text": "sqlite_exec_or_throw(handle.db, \"BEGIN IMMEDIATE;\", \"sync session checkpoint terminal conflict file apply could not begin transaction\");"
    },
    {
      "line": 13473,
      "path": "src/sync_domain.cpp",
      "text": "sqlite_exec_or_throw(handle.db, \"COMMIT;\", \"sync session checkpoint terminal conflict file apply commit failed\");"
    },
    {
      "line": 13477,
      "path": "src/sync_domain.cpp",
      "text": "try { sqlite_exec_or_throw(handle.db, \"ROLLBACK;\", \"sync session checkpoint terminal conflict file apply rollback failed\"); } catch (...) {}"
    },
    {
      "line": 14388,
      "path": "src/sync_domain.cpp",
      "text": "sqlite_exec_or_throw(handle.db, \"BEGIN;\", \"sync session checkpoint operator status begin read snapshot\");"
    },
    {
      "line": 14951,
      "path": "src/sync_domain.cpp",
      "text": "sqlite_exec_or_throw(handle.db, \"COMMIT;\", \"sync session checkpoint operator status commit read snapshot\");"
    },
    {
      "line": 15507,
      "path": "src/sync_domain.cpp",
      "text": "sqlite_exec_or_throw(handle.db, \"BEGIN IMMEDIATE;\", \"sync session checkpoint bound peer sidecar review repair reset begin\");"
    },
    {
      "line": 15540,
      "path": "src/sync_domain.cpp",
      "text": "sqlite_exec_or_throw(handle.db, \"COMMIT;\", \"sync session checkpoint bound peer sidecar review repair reset existing commit\");"
    },
    {
      "line": 15795,
      "path": "src/sync_domain.cpp",
      "text": "sqlite_exec_or_throw(handle.db, \"COMMIT;\", \"sync session checkpoint bound peer sidecar review repair reset commit\");"
    },
    {
      "line": 15801,
      "path": "src/sync_domain.cpp",
      "text": "try { sqlite_exec_or_throw(handle.db, \"ROLLBACK;\", \"sync session checkpoint bound peer sidecar review repair reset rollback\"); } catch (...) {}"
    },
    {
      "line": 3450,
      "path": "src/sync_peer_ingress_lifecycle.cpp",
      "text": "\"BEGIN INSERT INTO peer_ingress_trigger_probe(value) VALUES('fired'); END;\","
    },
    {
      "line": 3606,
      "path": "src/sync_peer_ingress_lifecycle.cpp",
      "text": "sqlite_exec_or_throw(writer.db, \"BEGIN IMMEDIATE;\", \"peer ingress read-only lock writer begin\");"
    },
    {
      "line": 3735,
      "path": "src/sync_peer_ingress_lifecycle.cpp",
      "text": "sqlite_exec_or_throw(writer.db, \"ROLLBACK;\", \"peer ingress contention writer rollback\");"
    },
    {
      "line": 3744,
      "path": "src/sync_peer_ingress_lifecycle.cpp",
      "text": "sqlite_exec_or_throw(writer.db, \"BEGIN IMMEDIATE;\", \"peer ingress handoff writer begin\");"
    },
    {
      "line": 3771,
      "path": "src/sync_peer_ingress_lifecycle.cpp",
      "text": "sqlite_exec_or_throw(writer.db, \"ROLLBACK;\", \"peer ingress handoff writer release\");"
    },
    {
      "line": 292,
      "path": "src/sync_peer_ingress_payload_store.cpp",
      "text": "\"SAVEPOINT anonsync_peer_payload_schema;\","
    },
    {
      "line": 293,
      "path": "src/sync_peer_ingress_payload_store.cpp",
      "text": "label_ + \" savepoint begin\");"
    },
    {
      "line": 303,
      "path": "src/sync_peer_ingress_payload_store.cpp",
      "text": "\"ROLLBACK TO anonsync_peer_payload_schema;\""
    },
    {
      "line": 304,
      "path": "src/sync_peer_ingress_payload_store.cpp",
      "text": "\"RELEASE anonsync_peer_payload_schema;\","
    },
    {
      "line": 311,
      "path": "src/sync_peer_ingress_payload_store.cpp",
      "text": "process_id_, label_ + \" savepoint commit\");"
    },
    {
      "line": 313,
      "path": "src/sync_peer_ingress_payload_store.cpp",
      "text": "\"RELEASE anonsync_peer_payload_schema;\","
    },
    {
      "line": 314,
      "path": "src/sync_peer_ingress_payload_store.cpp",
      "text": "label_ + \" savepoint release\");"
    },
    {
      "line": 310,
      "path": "src/sync_sqlite_connection_authority.cpp",
      "text": "return ascii_case_equal(argument1, \"BEGIN\");"
    },
    {
      "line": 312,
      "path": "src/sync_sqlite_connection_authority.cpp",
      "text": "return ascii_case_equal(argument1, \"COMMIT\");"
    },
    {
      "line": 314,
      "path": "src/sync_sqlite_connection_authority.cpp",
      "text": "return ascii_case_equal(argument1, \"ROLLBACK\");"
    },
    {
      "line": 500,
      "path": "src/sync_sqlite_connection_authority.cpp",
      "text": "(void)sqlite3_exec(db, \"ROLLBACK;\", nullptr, nullptr, nullptr);"
    },
    {
      "line": 793,
      "path": "src/sync_sqlite_connection_authority.cpp",
      "text": "throw std::invalid_argument(label + \" begin SQL is empty\");"
    },
    {
      "line": 809,
      "path": "src/sync_sqlite_connection_authority.cpp",
      "text": "(void)sqlite3_exec(db, \"ROLLBACK;\", nullptr, nullptr, nullptr);"
    },
    {
      "line": 815,
      "path": "src/sync_sqlite_connection_authority.cpp",
      "text": "label + \" begin did not establish an explicit transaction\");"
    },
    {
      "line": 858,
      "path": "src/sync_sqlite_connection_authority.cpp",
      "text": "label + \" begin returned success without retaining a transaction\");"
    },
    {
      "line": 894,
      "path": "src/sync_sqlite_connection_authority.cpp",
      "text": "? \"COMMIT;\""
    },
    {
      "line": 895,
      "path": "src/sync_sqlite_connection_authority.cpp",
      "text": ": \"ROLLBACK;\","
    },
    {
      "line": 915,
      "path": "src/sync_sqlite_connection_authority.cpp",
      "text": "? \"COMMIT;\""
    },
    {
      "line": 916,
      "path": "src/sync_sqlite_connection_authority.cpp",
      "text": ": \"ROLLBACK;\";"
    },
    {
      "line": 1011,
      "path": "src/sync_sqlite_connection_authority.cpp",
      "text": "(void)sqlite3_exec(db, \"ROLLBACK;\", nullptr, nullptr, nullptr);"
    },
    {
      "line": 17,
      "path": "src/sync_sqlite_transaction.cpp",
      "text": "case SyncSqliteTransactionMode::Deferred: return \"BEGIN;\";"
    },
    {
      "line": 18,
      "path": "src/sync_sqlite_transaction.cpp",
      "text": "case SyncSqliteTransactionMode::Immediate: return \"BEGIN IMMEDIATE;\";"
    },
    {
      "line": 19,
      "path": "src/sync_sqlite_transaction.cpp",
      "text": "case SyncSqliteTransactionMode::Exclusive: return \"BEGIN EXCLUSIVE;\";"
    },
    {
      "line": 98,
      "path": "src/sync_sqlite_transaction.cpp",
      "text": "db_, begin_sql, label_ + \" begin\");"
    },
    {
      "line": 127,
      "path": "src/sync_sqlite_transaction.cpp",
      "text": "require_sync_sqlite_process_id_or_fail_stop(process_id_, label_ + \" commit\");"
    },
    {
      "line": 129,
      "path": "src/sync_sqlite_transaction.cpp",
      "text": "boundary_proof_->owner_thread_incarnation, label_ + \" commit\");"
    },
    {
      "line": 140,
      "path": "src/sync_sqlite_transaction.cpp",
      "text": "label_ + \" commit\");"
    },
    {
      "line": 155,
      "path": "src/sync_sqlite_transaction.cpp",
      "text": "require_sync_sqlite_process_id_or_fail_stop(process_id_, label_ + \" rollback\");"
    },
    {
      "line": 157,
      "path": "src/sync_sqlite_transaction.cpp",
      "text": "boundary_proof_->owner_thread_incarnation, label_ + \" rollback\");"
    },
    {
      "line": 171,
      "path": "src/sync_sqlite_transaction.cpp",
      "text": "label_ + \" rollback\");"
    }
  ],
  "root": "/mnt/data/anonsync_work/AnonSync",
  "sensitive_file_sha256": {
    "CMakeLists.txt": "4bc1045b5ebba927c3d71c657451c2be7b5cd2e6987dac13cdafe2e98a911c34",
    "src/sync_peer_ingress_lifecycle.cpp": "bac18ff81af86970c2c8928c4758813a1a39204cf1767b6c6cf743a8247435f6",
    "src/sync_peer_ingress_payload_store.cpp": "a0723c64880f71fb3d6aa0d3065f31a1ae57d76f15080b611027993fcc14cb9b",
    "src/sync_peer_ingress_schema.cpp": "397ec92c5e06ccd123b75e489710148e6dd062701f7e0e0ba265b05fa94dc004",
    "src/sync_sqlite_connection_authority.cpp": "e48a817850f3143b7536a944a5eba87bf71d6fb6232ffaba69e7942967026364",
    "src/sync_sqlite_connection_authority.hpp": "91ba3cafde8d5e672b3e01bfbf85be70f11146e2666b722305973db76158fd56",
    "src/sync_sqlite_connection_authority_internal.hpp": "7c139aef683b769a506156017ca4295d428cfb8b728e706476af583a47b1a173",
    "src/sync_sqlite_support.cpp": "7662de2ec7cf5760a0d6eb2c244ba950594656a1ad8de32a43f0d1f4a399e13b",
    "src/sync_sqlite_support.hpp": "cb0f5bf486fb9d879e4614979bde5555042259c316df77ebaebd6faaa64913f7",
    "src/sync_sqlite_transaction.cpp": "07ce713ece8a0ee001edc49d78b27890a84b287aa5730291e405b4852fc8dfb9",
    "tests/peer_ingress_schema_attestation_test.cpp": "df07d90376c369d97fd8c43072796382662f704149496763492f3a14ae18df14",
    "tests/sqlite_connection_authority_test.cpp": "291f528c1f7de160a0b73405fd338c9e1a8c2207cb1cc6923aba86f628f74557",
    "tests/sqlite_support_test.cpp": "53ad70ef7b691bb15a73f721efd4b1aac8db8249a35ebbc4b6b01f43f5667018"
  },
  "violations": []
}
