[PASS] public_capability_is_exact_generation_evidence: capability binds session, daemon, worker, canonical lock id, and generation only
[PASS] public_mutators_carry_recipient_capability: missing capability fields=[]
[PASS] filesystem_mutators_carry_explicit_fence_observation_time: missing observation time fields=[]
[PASS] policy_and_recipient_runtime_are_outside_core_monolith: both invariant owners are protected by the CMake source-ownership guard
[PASS] dependency_direction_is_core_to_recipient_to_pure_policy: core -> recipient boundary -> pure transition policy; no reverse core dependency
[PASS] transition_policy_is_pure: forbidden dependencies present=[]
[PASS] pure_policy_fail_closes_generation_and_capability_geometry: mint, takeover, live-owner, expiry, release, malformed-row, and exact-match branches are explicit
[PASS] recipient_runtime_rechecks_exact_durable_state_in_write_transaction: recipient reads the row, recomputes the canonical id, and invokes policy on the write snapshot
[PASS] checkpoint_root_reset_api_carries_exact_owner_and_observation_evidence: destructive checkpoint replacement carries recipient capability and explicit fence time
[PASS] sticky_owner_mode_schema_is_outside_checkpoint_cascade: mode memory has no foreign key or cascade edge to the replaceable checkpoint root
[PASS] checkpoint_schema_delegates_sticky_mode_ownership: the domain creates its owner child row then delegates independent mode migration to the focused boundary
[PASS] release_retires_generation_without_disabling_sticky_ownership: release advances owner-required mode but exposes no capability-free transition
[PASS] checkpoint_root_reset_permit_is_private_nontransferable_and_single_use: only the focused authorizer can mint a noncopyable, nonmovable one-shot reset capability
[PASS] root_reset_binds_recipient_evidence_to_exact_typed_transaction_generation: authorization and consumption both verify the same live typed write-transaction generation
[PASS] checkpoint_root_delete_has_one_focused_invariant_owner: active root-delete SQL owners=['src/sync_checkpoint_owner_fence.cpp']
[PASS] checkpoint_replacement_uses_typed_raii_transaction_and_ordered_reset_permit: positions transaction=4536 authorize=6448 delete=6889 insert=7214 commit=25356
[PASS] administrative_disable_is_modeled_but_not_forgeable_by_production_api: policy can interpret separately evidenced disable state, but this revision exposes no transition that fabricates it
[PASS] owner_fence_headers_have_narrow_include_surfaces: public=['include/anonsync_core.hpp', 'src/sync_checkpoint_owner_fence.hpp', 'src/sync_checkpoint_owner_fence_policy.hpp'] policy=['src/sync_checkpoint_owner_fence.cpp', 'src/sync_checkpoint_owner_fence_policy.cpp', 'tests/sync_checkpoint_owner_fence_policy_test.cpp'] runtime=['src/sync_checkpoint_owner_fence.cpp', 'src/sync_domain.cpp', 'src/sync_peer_ingestion.cpp', 'tests/sync_checkpoint_owner_fence_sqlite_test.cpp']
[PASS] acquisition_mints_generation_from_durable_row_inside_caller_write_transaction: positions write_tx=289 load=373 plan=842 mutate=2186
[PASS] takeover_uses_compare_and_replace_on_prior_generation: stored generation is both the increment source and the update precondition
[PASS] acquisition_reloads_and_verifies_committed_generation_evidence: returned capability is checked against the exact row written in the caller transaction
[PASS] release_is_an_exact_recipient_fenced_transition: positions write_tx=254 fence=425 update=2251
[PASS] domain_wrappers_own_immediate_transaction_and_commit_after_focused_boundary: domain owns database open/schema/commit while the focused boundary owns row interpretation and mutation
[PASS] internal_mutation_lease_is_database_minted_and_exactly_retired: cross-translation-unit orchestration can only receive database-minted evidence and retire that exact capability
[PASS] operator_repair_owner_guard_is_scoped_and_nontransferable: the repair owner lease cannot be copied or moved and has a no-throw cleanup fallback
[PASS] operator_repair_paths_acquire_propagate_and_release_exact_authority: both standalone and workflow repair paths mint before mutation, pass the exact capability, retire afterward, and report release evidence
[PASS] mutation_families_recheck_owner_at_recipient: fence calls=15 missing contexts=[]
[PASS] sidecar_publication_holds_write_reservation_across_filesystem_effects: positions reservation=7384 fence=7643 write=9584 commit=11829
[PASS] stale_artifact_repair_holds_write_reservation_across_removals: positions transaction=6067 fence=6300 remove=13924 commit=23721
[PASS] orchestration_propagates_exact_capability_without_reconstruction: scheduler, recovery sweep, cycle, and daemon branches forward the durable capability
[PASS] daemon_constructs_capability_only_from_acquired_record: caller lease epoch is no longer accepted as owner generation authority
[PASS] external_effect_fence_times_fail_closed_at_api_boundary: zero observation time is rejected before planning or filesystem work
[PASS] focused_pure_policy_corpus_is_adversarial: first mint, takeover, malformed state, time, overflow, partial and stale capability cases are independent
[PASS] focused_sqlite_recipient_proof_demonstrates_no_stale_effect: database mint/release plus A->B takeover reject stale authority in immediate transactions without recipient effects
[PASS] domain_corpus_locks_in_minted_generation_sequence: full-domain fixture proves first mint and expired-owner successor generation
[PASS] domain_corpus_proves_operator_repair_owner_lifecycle: the full-domain corpus proves workflow, direct operator, and standalone CLI capability lifecycles
[PASS] focused_build_graph_covers_both_owner_fence_boundaries: independent boundaries and proofs participate in no-core and sanitizer graphs
[PASS] focused_proofs_are_registered_release_obligations: both pure and SQLite recipient proofs are visible to CTest
sync checkpoint owner fence source audit: 38/38 passed
