{
  "check_count": 24,
  "checks": [
    {
      "check_id": "zip_member_names_are_unique",
      "detail": "duplicates=[]",
      "passed": true
    },
    {
      "check_id": "zip_paths_are_safe",
      "detail": "unsafe=[]",
      "passed": true
    },
    {
      "check_id": "zip_contains_no_symlinks",
      "detail": "symlinks=[]",
      "passed": true
    },
    {
      "check_id": "zip_has_one_anonsync_root",
      "detail": "roots=['AnonSync']",
      "passed": true
    },
    {
      "check_id": "required_files_present",
      "detail": "all required source, test, audit, and release files are present",
      "passed": true
    },
    {
      "check_id": "full_source_tree_present",
      "detail": "production implementation files=34 (minimum 20)",
      "passed": true
    },
    {
      "check_id": "full_header_tree_present",
      "detail": "production header files=22 (minimum 10)",
      "passed": true
    },
    {
      "check_id": "full_test_tree_present",
      "detail": "test implementation files=15 (minimum 10)",
      "passed": true
    },
    {
      "check_id": "generated_and_binary_artifacts_absent",
      "detail": "no VCS metadata, build trees, object files, binaries, or Python cache files",
      "passed": true
    },
    {
      "check_id": "release_gate_is_json_object",
      "detail": "RELEASE_GATE.json parses as one object",
      "passed": true
    },
    {
      "check_id": "release_gate_revision_is_canonical",
      "detail": "revision='rev0788'",
      "passed": true
    },
    {
      "check_id": "release_gate_revision_matches_expected",
      "detail": "expected=rev0788 actual=rev0788",
      "passed": true
    },
    {
      "check_id": "required_release_gate_passed",
      "detail": "the package may not publish a failed or absent required gate",
      "passed": true
    },
    {
      "check_id": "every_required_gate_entry_is_true",
      "detail": "all named required release conditions must be true",
      "passed": true
    },
    {
      "check_id": "revision_handoff_evidence_present",
      "detail": "revision notes, lineage, active projection, audit, and validation summary are present",
      "passed": true
    },
    {
      "check_id": "active_projection_format_supported",
      "detail": "format='anonsync-active-projection-v1'; absent format is the legacy v1 representation",
      "passed": true
    },
    {
      "check_id": "active_projection_digest_matches",
      "detail": "declared=27155873c3eca548628a73a8da230ba98f1c7e3b54e9bd0f1da25dc13f9ebf29 actual=27155873c3eca548628a73a8da230ba98f1c7e3b54e9bd0f1da25dc13f9ebf29",
      "passed": true
    },
    {
      "check_id": "active_projection_file_count_matches",
      "detail": "declared=88 actual=88",
      "passed": true
    },
    {
      "check_id": "active_projection_byte_count_matches",
      "detail": "declared=14690300 actual=14690300",
      "passed": true
    },
    {
      "check_id": "active_projection_file_inventory_matches",
      "detail": "every active path, byte count, and file digest matches the recomputed projection",
      "passed": true
    },
    {
      "check_id": "manifest_parses",
      "detail": "manifest entries=538",
      "passed": true
    },
    {
      "check_id": "manifest_has_exact_file_set",
      "detail": "missing=[] extra=[]",
      "passed": true
    },
    {
      "check_id": "manifest_hashes_verify",
      "detail": "every manifested file matches its SHA-256",
      "passed": true
    },
    {
      "check_id": "zip_crc_integrity_passes",
      "detail": "bad_member=None",
      "passed": true
    }
  ],
  "file_count": 539,
  "forbidden_entries": [],
  "format": "anonsync-release-package-verification-v1",
  "kind": "zip",
  "manifest_entry_count": 538,
  "passed": true,
  "passed_check_count": 24,
  "path": "/mnt/data/AnonSync-rev0788-2026.07.14.18.23-exact-vfs-uri-controlplane-lineagetruth-fenceforge(1).zip",
  "revision": "rev0788",
  "source_cpp_count": 34,
  "source_header_count": 22,
  "test_cpp_count": 15
}
