[1/75] Building CXX object CMakeFiles/anonsync_sqlite_exact_value.dir/src/persistence/sqlite_exact_value.cpp.o
[2/75] Building CXX object CMakeFiles/anonsync_sqlite_process_incarnation.dir/src/sync_sqlite_process_incarnation.cpp.o
[3/75] Building CXX object CMakeFiles/anonsync_sqlite_runtime.dir/src/sync_sqlite_runtime.cpp.o
[4/75] Linking CXX static library libanonsync_sqlite_process_incarnation.a
[5/75] Building CXX object CMakeFiles/anonsync_sqlite_support.dir/src/sync_sqlite_support.cpp.o
[6/75] Building CXX object CMakeFiles/anonsync_sqlite_support.dir/src/sync_sqlite_handle_slot.cpp.o
[7/75] Building CXX object CMakeFiles/anonsync_sqlite_support.dir/src/sync_sqlite_mutex_capability.cpp.o
[8/75] Building C object CMakeFiles/anonsync_sqlite3.dir/third_party/sqlite-3.53.3/sqlite3.c.o
[9/75] Building CXX object CMakeFiles/anonsync_sqlite_support.dir/src/sync_sqlite_transaction.cpp.o
[10/75] Linking C static library libanonsync_sqlite3.a
[11/75] Linking CXX static library libanonsync_sqlite_exact_value.a
[12/75] Linking CXX static library libanonsync_sqlite_runtime.a
[13/75] Building CXX object CMakeFiles/anonsync_sqlite_schema_identity.dir/src/sync_sqlite_schema_identity.cpp.o
[14/75] Building CXX object CMakeFiles/anonsync_sqlite_support.dir/src/sync_sqlite_connection_authority.cpp.o
[15/75] Building CXX object CMakeFiles/anonsync_sqlite_snapshot_geometry.dir/src/persistence/sqlite_snapshot_geometry.cpp.o
[16/75] Building CXX object CMakeFiles/anonsync_sqlite_path_security.dir/src/sqlite_path_security.cpp.o
[17/75] Linking CXX static library libanonsync_sqlite_support.a
[18/75] Building CXX object CMakeFiles/anonsync_canonical_projection_verifier.dir/src/persistence/canonical_projection_verifier.cpp.o
[19/75] Linking CXX static library libanonsync_sqlite_schema_identity.a
[20/75] Building CXX object CMakeFiles/anonsync_sha256_digest.dir/src/sha256_digest.cpp.o
[21/75] Building CXX object CMakeFiles/anonsync_sync_checkpoint_owner_fence_policy.dir/src/sync_checkpoint_owner_fence_policy.cpp.o
[22/75] Building CXX object CMakeFiles/anonsync_sync_atomic_file_publication_state.dir/src/sync_atomic_file_publication_state.cpp.o
[23/75] Building CXX object CMakeFiles/anonsync_sync_checkpoint_owner_schema.dir/src/sync_checkpoint_owner_schema.cpp.o
[24/75] Building CXX object CMakeFiles/anonsync_ingress_sender_replay_record.dir/src/persistence/ingress_sender_replay_record.cpp.o
[25/75] Linking CXX static library libanonsync_sqlite_path_security.a
[26/75] Linking CXX static library libanonsync_sqlite_snapshot_geometry.a
[27/75] Building CXX object CMakeFiles/anonsync_sqlite_replay_ledger_schema_contract.dir/src/persistence/sqlite_replay_ledger_schema_contract.cpp.o
[28/75] Building CXX object CMakeFiles/anonsync_sqlite_verification_budget.dir/src/persistence/sqlite_verification_budget.cpp.o
[29/75] Building CXX object CMakeFiles/anonsync_sqlite_snapshot_seal.dir/src/persistence/sqlite_snapshot_seal.cpp.o
[30/75] Building CXX object CMakeFiles/anonsync_peer_ingress_connection_profile.dir/src/persistence/peer_ingress_connection_profile.cpp.o
[31/75] Linking CXX static library libanonsync_canonical_projection_verifier.a
[32/75] Linking CXX static library libanonsync_sha256_digest.a
[33/75] Building CXX object CMakeFiles/anonsync_sqlite_projection_decoder.dir/src/persistence/sqlite_projection_decoder.cpp.o
[34/75] Building CXX object CMakeFiles/anonsync_peer_ingress_schema.dir/src/sync_peer_ingress_schema.cpp.o
[35/75] Building CXX object CMakeFiles/anonsync_peer_ingress_schema.dir/src/sync_peer_ingress_payload_store_schema.cpp.o
[36/75] Linking CXX static library libanonsync_sync_checkpoint_owner_fence_policy.a
[37/75] Linking CXX static library libanonsync_sync_checkpoint_owner_schema.a
[38/75] Building CXX object CMakeFiles/anonsync_sync_checkpoint_scheduler_policy.dir/src/sync_checkpoint_scheduler_policy.cpp.o
[39/75] Linking CXX static library libanonsync_sync_atomic_file_publication_state.a
[40/75] Building CXX object CMakeFiles/anonsync_sync_checkpoint_owner_fence.dir/src/sync_checkpoint_owner_fence.cpp.o
[41/75] Linking CXX static library libanonsync_ingress_sender_replay_record.a
[42/75] Linking CXX static library libanonsync_sqlite_replay_ledger_schema_contract.a
[43/75] Linking CXX static library libanonsync_sqlite_verification_budget.a
[44/75] Linking CXX static library libanonsync_sqlite_snapshot_seal.a
[45/75] Linking CXX static library libanonsync_peer_ingress_connection_profile.a
[46/75] Linking CXX static library libanonsync_sqlite_projection_decoder.a
[47/75] Linking CXX static library libanonsync_peer_ingress_schema.a
[48/75] Linking CXX static library libanonsync_sync_checkpoint_scheduler_policy.a
[49/75] Linking CXX static library libanonsync_sync_checkpoint_owner_fence.a
[50/75] Building CXX object CMakeFiles/anonsync_sync_atomic_file_publication.dir/src/sync_atomic_file_publication.cpp.o
[51/75] Linking CXX static library libanonsync_sync_atomic_file_publication.a
[52/75] Building CXX object CMakeFiles/anonsync_core_lib.dir/src/sync_checkpoint_scheduler.cpp.o
[53/75] Building CXX object CMakeFiles/anonsync_core_lib.dir/src/sync_peer_ingress_projection.cpp.o
[54/75] Building CXX object CMakeFiles/anonsync_core_lib.dir/src/sync_peer_ingress_lifecycle.cpp.o
[55/75] Building CXX object CMakeFiles/anonsync_core_lib.dir/src/sync_domain.cpp.o
[56/75] Building CXX object CMakeFiles/anonsync_core_lib.dir/src/sync_peer_ingress_wire.cpp.o
[57/75] Building CXX object CMakeFiles/anonsync_core_lib.dir/src/sync_peer_ingress_payload_store.cpp.o
[58/75] Building CXX object CMakeFiles/anonsync_core_lib.dir/src/sync_peer_wire_codec.cpp.o
[59/75] Building CXX object CMakeFiles/anonsync_core_lib.dir/src/sync_peer_ingress_retention.cpp.o
[60/75] Building CXX object CMakeFiles/anonsync_core_lib.dir/src/sync_peer_ingress_claim.cpp.o
[61/75] Building CXX object CMakeFiles/anonsync_core_lib.dir/src/sync_peer_ingress_reconciliation.cpp.o
[62/75] Building CXX object CMakeFiles/anonsync_core_lib.dir/src/sync_operator_cli.cpp.o
[63/75] Building CXX object CMakeFiles/anonsync_core_lib.dir/src/sync_peer_ingestion.cpp.o
[64/75] Building CXX object CMakeFiles/anonsync_core_lib.dir/src/sync_peer_local_transport.cpp.o
[65/75] Building CXX object CMakeFiles/anonsync_core_lib.dir/src/json_codec_crypto.cpp.o
[66/75] Building CXX object CMakeFiles/anonsync_core_lib.dir/src/contracts_policy_profiles.cpp.o
ninja: build stopped: interrupted by user.
