[1/32] Linking CXX static library libanonsync_sqlite_process_incarnation.a
[2/32] Linking C static library libanonsync_sqlite3.a
[3/32] Linking CXX static library libanonsync_sqlite_schema_identity.a
[4/32] Linking CXX static library libanonsync_sqlite_exact_value.a
[5/32] Linking CXX static library libanonsync_sqlite_runtime.a
[6/32] Linking CXX static library libanonsync_sqlite_path_security.a
[7/32] Linking CXX static library libanonsync_sqlite_snapshot_geometry.a
[8/32] Linking CXX static library libanonsync_canonical_projection_verifier.a
[9/32] Linking CXX static library libanonsync_sqlite_support.a
[10/32] Linking CXX static library libanonsync_sha256_digest.a
[11/32] Linking CXX static library libanonsync_sync_checkpoint_owner_fence_policy.a
[12/32] Linking CXX static library libanonsync_sync_atomic_file_publication_state.a
[13/32] Linking CXX static library libanonsync_sync_checkpoint_owner_schema.a
[14/32] Linking CXX static library libanonsync_ingress_sender_replay_record.a
[15/32] Linking CXX static library libanonsync_sqlite_replay_ledger_schema_contract.a
[16/32] Linking CXX static library libanonsync_sqlite_verification_budget.a
[17/32] Linking CXX static library libanonsync_peer_ingress_connection_profile.a
[18/32] Linking CXX static library libanonsync_sqlite_snapshot_seal.a
[19/32] Linking CXX static library libanonsync_sqlite_projection_decoder.a
[20/32] Linking CXX static library libanonsync_sync_checkpoint_scheduler_policy.a
[21/32] Linking CXX static library libanonsync_peer_ingress_schema.a
[22/32] Linking CXX static library libanonsync_sync_atomic_file_publication.a
[23/32] Linking CXX static library libanonsync_sync_checkpoint_owner_fence.a
[24/32] Building CXX object CMakeFiles/anonsync_core_lib.dir/src/replay_ledger.cpp.o
[25/32] Building CXX object CMakeFiles/anonsync_core_lib.dir/src/normalizer_envelopes.cpp.o
[26/32] Building CXX object CMakeFiles/anonsync_core_lib.dir/src/jwt_policy_decision.cpp.o
[27/32] Building CXX object CMakeFiles/anonsync_core_lib.dir/src/reporting.cpp.o
[28/32] Building CXX object CMakeFiles/anonsync_core_lib.dir/src/sqlite_replay_ledger.cpp.o
[29/32] Building CXX object CMakeFiles/anonsync_rev0821_restore_namespace_parent_probe.dir/tests/rev0821_restore_namespace_parent_probe.cpp.o
[30/32] Building CXX object CMakeFiles/anonsync_core_lib.dir/src/runner.cpp.o
[31/32] Linking CXX static library libanonsync_core_lib.a
[32/32] Linking CXX executable anonsync_rev0821_restore_namespace_parent_probe
