	Command being timed: "g++ -std=c++20 -O0 -g0 -fsanitize=address,undefined -fno-omit-frame-pointer -I /mnt/data/anon_rev0664_work/cpp/anonsync_core/include /mnt/data/anon_rev0664_work/cpp/anonsync_core/src/sync_domain.cpp /mnt/data/anon_rev0664_sync_domain_asan_stubs.cpp /mnt/data/anon_rev0664_sync_domain_asan_main.cpp -lcrypto -o /mnt/data/anon_rev0664_sync_domain_asan_selftest"
	User time (seconds): 12.81
	System time (seconds): 0.98
	Percent of CPU this job got: 92%
	Elapsed (wall clock) time (h:mm:ss or m:ss): 0:14.89
	Average shared text size (kbytes): 0
	Average unshared data size (kbytes): 0
	Average stack size (kbytes): 0
	Average total size (kbytes): 0
	Maximum resident set size (kbytes): 572144
	Average resident set size (kbytes): 0
	Major (requiring I/O) page faults: 0
	Minor (reclaiming a frame) page faults: 0
	Voluntary context switches: 0
	Involuntary context switches: 0
	Swaps: 0
	File system inputs: 0
	File system outputs: 0
	Socket messages sent: 0
	Socket messages received: 0
	Signals delivered: 0
	Page size (bytes): 4096
	Exit status: 0
