[  5%] Building CXX object CMakeFiles/anonsync_core_lib.dir/src/sync_domain.cpp.o
[ 11%] Building CXX object CMakeFiles/anonsync_core_lib.dir/src/json_codec_crypto.cpp.o
[ 16%] Building CXX object CMakeFiles/anonsync_core_lib.dir/src/contracts_policy_profiles.cpp.o
[ 22%] Building CXX object CMakeFiles/anonsync_core_lib.dir/src/normalizer_envelopes.cpp.o
[ 27%] Building CXX object CMakeFiles/anonsync_core_lib.dir/src/replay_ledger.cpp.o
[ 33%] Building CXX object CMakeFiles/anonsync_core_lib.dir/src/sqlite_replay_ledger.cpp.o
[ 38%] Building CXX object CMakeFiles/anonsync_core_lib.dir/src/jwt_policy_decision.cpp.o
[ 44%] Building CXX object CMakeFiles/anonsync_core_lib.dir/src/reporting_selftests.cpp.o
[ 50%] Building CXX object CMakeFiles/anonsync_core_lib.dir/src/runner.cpp.o
[ 55%] Linking CXX static library libanonsync_core_lib.a
[ 55%] Built target anonsync_core_lib
[ 61%] Building CXX object CMakeFiles/anonsync_fuzz_json_codec.dir/fuzz/fuzz_json_codec.cpp.o
[ 66%] Building CXX object CMakeFiles/anonsync_core.dir/src/anonsync_core.cpp.o
[ 72%] Linking CXX executable anonsync_fuzz_json_codec
[ 77%] Linking CXX executable anonsync_core
[ 77%] Built target anonsync_fuzz_json_codec
[ 83%] Building CXX object CMakeFiles/anonsync_fuzz_jwt_codec.dir/fuzz/fuzz_jwt_codec.cpp.o
[ 83%] Built target anonsync_core
[ 88%] Building CXX object CMakeFiles/anonsync_fuzz_route_event_ledger.dir/fuzz/fuzz_route_event_ledger.cpp.o
[ 94%] Linking CXX executable anonsync_fuzz_jwt_codec
[100%] Linking CXX executable anonsync_fuzz_route_event_ledger
[100%] Built target anonsync_fuzz_jwt_codec
[100%] Built target anonsync_fuzz_route_event_ledger
