[  5%] Building CXX object CMakeFiles/anonsync_core_lib.dir/src/normalizer_envelopes.cpp.o
[ 11%] Building CXX object CMakeFiles/anonsync_core_lib.dir/src/contracts_policy_profiles.cpp.o
[ 17%] Building CXX object CMakeFiles/anonsync_core_lib.dir/src/replay_ledger.cpp.o
[ 23%] Building CXX object CMakeFiles/anonsync_core_lib.dir/src/json_codec_crypto.cpp.o
[ 29%] Building CXX object CMakeFiles/anonsync_core_lib.dir/src/sqlite_replay_ledger.cpp.o
[ 35%] Building CXX object CMakeFiles/anonsync_core_lib.dir/src/jwt_policy_decision.cpp.o
[ 41%] Building CXX object CMakeFiles/anonsync_core_lib.dir/src/reporting_selftests.cpp.o
[ 47%] Building CXX object CMakeFiles/anonsync_core_lib.dir/src/runner.cpp.o
[ 52%] Linking CXX static library libanonsync_core_lib.a
[ 52%] Built target anonsync_core_lib
[ 70%] Building CXX object CMakeFiles/anonsync_fuzz_json_codec.dir/fuzz/fuzz_json_codec.cpp.o
[ 70%] Building CXX object CMakeFiles/anonsync_fuzz_route_event_ledger.dir/fuzz/fuzz_route_event_ledger.cpp.o
[ 70%] Building CXX object CMakeFiles/anonsync_fuzz_jwt_codec.dir/fuzz/fuzz_jwt_codec.cpp.o
[ 76%] Building CXX object CMakeFiles/anonsync_core.dir/src/anonsync_core.cpp.o
[ 82%] Linking CXX executable anonsync_fuzz_jwt_codec
[ 88%] Linking CXX executable anonsync_fuzz_json_codec
[ 94%] Linking CXX executable anonsync_fuzz_route_event_ledger
[100%] Linking CXX executable anonsync_core
[100%] Built target anonsync_fuzz_route_event_ledger
[100%] Built target anonsync_fuzz_jwt_codec
[100%] Built target anonsync_fuzz_json_codec
[100%] Built target anonsync_core
[ 52%] Built target anonsync_core_lib
[ 88%] Built target anonsync_core
[ 88%] Built target anonsync_fuzz_json_codec
[ 88%] Built target anonsync_fuzz_route_event_ledger
[100%] Built target anonsync_fuzz_jwt_codec
