{
  "check_count": 18,
  "checks": [
    {
      "check_id": "zip_member_names_are_unique",
      "detail": "duplicates=[]",
      "passed": true
    },
    {
      "check_id": "zip_paths_are_safe",
      "detail": "unsafe=[]",
      "passed": true
    },
    {
      "check_id": "zip_contains_no_symlinks",
      "detail": "symlinks=[]",
      "passed": true
    },
    {
      "check_id": "zip_has_one_anonsync_root",
      "detail": "roots=['AnonSync-rev0810-2026.07.17.12.30-stickyowner-resetfence-privatepermit-transactionaudit']",
      "passed": false
    },
    {
      "check_id": "required_files_present",
      "detail": "missing: CMakeLists.txt, MANIFEST.sha256, README.md, RELEASE_GATE.json, include/anonsync_core.hpp, src/persistence/sqlite_snapshot_seal.cpp, src/persistence/sqlite_snapshot_seal.hpp, src/persistence/sqlite_verification_budget.cpp, src/persistence/sqlite_verification_budget.hpp, src/sha256_digest.cpp, src/sha256_digest.hpp, src/sqlite_path_security.cpp, src/sqlite_path_security.hpp, src/sqlite_replay_ledger.cpp, src/sync_peer_ingress_payload_store_schema.cpp, src/sync_peer_ingress_schema.cpp, src/sync_peer_ingress_schema.hpp, src/sync_sqlite_handle_slot.cpp, src/sync_sqlite_handle_slot.hpp, src/sync_sqlite_process_incarnation.cpp, src/sync_sqlite_process_incarnation.hpp, src/sync_sqlite_process_incarnation_internal.hpp, src/sync_sqlite_support.cpp, tests/peer_ingress_schema_attestation_test.cpp, tests/persistence/sqlite_persistence_process_authority_fork_test.cpp, tests/sqlite_process_authority_fork_test.cpp, tests/sqlite_process_incarnation_tests.cpp, tests/sqlite_source_first_move_test.cpp, tools/audit_peer_ingress_schema_owner_generation.py, tools/audit_sqlite_process_authority.py, tools/audit_sqlite_source_first_move.py, tools/verify_release_package.py",
      "passed": false
    },
    {
      "check_id": "full_source_tree_present",
      "detail": "production implementation files=0 (minimum 20)",
      "passed": false
    },
    {
      "check_id": "full_header_tree_present",
      "detail": "production header files=0 (minimum 10)",
      "passed": false
    },
    {
      "check_id": "full_test_tree_present",
      "detail": "test implementation files=0 (minimum 10)",
      "passed": false
    },
    {
      "check_id": "generated_and_binary_artifacts_absent",
      "detail": "no VCS metadata, build trees, object files, binaries, or Python cache files",
      "passed": true
    },
    {
      "check_id": "release_gate_is_json_object",
      "detail": "RELEASE_GATE.json parse failed: \"There is no item named 'AnonSync/RELEASE_GATE.json' in the archive\"",
      "passed": false
    },
    {
      "check_id": "release_gate_revision_is_canonical",
      "detail": "revision=''",
      "passed": false
    },
    {
      "check_id": "release_gate_revision_matches_expected",
      "detail": "expected=rev0810 actual=",
      "passed": false
    },
    {
      "check_id": "required_release_gate_passed",
      "detail": "the package may not publish a failed or absent required gate",
      "passed": false
    },
    {
      "check_id": "every_required_gate_entry_is_true",
      "detail": "all named required release conditions must be true",
      "passed": false
    },
    {
      "check_id": "manifest_parses",
      "detail": "\"There is no item named 'AnonSync/MANIFEST.sha256' in the archive\"",
      "passed": false
    },
    {
      "check_id": "manifest_has_exact_file_set",
      "detail": "missing=[] extra=[]",
      "passed": true
    },
    {
      "check_id": "manifest_hashes_verify",
      "detail": "every manifested file matches its SHA-256",
      "passed": true
    },
    {
      "check_id": "zip_crc_integrity_passes",
      "detail": "bad_member=None",
      "passed": true
    }
  ],
  "file_count": 0,
  "forbidden_entries": [],
  "format": "anonsync-release-package-verification-v1",
  "kind": "zip",
  "manifest_entry_count": 0,
  "passed": false,
  "passed_check_count": 7,
  "path": "/mnt/data/AnonSync-rev0810-2026.07.17.12.30-stickyowner-resetfence-privatepermit-transactionaudit.zip",
  "revision": "",
  "source_cpp_count": 0,
  "source_header_count": 0,
  "test_cpp_count": 0
}
