Test project /mnt/data/build-rev0856
      Start 37: anonsync_sync_conflict_convergence_source_audit
 1/22 Test #37: anonsync_sync_conflict_convergence_source_audit ..................   Passed    0.10 sec
      Start 38: anonsync_sync_daemon_heartbeat_document_source_audit
 2/22 Test #38: anonsync_sync_daemon_heartbeat_document_source_audit .............   Passed    1.34 sec
      Start 39: anonsync_process_identity_observation_source_audit
 3/22 Test #39: anonsync_process_identity_observation_source_audit ...............   Passed    1.56 sec
      Start 40: anonsync_sync_bounded_regular_file_source_audit
 4/22 Test #40: anonsync_sync_bounded_regular_file_source_audit ..................   Passed    1.54 sec
      Start 41: anonsync_peer_ingress_connection_profile_source_audit
 5/22 Test #41: anonsync_peer_ingress_connection_profile_source_audit ............   Passed    1.38 sec
      Start 42: anonsync_sqlite_scalar_extraction_source_audit
 6/22 Test #42: anonsync_sqlite_scalar_extraction_source_audit ...................   Passed    2.26 sec
      Start 43: anonsync_ingress_sender_replay_integrity_source_audit
 7/22 Test #43: anonsync_ingress_sender_replay_integrity_source_audit ............   Passed    1.29 sec
      Start 44: anonsync_sqlite_replay_ledger_schema_contract_source_audit
 8/22 Test #44: anonsync_sqlite_replay_ledger_schema_contract_source_audit .......   Passed    1.29 sec
      Start 45: anonsync_sqlite_snapshot_seal_source_audit
 9/22 Test #45: anonsync_sqlite_snapshot_seal_source_audit .......................   Passed    1.48 sec
      Start 46: anonsync_sqlite_snapshot_geometry_source_audit
10/22 Test #46: anonsync_sqlite_snapshot_geometry_source_audit ...................   Passed    1.42 sec
      Start 47: anonsync_sqlite_live_backup_source_audit
11/22 Test #47: anonsync_sqlite_live_backup_source_audit .........................   Passed    1.23 sec
      Start 48: anonsync_sqlite_verification_budget_source_audit
12/22 Test #48: anonsync_sqlite_verification_budget_source_audit .................   Passed    1.26 sec
      Start 49: anonsync_sqlite_busy_handler_owner_source_audit
13/22 Test #49: anonsync_sqlite_busy_handler_owner_source_audit ..................   Passed    1.46 sec
      Start 50: anonsync_sqlite_authorizer_owner_source_audit
14/22 Test #50: anonsync_sqlite_authorizer_owner_source_audit ....................   Passed    2.03 sec
      Start 51: anonsync_sync_process_incarnation_source_audit
15/22 Test #51: anonsync_sync_process_incarnation_source_audit ...................   Passed    1.30 sec
      Start 52: anonsync_sync_thread_incarnation_source_audit
16/22 Test #52: anonsync_sync_thread_incarnation_source_audit ....................   Passed    1.26 sec
      Start 53: anonsync_sqlite_process_authority_source_audit
17/22 Test #53: anonsync_sqlite_process_authority_source_audit ...................   Passed    1.60 sec
      Start 54: anonsync_sqlite_mutex_capability_source_audit
18/22 Test #54: anonsync_sqlite_mutex_capability_source_audit ....................   Passed    1.30 sec
      Start 55: anonsync_sqlite_owner_generation_source_audit
19/22 Test #55: anonsync_sqlite_owner_generation_source_audit ....................   Passed    1.58 sec
      Start 56: anonsync_sqlite_transaction_stack_authority_source_audit
20/22 Test #56: anonsync_sqlite_transaction_stack_authority_source_audit .........   Passed    1.25 sec
      Start 57: anonsync_sqlite_transaction_exception_composition_source_audit
21/22 Test #57: anonsync_sqlite_transaction_exception_composition_source_audit ...   Passed    1.25 sec
      Start 58: anonsync_sqlite_transaction_allocator_fault_source_audit
