===== TEST 1 BEGIN =====
Internal ctest changing into directory: /mnt/data/anonsync_rev0632_asan
Test project /mnt/data/anonsync_rev0632_asan
    Start 1: anonsync_core_help
1/1 Test #1: anonsync_core_help ...............   Passed    0.12 sec

100% tests passed, 0 tests failed out of 1

Total Test time (real) =   0.13 sec
===== TEST 1 END rc=0 =====
===== TEST 2 BEGIN =====
Internal ctest changing into directory: /mnt/data/anonsync_rev0632_asan
Test project /mnt/data/anonsync_rev0632_asan
    Start 2: anonsync_core_json_parser_boundary_selftest
1/1 Test #2: anonsync_core_json_parser_boundary_selftest ...   Passed    0.13 sec

100% tests passed, 0 tests failed out of 1

Total Test time (real) =   0.13 sec
===== TEST 2 END rc=0 =====
===== TEST 3 BEGIN =====
Internal ctest changing into directory: /mnt/data/anonsync_rev0632_asan
Test project /mnt/data/anonsync_rev0632_asan
    Start 3: anonsync_core_sqlite_wal_verified_claims_selftest
1/1 Test #3: anonsync_core_sqlite_wal_verified_claims_selftest ...   Passed    0.22 sec

100% tests passed, 0 tests failed out of 1

Total Test time (real) =   0.23 sec
===== TEST 3 END rc=0 =====
===== TEST 4 BEGIN =====
Internal ctest changing into directory: /mnt/data/anonsync_rev0632_asan
Test project /mnt/data/anonsync_rev0632_asan
    Start 4: anonsync_core_event_identity_replay_selftest
1/1 Test #4: anonsync_core_event_identity_replay_selftest ...   Passed    0.17 sec

100% tests passed, 0 tests failed out of 1

Total Test time (real) =   0.17 sec
===== TEST 4 END rc=0 =====
===== TEST 5 BEGIN =====
Internal ctest changing into directory: /mnt/data/anonsync_rev0632_asan
Test project /mnt/data/anonsync_rev0632_asan
    Start 5: anonsync_core_effect_idempotency_selftest
1/1 Test #5: anonsync_core_effect_idempotency_selftest ...   Passed    0.17 sec

100% tests passed, 0 tests failed out of 1

Total Test time (real) =   0.18 sec
===== TEST 5 END rc=0 =====
===== TEST 6 BEGIN =====
Internal ctest changing into directory: /mnt/data/anonsync_rev0632_asan
Test project /mnt/data/anonsync_rev0632_asan
    Start 6: anonsync_core_sqlite_effect_transition_selftest
1/1 Test #6: anonsync_core_sqlite_effect_transition_selftest ...   Passed    0.32 sec

100% tests passed, 0 tests failed out of 1

Total Test time (real) =   0.33 sec
===== TEST 6 END rc=0 =====
===== TEST 7 BEGIN =====
Internal ctest changing into directory: /mnt/data/anonsync_rev0632_asan
Test project /mnt/data/anonsync_rev0632_asan
    Start 7: anonsync_core_sqlite_effect_pending_recovery_selftest
1/1 Test #7: anonsync_core_sqlite_effect_pending_recovery_selftest ...   Passed    0.38 sec

100% tests passed, 0 tests failed out of 1

Total Test time (real) =   0.39 sec
===== TEST 7 END rc=0 =====
===== TEST 8 BEGIN =====
Internal ctest changing into directory: /mnt/data/anonsync_rev0632_asan
Test project /mnt/data/anonsync_rev0632_asan
    Start 8: anonsync_core_sqlite_effect_signed_transition_selftest
1/1 Test #8: anonsync_core_sqlite_effect_signed_transition_selftest ...   Passed    0.24 sec

100% tests passed, 0 tests failed out of 1

Total Test time (real) =   0.25 sec
===== TEST 8 END rc=0 =====
===== TEST 9 BEGIN =====
Internal ctest changing into directory: /mnt/data/anonsync_rev0632_asan
Test project /mnt/data/anonsync_rev0632_asan
    Start 9: anonsync_core_backend_capability_exact_version_selftest
1/1 Test #9: anonsync_core_backend_capability_exact_version_selftest ...   Passed    0.16 sec

100% tests passed, 0 tests failed out of 1

Total Test time (real) =   0.16 sec
===== TEST 9 END rc=0 =====
===== TEST 10 BEGIN =====
Internal ctest changing into directory: /mnt/data/anonsync_rev0632_asan
Test project /mnt/data/anonsync_rev0632_asan
    Start 10: anonsync_core_jwt_codec_fuzz_selftest
1/1 Test #10: anonsync_core_jwt_codec_fuzz_selftest ...   Passed    0.12 sec

100% tests passed, 0 tests failed out of 1

Total Test time (real) =   0.13 sec
===== TEST 10 END rc=0 =====
===== TEST 11 BEGIN =====
Internal ctest changing into directory: /mnt/data/anonsync_rev0632_asan
Test project /mnt/data/anonsync_rev0632_asan
    Start 11: anonsync_core_route_event_ledger_fuzz_selftest
1/1 Test #11: anonsync_core_route_event_ledger_fuzz_selftest ...   Passed    0.16 sec

100% tests passed, 0 tests failed out of 1

Total Test time (real) =   0.16 sec
===== TEST 11 END rc=0 =====
===== TEST 12 BEGIN =====
Internal ctest changing into directory: /mnt/data/anonsync_rev0632_asan
Test project /mnt/data/anonsync_rev0632_asan
    Start 12: anonsync_core_sqlite_snapshot_corpus_selftest
1/1 Test #12: anonsync_core_sqlite_snapshot_corpus_selftest ...   Passed    0.30 sec

100% tests passed, 0 tests failed out of 1

Total Test time (real) =   0.31 sec
===== TEST 12 END rc=0 =====
===== TEST 13 BEGIN =====
Internal ctest changing into directory: /mnt/data/anonsync_rev0632_asan
Test project /mnt/data/anonsync_rev0632_asan
    Start 13: anonsync_core_sqlite_restore_corpus_selftest
1/1 Test #13: anonsync_core_sqlite_restore_corpus_selftest ...   Passed    0.32 sec

100% tests passed, 0 tests failed out of 1

Total Test time (real) =   0.32 sec
===== TEST 13 END rc=0 =====
===== TEST 14 BEGIN =====
Internal ctest changing into directory: /mnt/data/anonsync_rev0632_asan
Test project /mnt/data/anonsync_rev0632_asan
    Start 14: anonsync_core_snapshot_manifest_verifier_selftest
1/1 Test #14: anonsync_core_snapshot_manifest_verifier_selftest ...   Passed    0.34 sec

100% tests passed, 0 tests failed out of 1

Total Test time (real) =   0.34 sec
===== TEST 14 END rc=0 =====
===== TEST 15 BEGIN =====
Internal ctest changing into directory: /mnt/data/anonsync_rev0632_asan
Test project /mnt/data/anonsync_rev0632_asan
    Start 15: anonsync_core_sqlite_restore_rollback_guard_selftest
1/1 Test #15: anonsync_core_sqlite_restore_rollback_guard_selftest ...   Passed    0.40 sec

100% tests passed, 0 tests failed out of 1

Total Test time (real) =   0.41 sec
===== TEST 15 END rc=0 =====
===== TEST 16 BEGIN =====
Internal ctest changing into directory: /mnt/data/anonsync_rev0632_asan
Test project /mnt/data/anonsync_rev0632_asan
    Start 16: anonsync_core_sqlite_restore_atomicity_selftest
1/1 Test #16: anonsync_core_sqlite_restore_atomicity_selftest ...   Passed    0.53 sec

100% tests passed, 0 tests failed out of 1

Total Test time (real) =   0.54 sec
===== TEST 16 END rc=0 =====
===== TEST 17 BEGIN =====
Internal ctest changing into directory: /mnt/data/anonsync_rev0632_asan
Test project /mnt/data/anonsync_rev0632_asan
    Start 17: anonsync_core_sqlite_restore_locking_selftest
1/1 Test #17: anonsync_core_sqlite_restore_locking_selftest ...   Passed    2.33 sec

100% tests passed, 0 tests failed out of 1

Total Test time (real) =   2.34 sec
===== TEST 17 END rc=0 =====
===== TEST 18 BEGIN =====
Internal ctest changing into directory: /mnt/data/anonsync_rev0632_asan
Test project /mnt/data/anonsync_rev0632_asan
    Start 18: anonsync_core_sqlite_restore_manifest_binding_selftest
1/1 Test #18: anonsync_core_sqlite_restore_manifest_binding_selftest ...   Passed    0.38 sec

100% tests passed, 0 tests failed out of 1

Total Test time (real) =   0.38 sec
===== TEST 18 END rc=0 =====
===== TEST 19 BEGIN =====
Internal ctest changing into directory: /mnt/data/anonsync_rev0632_asan
Test project /mnt/data/anonsync_rev0632_asan
    Start 19: anonsync_core_sqlite_restore_write_gate_selftest
1/1 Test #19: anonsync_core_sqlite_restore_write_gate_selftest ...   Passed    2.34 sec

100% tests passed, 0 tests failed out of 1

Total Test time (real) =   2.35 sec
===== TEST 19 END rc=0 =====
===== TEST 20 BEGIN =====
Internal ctest changing into directory: /mnt/data/anonsync_rev0632_asan
Test project /mnt/data/anonsync_rev0632_asan
    Start 20: anonsync_core_sqlite_restore_prefix_continuity_selftest
1/1 Test #20: anonsync_core_sqlite_restore_prefix_continuity_selftest ...   Passed    0.48 sec

100% tests passed, 0 tests failed out of 1

Total Test time (real) =   0.49 sec
===== TEST 20 END rc=0 =====
===== TEST 21 BEGIN =====
Internal ctest changing into directory: /mnt/data/anonsync_rev0632_asan
Test project /mnt/data/anonsync_rev0632_asan
    Start 21: anonsync_core_sqlite_readonly_snapshot_verifier_selftest
1/1 Test #21: anonsync_core_sqlite_readonly_snapshot_verifier_selftest ...   Passed    0.20 sec

100% tests passed, 0 tests failed out of 1

Total Test time (real) =   0.21 sec
===== TEST 21 END rc=0 =====
===== TEST 22 BEGIN =====
Internal ctest changing into directory: /mnt/data/anonsync_rev0632_asan
Test project /mnt/data/anonsync_rev0632_asan
    Start 22: anonsync_core_rev0632_slim_sqlite_stream
1/1 Test #22: anonsync_core_rev0632_slim_sqlite_stream ...   Passed    2.27 sec

100% tests passed, 0 tests failed out of 1

Total Test time (real) =   2.28 sec
===== TEST 22 END rc=0 =====
SUMMARY pass=22 fail=0 total=22
